Archive member included to satisfy reference by file (symbol)

/opt/gcc-arm-none-eabi-6_2-2016q4/bin/../lib/gcc/arm-none-eabi/6.2.1/thumb/v7-m/libgcc.a(_arm_addsubdf3.o)
                              build/kernel/components/libc/compilers/minilibc/math.o (__aeabi_dsub)
/opt/gcc-arm-none-eabi-6_2-2016q4/bin/../lib/gcc/arm-none-eabi/6.2.1/thumb/v7-m/libgcc.a(_arm_muldivdf3.o)
                              build/kernel/components/libc/compilers/minilibc/math.o (__aeabi_dmul)
/opt/gcc-arm-none-eabi-6_2-2016q4/bin/../lib/gcc/arm-none-eabi/6.2.1/thumb/v7-m/libgcc.a(_arm_fixdfsi.o)
                              build/kernel/components/libc/compilers/minilibc/math.o (__aeabi_d2iz)
/opt/gcc-arm-none-eabi-6_2-2016q4/bin/../lib/gcc/arm-none-eabi/6.2.1/../../../../arm-none-eabi/lib/thumb/v7-m/libc.a(lib_a-exit.o)
                              /opt/gcc-arm-none-eabi-6_2-2016q4/bin/../lib/gcc/arm-none-eabi/6.2.1/../../../../arm-none-eabi/lib/thumb/v7-m/crt0.o (exit)
/opt/gcc-arm-none-eabi-6_2-2016q4/bin/../lib/gcc/arm-none-eabi/6.2.1/../../../../arm-none-eabi/lib/thumb/v7-m/libc.a(lib_a-impure.o)
                              /opt/gcc-arm-none-eabi-6_2-2016q4/bin/../lib/gcc/arm-none-eabi/6.2.1/../../../../arm-none-eabi/lib/thumb/v7-m/libc.a(lib_a-exit.o) (_global_impure_ptr)
/opt/gcc-arm-none-eabi-6_2-2016q4/bin/../lib/gcc/arm-none-eabi/6.2.1/../../../../arm-none-eabi/lib/thumb/v7-m/libc.a(lib_a-init.o)
                              /opt/gcc-arm-none-eabi-6_2-2016q4/bin/../lib/gcc/arm-none-eabi/6.2.1/../../../../arm-none-eabi/lib/thumb/v7-m/crt0.o (__libc_init_array)
/opt/gcc-arm-none-eabi-6_2-2016q4/bin/../lib/gcc/arm-none-eabi/6.2.1/../../../../arm-none-eabi/lib/thumb/v7-m/libc.a(lib_a-__call_atexit.o)
                              /opt/gcc-arm-none-eabi-6_2-2016q4/bin/../lib/gcc/arm-none-eabi/6.2.1/../../../../arm-none-eabi/lib/thumb/v7-m/libc.a(lib_a-exit.o) (__call_exitprocs)
/opt/gcc-arm-none-eabi-6_2-2016q4/bin/../lib/gcc/arm-none-eabi/6.2.1/../../../../arm-none-eabi/lib/thumb/v7-m/libc.a(lib_a-atexit.o)
                              /opt/gcc-arm-none-eabi-6_2-2016q4/bin/../lib/gcc/arm-none-eabi/6.2.1/../../../../arm-none-eabi/lib/thumb/v7-m/libc.a(lib_a-__call_atexit.o) (atexit)
/opt/gcc-arm-none-eabi-6_2-2016q4/bin/../lib/gcc/arm-none-eabi/6.2.1/../../../../arm-none-eabi/lib/thumb/v7-m/libc.a(lib_a-fini.o)
                              /opt/gcc-arm-none-eabi-6_2-2016q4/bin/../lib/gcc/arm-none-eabi/6.2.1/../../../../arm-none-eabi/lib/thumb/v7-m/libc.a(lib_a-__call_atexit.o) (__libc_fini_array)
/opt/gcc-arm-none-eabi-6_2-2016q4/bin/../lib/gcc/arm-none-eabi/6.2.1/../../../../arm-none-eabi/lib/thumb/v7-m/libc.a(lib_a-__atexit.o)
                              /opt/gcc-arm-none-eabi-6_2-2016q4/bin/../lib/gcc/arm-none-eabi/6.2.1/../../../../arm-none-eabi/lib/thumb/v7-m/libc.a(lib_a-atexit.o) (__register_exitproc)

Allocating common symbols
Common symbol       size              file

rt_interrupt_to_thread
                    0x4               build/kernel/libcpu/arm/cortex-m3/cpuport.o
rt_interrupt_from_thread
                    0x4               build/kernel/libcpu/arm/cortex-m3/cpuport.o
shell               0x4               build/kernel/components/finsh/shell.o
rt_thread_switch_interrupt_flag
                    0x4               build/kernel/libcpu/arm/cortex-m3/cpuport.o
rt_thread_priority_table
                    0x100             build/kernel/src/scheduler.o
rt_object_put_hook  0x4               build/kernel/src/object.o
rt_current_priority
                    0x1               build/kernel/src/scheduler.o
rt_assert_hook      0x4               build/kernel/src/kservice.o
rt_interrupt_nest   0x1               build/kernel/src/irq.o
rt_object_take_hook
                    0x4               build/kernel/src/object.o
rt_current_thread   0x4               build/kernel/src/scheduler.o
rt_thread_ready_priority_group
                    0x4               build/kernel/src/scheduler.o
rt_thread_defunct   0x8               build/kernel/src/scheduler.o
rt_object_trytake_hook
                    0x4               build/kernel/src/object.o

Discarded input sections

 .text          0x0000000000000000        0x0 /opt/gcc-arm-none-eabi-6_2-2016q4/bin/../lib/gcc/arm-none-eabi/6.2.1/thumb/v7-m/crti.o
 .data          0x0000000000000000        0x0 /opt/gcc-arm-none-eabi-6_2-2016q4/bin/../lib/gcc/arm-none-eabi/6.2.1/thumb/v7-m/crti.o
 .bss           0x0000000000000000        0x0 /opt/gcc-arm-none-eabi-6_2-2016q4/bin/../lib/gcc/arm-none-eabi/6.2.1/thumb/v7-m/crti.o
 .data          0x0000000000000000        0x4 /opt/gcc-arm-none-eabi-6_2-2016q4/bin/../lib/gcc/arm-none-eabi/6.2.1/thumb/v7-m/crtbegin.o
 .text          0x0000000000000000       0x74 /opt/gcc-arm-none-eabi-6_2-2016q4/bin/../lib/gcc/arm-none-eabi/6.2.1/../../../../arm-none-eabi/lib/thumb/v7-m/crt0.o
 .data          0x0000000000000000        0x0 /opt/gcc-arm-none-eabi-6_2-2016q4/bin/../lib/gcc/arm-none-eabi/6.2.1/../../../../arm-none-eabi/lib/thumb/v7-m/crt0.o
[...]
Memory Configuration

Name             Origin             Length             Attributes
RAM              0x0000000020000000 0x000000000000c000 xrw
FLASH            0x0000000008000000 0x0000000000040000 xr
*default*        0x0000000000000000 0xffffffffffffffff

Linker script and memory map

LOAD /opt/gcc-arm-none-eabi-6_2-2016q4/bin/../lib/gcc/arm-none-eabi/6.2.1/thumb/v7-m/crti.o
LOAD /opt/gcc-arm-none-eabi-6_2-2016q4/bin/../lib/gcc/arm-none-eabi/6.2.1/thumb/v7-m/crtbegin.o
LOAD /opt/gcc-arm-none-eabi-6_2-2016q4/bin/../lib/gcc/arm-none-eabi/6.2.1/../../../../arm-none-eabi/lib/thumb/v7-m/crt0.o
LOAD build/applications/main.o
LOAD build/board/board.o
LOAD build/Libraries/GD32F10x_standard_peripheral/Source/gd32f10x_adc.o
LOAD build/Libraries/GD32F10x_standard_peripheral/Source/gd32f10x_bkp.o
LOAD build/Libraries/GD32F10x_standard_peripheral/Source/gd32f10x_can.o
LOAD build/Libraries/GD32F10x_standard_peripheral/Source/gd32f10x_crc.o
LOAD build/Libraries/GD32F10x_standard_peripheral/Source/gd32f10x_dac.o
LOAD build/Libraries/GD32F10x_standard_peripheral/Source/gd32f10x_dbg.o
LOAD build/Libraries/GD32F10x_standard_peripheral/Source/gd32f10x_dma.o
LOAD build/Libraries/GD32F10x_standard_peripheral/Source/gd32f10x_enet.o
LOAD build/Libraries/GD32F10x_standard_peripheral/Source/gd32f10x_exmc.o
LOAD build/Libraries/GD32F10x_standard_peripheral/Source/gd32f10x_exti.o
LOAD build/Libraries/GD32F10x_standard_peripheral/Source/gd32f10x_fmc.o
LOAD build/Libraries/GD32F10x_standard_peripheral/Source/gd32f10x_fwdgt.o
LOAD build/Libraries/GD32F10x_standard_peripheral/Source/gd32f10x_gpio.o
LOAD build/Libraries/GD32F10x_standard_peripheral/Source/gd32f10x_i2c.o
LOAD build/Libraries/GD32F10x_standard_peripheral/Source/gd32f10x_misc.o
LOAD build/Libraries/GD32F10x_standard_peripheral/Source/gd32f10x_pmu.o
LOAD build/Libraries/GD32F10x_standard_peripheral/Source/gd32f10x_rcu.o
LOAD build/Libraries/GD32F10x_standard_peripheral/Source/gd32f10x_rtc.o
LOAD build/Libraries/GD32F10x_standard_peripheral/Source/gd32f10x_sdio.o
LOAD build/Libraries/GD32F10x_standard_peripheral/Source/gd32f10x_spi.o
LOAD build/Libraries/GD32F10x_standard_peripheral/Source/gd32f10x_timer.o
LOAD build/Libraries/GD32F10x_standard_peripheral/Source/gd32f10x_usart.o
LOAD build/Libraries/GD32F10x_standard_peripheral/Source/gd32f10x_wwdgt.o
LOAD Libraries/CMSIS/GD/GD32F10x/Source/system_gd32f10x.o
LOAD Libraries/CMSIS/GD/GD32F10x/Source/GCC/startup_gd32f10x_hd.o
LOAD build/kernel/src/clock.o
LOAD build/kernel/src/components.o
LOAD build/kernel/src/device.o
LOAD build/kernel/src/idle.o
LOAD build/kernel/src/ipc.o
LOAD build/kernel/src/irq.o
LOAD build/kernel/src/kservice.o
LOAD build/kernel/src/mem.o
LOAD build/kernel/src/mempool.o
LOAD build/kernel/src/object.o
LOAD build/kernel/src/scheduler.o
LOAD build/kernel/src/signal.o
LOAD build/kernel/src/thread.o
LOAD build/kernel/src/timer.o
LOAD build/kernel/libcpu/arm/cortex-m3/cpuport.o
LOAD build/kernel/libcpu/arm/cortex-m3/context_gcc.o
LOAD build/kernel/libcpu/arm/common/backtrace.o
LOAD build/kernel/libcpu/arm/common/div0.o
LOAD build/kernel/libcpu/arm/common/showmem.o
LOAD build/kernel/components/drivers/misc/pin.o
LOAD build/kernel/components/drivers/serial/serial.o
LOAD build/kernel/components/drivers/src/completion.o
LOAD build/kernel/components/drivers/src/dataqueue.o
LOAD build/kernel/components/drivers/src/pipe.o
LOAD build/kernel/components/drivers/src/ringblk_buf.o
LOAD build/kernel/components/drivers/src/ringbuffer.o
LOAD build/kernel/components/drivers/src/waitqueue.o
LOAD build/kernel/components/drivers/src/workqueue.o
LOAD build/kernel/components/finsh/shell.o
LOAD build/kernel/components/finsh/cmd.o
LOAD build/kernel/components/finsh/msh.o
LOAD build/kernel/components/libc/compilers/minilibc/ctype.o
LOAD build/kernel/components/libc/compilers/minilibc/math.o
LOAD build/kernel/components/libc/compilers/minilibc/qsort.o
LOAD build/kernel/components/libc/compilers/minilibc/rand.o
LOAD build/kernel/components/libc/compilers/minilibc/stdlib.o
LOAD build/kernel/components/libc/compilers/minilibc/string.o
LOAD build/kernel/components/libc/compilers/minilibc/time.o
START GROUP
LOAD /opt/gcc-arm-none-eabi-6_2-2016q4/bin/../lib/gcc/arm-none-eabi/6.2.1/thumb/v7-m/libgcc.a
LOAD /opt/gcc-arm-none-eabi-6_2-2016q4/bin/../lib/gcc/arm-none-eabi/6.2.1/../../../../arm-none-eabi/lib/thumb/v7-m/libc.a
END GROUP
LOAD /opt/gcc-arm-none-eabi-6_2-2016q4/bin/../lib/gcc/arm-none-eabi/6.2.1/thumb/v7-m/crtend.o
LOAD /opt/gcc-arm-none-eabi-6_2-2016q4/bin/../lib/gcc/arm-none-eabi/6.2.1/thumb/v7-m/crtn.o
                0x000000002000c000                _estack = 0x2000c000
                0x0000000000000200                _Min_Heap_Size = 0x200
                0x0000000000000400                _Min_Stack_Size = 0x400

.isr_vector     0x0000000008000000      0x130
                0x0000000008000000                . = ALIGN (0x4)
 *(.isr_vector)
 .isr_vector    0x0000000008000000      0x130 Libraries/CMSIS/GD/GD32F10x/Source/GCC/startup_gd32f10x_hd.o
                0x0000000008000000                g_pfnVectors
                0x0000000008000130                . = ALIGN (0x4)

.text           0x0000000008000130     0x3f7c
                0x0000000008000130                . = ALIGN (0x4)
 *(.text)
 .text          0x0000000008000130       0x6c /opt/gcc-arm-none-eabi-6_2-2016q4/bin/../lib/gcc/arm-none-eabi/6.2.1/thumb/v7-m/crtbegin.o
 .text          0x000000000800019c      0x100 build/kernel/libcpu/arm/cortex-m3/context_gcc.o
                0x000000000800019c                rt_hw_interrupt_disable
                0x00000000080001a4                rt_hw_interrupt_enable
                0x00000000080001aa                rt_hw_context_switch_interrupt
                0x00000000080001aa                rt_hw_context_switch
                0x00000000080001ca                PendSV_Handler
                0x0000000008000206                rt_hw_context_switch_to
                0x0000000008000242                rt_hw_interrupt_thread_switch
                0x0000000008000246                HardFault_Handler
                0x000000000800027c                rt_hw_interrupt_check
 *(.text*)
 .text.main     0x000000000800029c       0x80 build/applications/main.o
                0x000000000800029c                main
 .text._SysTick_Config
                0x000000000800031c       0x4c build/board/board.o
 .text.rt_heap_begin_get
                0x0000000008000368       0x14 build/board/board.o
                0x0000000008000368                rt_heap_begin_get
 .text.rt_heap_end_get
                0x000000000800037c       0x14 build/board/board.o
                0x000000000800037c                rt_heap_end_get
 .text.rt_hw_board_init
                0x0000000008000390       0x48 build/board/board.o
                0x0000000008000390                rt_hw_board_init
 .text.SysTick_Handler
                0x00000000080003d8       0x14 build/board/board.o
                0x00000000080003d8                SysTick_Handler
 .text.gpio_init
                0x00000000080003ec      0x14c build/Libraries/GD32F10x_standard_peripheral/Source/gd32f10x_gpio.o
                0x00000000080003ec                gpio_init
 .text.gpio_bit_set
                0x0000000008000538       0x1e build/Libraries/GD32F10x_standard_peripheral/Source/gd32f10x_gpio.o
                0x0000000008000538                gpio_bit_set
 .text.gpio_bit_reset
                0x0000000008000556       0x1e build/Libraries/GD32F10x_standard_peripheral/Source/gd32f10x_gpio.o
                0x0000000008000556                gpio_bit_reset
 .text.nvic_priority_group_set
                0x0000000008000574       0x24 build/Libraries/GD32F10x_standard_peripheral/Source/gd32f10x_misc.o
                0x0000000008000574                nvic_priority_group_set
 .text.rcu_periph_clock_enable
                0x0000000008000598       0x44 build/Libraries/GD32F10x_standard_peripheral/Source/gd32f10x_rcu.o
                0x0000000008000598                rcu_periph_clock_enable
 .text.system_clock_config
                0x00000000080005dc        0xc Libraries/CMSIS/GD/GD32F10x/Source/system_gd32f10x.o
 .text.SystemInit
                0x00000000080005e8       0x78 Libraries/CMSIS/GD/GD32F10x/Source/system_gd32f10x.o
                0x00000000080005e8                SystemInit
 .text.SystemCoreClockUpdate
                0x0000000008000660       0xc8 Libraries/CMSIS/GD/GD32F10x/Source/system_gd32f10x.o
                0x0000000008000660                SystemCoreClockUpdate
 .text.system_clock_108m_hxtal
                0x0000000008000728       0xf0 Libraries/CMSIS/GD/GD32F10x/Source/system_gd32f10x.o
 .text.Reset_Handler
                0x0000000008000818       0x4c Libraries/CMSIS/GD/GD32F10x/Source/GCC/startup_gd32f10x_hd.o
                0x0000000008000818                Reset_Handler
 .text.Default_Handler
                0x0000000008000864        0x2 Libraries/CMSIS/GD/GD32F10x/Source/GCC/startup_gd32f10x_hd.o
                0x0000000008000864                RTC_Alarm_IRQHandler
                0x0000000008000864                EXTI2_IRQHandler
                0x0000000008000864                TIMER2_IRQHandler
                0x0000000008000864                TIMER5_IRQHandler
                0x0000000008000864                DebugMon_Handler
                0x0000000008000864                LVD_IRQHandler
                0x0000000008000864                TIMER0_BRK_IRQHandler
                0x0000000008000864                ADC0_1_IRQHandler
                0x0000000008000864                TIMER0_UP_IRQHandler
                0x0000000008000864                SDIO_IRQHandler
                0x0000000008000864                NMI_Handler
                0x0000000008000864                EXTI3_IRQHandler
                0x0000000008000864                TIMER3_IRQHandler
                0x0000000008000864                DMA0_Channel6_IRQHandler
                0x0000000008000864                I2C0_EV_IRQHandler
                0x0000000008000864                EXTI0_IRQHandler
                0x0000000008000864                UsageFault_Handler
                0x0000000008000864                TIMER4_IRQHandler
                0x0000000008000864                SPI1_IRQHandler
                0x0000000008000864                DMA0_Channel0_IRQHandler
                0x0000000008000864                TAMPER_IRQHandler
                0x0000000008000864                DMA1_Channel0_IRQHandler
                0x0000000008000864                TIMER6_IRQHandler
                0x0000000008000864                DMA0_Channel3_IRQHandler
                0x0000000008000864                I2C0_ER_IRQHandler
                0x0000000008000864                RTC_IRQHandler
                0x0000000008000864                TIMER7_UP_IRQHandler
                0x0000000008000864                DMA0_Channel2_IRQHandler
                0x0000000008000864                USART0_IRQHandler
                0x0000000008000864                TIMER1_IRQHandler
                0x0000000008000864                TIMER7_TRG_CMT_IRQHandler
                0x0000000008000864                TIMER0_TRG_CMT_IRQHandler
                0x0000000008000864                I2C1_EV_IRQHandler
                0x0000000008000864                UART4_IRQHandler
                0x0000000008000864                EXTI10_15_IRQHandler
                0x0000000008000864                DMA1_Channel1_IRQHandler
                0x0000000008000864                Default_Handler
                0x0000000008000864                TIMER7_Channel_IRQHandler
                0x0000000008000864                WWDGT_IRQHandler
                0x0000000008000864                EXMC_IRQHandler
                0x0000000008000864                ADC2_IRQHandler
                0x0000000008000864                SPI2_IRQHandler
                0x0000000008000864                MemManage_Handler
                0x0000000008000864                USBD_WKUP_IRQHandler
                0x0000000008000864                SVC_Handler
                0x0000000008000864                TIMER7_BRK_IRQHandler
                0x0000000008000864                EXTI4_IRQHandler
                0x0000000008000864                USBD_HP_CAN0_TX_IRQHandler
                0x0000000008000864                CAN0_RX1_IRQHandler
                0x0000000008000864                DMA0_Channel5_IRQHandler
                0x0000000008000864                EXTI5_9_IRQHandler
                0x0000000008000864                RCU_IRQHandler
                0x0000000008000864                DMA0_Channel1_IRQHandler
                0x0000000008000864                TIMER0_Channel_IRQHandler
                0x0000000008000864                EXTI1_IRQHandler
                0x0000000008000864                SPI0_IRQHandler
                0x0000000008000864                DMA1_Channel3_4_IRQHandler
                0x0000000008000864                USART2_IRQHandler
                0x0000000008000864                CAN0_EWMC_IRQHandler
                0x0000000008000864                DMA1_Channel2_IRQHandler
                0x0000000008000864                USBD_LP_CAN0_RX0_IRQHandler
                0x0000000008000864                BusFault_Handler
                0x0000000008000864                USART1_IRQHandler
                0x0000000008000864                UART3_IRQHandler
                0x0000000008000864                I2C1_ER_IRQHandler
                0x0000000008000864                FMC_IRQHandler
                0x0000000008000864                DMA0_Channel4_IRQHandler
 *fill*         0x0000000008000866        0x2 
 .text.rt_tick_get
                0x0000000008000868       0x14 build/kernel/src/clock.o
                0x0000000008000868                rt_tick_get
 .text.rt_tick_increase
                0x000000000800087c       0x44 build/kernel/src/clock.o
                0x000000000800087c                rt_tick_increase
 .text.rt_tick_from_millisecond
                0x00000000080008c0       0x78 build/kernel/src/clock.o
                0x00000000080008c0                rt_tick_from_millisecond
 .text.rti_board_start
                0x0000000008000938        0xe build/kernel/src/components.o
 .text.rti_board_end
                0x0000000008000946        0xe build/kernel/src/components.o
 .text.rti_end  0x0000000008000954        0xe build/kernel/src/components.o
 *fill*         0x0000000008000962        0x2 
 .text.rt_components_board_init
                0x0000000008000964       0x30 build/kernel/src/components.o
                0x0000000008000964                rt_components_board_init
 .text.rt_components_init
                0x0000000008000994       0x30 build/kernel/src/components.o
                0x0000000008000994                rt_components_init
 .text.entry    0x00000000080009c4        0xe build/kernel/src/components.o
                0x00000000080009c4                entry
 .text.main_thread_entry
                0x00000000080009d2       0x18 build/kernel/src/components.o
                0x00000000080009d2                main_thread_entry
 *fill*         0x00000000080009ea        0x2 
 .text.rt_application_init
                0x00000000080009ec       0x4c build/kernel/src/components.o
                0x00000000080009ec                rt_application_init
 .text.rtthread_startup
                0x0000000008000a38       0x2e build/kernel/src/components.o
                0x0000000008000a38                rtthread_startup
 *fill*         0x0000000008000a66        0x2 
 .text.rt_device_find
                0x0000000008000a68       0x90 build/kernel/src/device.o
                0x0000000008000a68                rt_device_find
 .text.rt_device_open
                0x0000000008000af8      0x11c build/kernel/src/device.o
                0x0000000008000af8                rt_device_open
 .text.rt_device_close
                0x0000000008000c14       0x9c build/kernel/src/device.o
                0x0000000008000c14                rt_device_close
 .text.rt_device_write
                0x0000000008000cb0       0x88 build/kernel/src/device.o
                0x0000000008000cb0                rt_device_write
 .text.rt_list_remove
                0x0000000008000d38       0x34 build/kernel/src/idle.o
 .text._has_defunct_thread
                0x0000000008000d6c       0x28 build/kernel/src/idle.o
 .text.rt_thread_idle_excute
                0x0000000008000d94       0xc8 build/kernel/src/idle.o
                0x0000000008000d94                rt_thread_idle_excute
 .text.rt_thread_idle_entry
                0x0000000008000e5c       0x3c build/kernel/src/idle.o
 .text.rt_thread_idle_init
                0x0000000008000e98       0x40 build/kernel/src/idle.o
                0x0000000008000e98                rt_thread_idle_init
 .text.rt_list_init
                0x0000000008000ed8       0x20 build/kernel/src/ipc.o
 .text.rt_list_insert_before
                0x0000000008000ef8       0x30 build/kernel/src/ipc.o
 .text.rt_list_isempty
                0x0000000008000f28       0x22 build/kernel/src/ipc.o
 .text.rt_ipc_object_init
                0x0000000008000f4a       0x1c build/kernel/src/ipc.o
 .text.rt_ipc_list_suspend
                0x0000000008000f66       0x8e build/kernel/src/ipc.o
 .text.rt_ipc_list_resume
                0x0000000008000ff4       0x20 build/kernel/src/ipc.o
 .text.rt_sem_init
                0x0000000008001014       0x68 build/kernel/src/ipc.o
                0x0000000008001014                rt_sem_init
 .text.rt_sem_take
                0x000000000800107c      0x160 build/kernel/src/ipc.o
                0x000000000800107c                rt_sem_take
 .text.rt_sem_release
                0x00000000080011dc       0xa0 build/kernel/src/ipc.o
                0x00000000080011dc                rt_sem_release
 .text.rt_interrupt_enter
                0x000000000800127c       0x40 build/kernel/src/irq.o
                0x000000000800127c                rt_interrupt_enter
 .text.rt_interrupt_leave
                0x00000000080012bc       0x40 build/kernel/src/irq.o
                0x00000000080012bc                rt_interrupt_leave
 .text.rt_interrupt_get_nest
                0x00000000080012fc       0x28 build/kernel/src/irq.o
                0x00000000080012fc                rt_interrupt_get_nest
 .text.rt_set_errno
                0x0000000008001324       0x40 build/kernel/src/kservice.o
                0x0000000008001324                rt_set_errno
 .text.rt_memset
                0x0000000008001364       0xb4 build/kernel/src/kservice.o
                0x0000000008001364                memset
                0x0000000008001364                rt_memset
 .text.rt_strncpy
                0x0000000008001418       0x62 build/kernel/src/kservice.o
                0x0000000008001418                rt_strncpy
 .text.rt_strncmp
                0x000000000800147a       0x4a build/kernel/src/kservice.o
                0x000000000800147a                rt_strncmp
 .text.rt_strlen
                0x00000000080014c4       0x2c build/kernel/src/kservice.o
                0x00000000080014c4                rt_strlen
                0x00000000080014c4                strlen
 .text.rt_show_version
                0x00000000080014f0       0x44 build/kernel/src/kservice.o
                0x00000000080014f0                rt_show_version
 .text.divide   0x0000000008001534       0x68 build/kernel/src/kservice.o
 .text.skip_atoi
                0x000000000800159c       0x40 build/kernel/src/kservice.o
 .text.print_number
                0x00000000080015dc      0x1dc build/kernel/src/kservice.o
 .text.rt_vsnprintf
                0x00000000080017b8      0x548 build/kernel/src/kservice.o
                0x00000000080017b8                rt_vsnprintf
 .text.rt_console_set_device
                0x0000000008001d00       0x4c build/kernel/src/kservice.o
                0x0000000008001d00                rt_console_set_device
 .text.rt_hw_console_output
                0x0000000008001d4c       0x12 build/kernel/src/kservice.o
                0x0000000008001d4c                rt_hw_console_output
 *fill*         0x0000000008001d5e        0x2 
 .text.rt_kprintf
                0x0000000008001d60       0x80 build/kernel/src/kservice.o
                0x0000000008001d60                rt_kprintf
 .text.rt_assert_handler
                0x0000000008001de0       0x4c build/kernel/src/kservice.o
                0x0000000008001de0                rt_assert_handler
 .text.plug_holes
                0x0000000008001e2c      0x100 build/kernel/src/mem.o
 .text.rt_system_heap_init
                0x0000000008001f2c      0x118 build/kernel/src/mem.o
                0x0000000008001f2c                rt_system_heap_init
 .text.rt_malloc
                0x0000000008002044      0x294 build/kernel/src/mem.o
                0x0000000008002044                rt_malloc
 .text.rt_free  0x00000000080022d8      0x188 build/kernel/src/mem.o
                0x00000000080022d8                rt_free
 .text.rt_list_insert_after
                0x0000000008002460       0x30 build/kernel/src/object.o
 .text.rt_list_remove
                0x0000000008002490       0x34 build/kernel/src/object.o
 .text.rt_object_get_information
                0x00000000080024c4       0x48 build/kernel/src/object.o
                0x00000000080024c4                rt_object_get_information
 .text.rt_object_init
                0x000000000800250c       0xc8 build/kernel/src/object.o
                0x000000000800250c                rt_object_init
 .text.rt_object_detach
                0x00000000080025d4       0x5c build/kernel/src/object.o
                0x00000000080025d4                rt_object_detach
 .text.rt_object_allocate
                0x0000000008002630       0xd8 build/kernel/src/object.o
                0x0000000008002630                rt_object_allocate
 .text.rt_object_delete
                0x0000000008002708       0x7c build/kernel/src/object.o
                0x0000000008002708                rt_object_delete
 .text.rt_object_is_systemobject
                0x0000000008002784       0x3c build/kernel/src/object.o
                0x0000000008002784                rt_object_is_systemobject
 .text.rt_object_get_type
                0x00000000080027c0       0x34 build/kernel/src/object.o
                0x00000000080027c0                rt_object_get_type
 .text.rt_list_init
                0x00000000080027f4       0x20 build/kernel/src/scheduler.o
 .text.rt_list_insert_before
                0x0000000008002814       0x30 build/kernel/src/scheduler.o
 .text.rt_list_remove
                0x0000000008002844       0x34 build/kernel/src/scheduler.o
 .text.rt_list_isempty
                0x0000000008002878       0x22 build/kernel/src/scheduler.o
 *fill*         0x000000000800289a        0x2 
 .text._rt_scheduler_stack_check
                0x000000000800289c       0x98 build/kernel/src/scheduler.o
 .text.rt_system_scheduler_init
                0x0000000008002934       0x54 build/kernel/src/scheduler.o
                0x0000000008002934                rt_system_scheduler_init
 .text.rt_system_scheduler_start
                0x0000000008002988       0x3c build/kernel/src/scheduler.o
                0x0000000008002988                rt_system_scheduler_start
 .text.rt_schedule
                0x00000000080029c4       0xc4 build/kernel/src/scheduler.o
                0x00000000080029c4                rt_schedule
 .text.rt_schedule_insert_thread
                0x0000000008002a88       0x80 build/kernel/src/scheduler.o
                0x0000000008002a88                rt_schedule_insert_thread
 .text.rt_schedule_remove_thread
                0x0000000008002b08       0x70 build/kernel/src/scheduler.o
                0x0000000008002b08                rt_schedule_remove_thread
 .text.rt_enter_critical
                0x0000000008002b78       0x2c build/kernel/src/scheduler.o
                0x0000000008002b78                rt_enter_critical
 .text.rt_exit_critical
                0x0000000008002ba4       0x54 build/kernel/src/scheduler.o
                0x0000000008002ba4                rt_exit_critical
 .text.rt_list_init
                0x0000000008002bf8       0x20 build/kernel/src/thread.o
 .text.rt_list_insert_after
                0x0000000008002c18       0x30 build/kernel/src/thread.o
 .text.rt_list_insert_before
                0x0000000008002c48       0x30 build/kernel/src/thread.o
 .text.rt_list_remove
                0x0000000008002c78       0x34 build/kernel/src/thread.o
 .text.rt_thread_exit
                0x0000000008002cac       0x6c build/kernel/src/thread.o
                0x0000000008002cac                rt_thread_exit
 .text._rt_thread_init
                0x0000000008002d18       0xf8 build/kernel/src/thread.o
 .text.rt_thread_init
                0x0000000008002e10       0x6c build/kernel/src/thread.o
                0x0000000008002e10                rt_thread_init
 .text.rt_thread_self
                0x0000000008002e7c       0x14 build/kernel/src/thread.o
                0x0000000008002e7c                rt_thread_self
 .text.rt_thread_startup
                0x0000000008002e90       0xa0 build/kernel/src/thread.o
                0x0000000008002e90                rt_thread_startup
 .text.rt_thread_create
                0x0000000008002f30       0x62 build/kernel/src/thread.o
                0x0000000008002f30                rt_thread_create
 *fill*         0x0000000008002f92        0x2 
 .text.rt_thread_yield
                0x0000000008002f94       0x74 build/kernel/src/thread.o
                0x0000000008002f94                rt_thread_yield
 .text.rt_thread_sleep
                0x0000000008003008       0x90 build/kernel/src/thread.o
                0x0000000008003008                rt_thread_sleep
 .text.rt_thread_mdelay
                0x0000000008003098       0x20 build/kernel/src/thread.o
                0x0000000008003098                rt_thread_mdelay
 .text.rt_thread_suspend
                0x00000000080030b8       0xa8 build/kernel/src/thread.o
                0x00000000080030b8                rt_thread_suspend
 .text.rt_thread_resume
                0x0000000008003160       0x98 build/kernel/src/thread.o
                0x0000000008003160                rt_thread_resume
 .text.rt_thread_timeout
                0x00000000080031f8       0x84 build/kernel/src/thread.o
                0x00000000080031f8                rt_thread_timeout
 .text.rt_list_init
                0x000000000800327c       0x20 build/kernel/src/timer.o
 .text.rt_list_insert_after
                0x000000000800329c       0x30 build/kernel/src/timer.o
 .text.rt_list_remove
                0x00000000080032cc       0x34 build/kernel/src/timer.o
 .text.rt_list_isempty
                0x0000000008003300       0x22 build/kernel/src/timer.o
 .text._rt_timer_init
                0x0000000008003322       0x68 build/kernel/src/timer.o
 .text._rt_timer_remove
                0x000000000800338a       0x34 build/kernel/src/timer.o
 *fill*         0x00000000080033be        0x2 
 .text.rt_timer_init
                0x00000000080033c0       0x48 build/kernel/src/timer.o
                0x00000000080033c0                rt_timer_init
 .text.rt_timer_detach
                0x0000000008003408       0x7c build/kernel/src/timer.o
                0x0000000008003408                rt_timer_detach
 .text.rt_timer_start
                0x0000000008003484      0x1fc build/kernel/src/timer.o
                0x0000000008003484                rt_timer_start
 .text.rt_timer_stop
                0x0000000008003680       0x94 build/kernel/src/timer.o
                0x0000000008003680                rt_timer_stop
 .text.rt_timer_control
                0x0000000008003714       0xa0 build/kernel/src/timer.o
                0x0000000008003714                rt_timer_control
 .text.rt_timer_check
                0x00000000080037b4       0xcc build/kernel/src/timer.o
                0x00000000080037b4                rt_timer_check
 .text.rt_system_timer_init
                0x0000000008003880       0x34 build/kernel/src/timer.o
                0x0000000008003880                rt_system_timer_init
 .text.rt_system_timer_thread_init
                0x00000000080038b4        0xc build/kernel/src/timer.o
                0x00000000080038b4                rt_system_timer_thread_init
 .text.rt_hw_stack_init
                0x00000000080038c0       0x88 build/kernel/libcpu/arm/cortex-m3/cpuport.o
                0x00000000080038c0                rt_hw_stack_init
 .text.usage_fault_track
                0x0000000008003948       0xc4 build/kernel/libcpu/arm/cortex-m3/cpuport.o
 .text.bus_fault_track
                0x0000000008003a0c       0xcc build/kernel/libcpu/arm/cortex-m3/cpuport.o
 .text.mem_manage_fault_track
                0x0000000008003ad8       0xb4 build/kernel/libcpu/arm/cortex-m3/cpuport.o
 .text.hard_fault_track
                0x0000000008003b8c       0x78 build/kernel/libcpu/arm/cortex-m3/cpuport.o
 .text.rt_hw_hard_fault_exception
                0x0000000008003c04      0x168 build/kernel/libcpu/arm/cortex-m3/cpuport.o
                0x0000000008003c04                rt_hw_hard_fault_exception
 .text.__rt_ffs
                0x0000000008003d6c       0x28 build/kernel/libcpu/arm/cortex-m3/cpuport.o
                0x0000000008003d6c                __rt_ffs
 .text.object_name_maxlen
                0x0000000008003d94       0x6e build/kernel/components/finsh/cmd.o
 *fill*         0x0000000008003e02        0x2 
 .text.object_split
                0x0000000008003e04       0x28 build/kernel/components/finsh/cmd.o
 .text._list_thread
                0x0000000008003e2c      0x12c build/kernel/components/finsh/cmd.o
 .text.list_thread
                0x0000000008003f58       0x22 build/kernel/components/finsh/cmd.o
                0x0000000008003f58                list_thread
 .text.malloc   0x0000000008003f7a       0x18 build/kernel/components/libc/compilers/minilibc/stdlib.o
                0x0000000008003f7a                malloc
 *fill*         0x0000000008003f92        0x2 
 .text.startup.register_fini
                0x0000000008003f94       0x14 /opt/gcc-arm-none-eabi-6_2-2016q4/bin/../lib/gcc/arm-none-eabi/6.2.1/../../../../arm-none-eabi/lib/thumb/v7-m/libc.a(lib_a-__call_atexit.o)
 .text.atexit   0x0000000008003fa8        0xc /opt/gcc-arm-none-eabi-6_2-2016q4/bin/../lib/gcc/arm-none-eabi/6.2.1/../../../../arm-none-eabi/lib/thumb/v7-m/libc.a(lib_a-atexit.o)
                0x0000000008003fa8                atexit
 .text.__libc_fini_array
                0x0000000008003fb4       0x34 /opt/gcc-arm-none-eabi-6_2-2016q4/bin/../lib/gcc/arm-none-eabi/6.2.1/../../../../arm-none-eabi/lib/thumb/v7-m/libc.a(lib_a-fini.o)
                0x0000000008003fb4                __libc_fini_array
 .text.__register_exitproc
                0x0000000008003fe8       0xac /opt/gcc-arm-none-eabi-6_2-2016q4/bin/../lib/gcc/arm-none-eabi/6.2.1/../../../../arm-none-eabi/lib/thumb/v7-m/libc.a(lib_a-__atexit.o)
                0x0000000008003fe8                __register_exitproc
 *(.glue_7)
 .glue_7        0x0000000008004094        0x0 linker stubs
 *(.glue_7t)
 .glue_7t       0x0000000008004094        0x0 linker stubs
 *(.eh_frame)
 .eh_frame      0x0000000008004094        0x0 /opt/gcc-arm-none-eabi-6_2-2016q4/bin/../lib/gcc/arm-none-eabi/6.2.1/thumb/v7-m/crtbegin.o
 *(.init)
 .init          0x0000000008004094        0x4 /opt/gcc-arm-none-eabi-6_2-2016q4/bin/../lib/gcc/arm-none-eabi/6.2.1/thumb/v7-m/crti.o
                0x0000000008004094                _init
 .init          0x0000000008004098        0x8 /opt/gcc-arm-none-eabi-6_2-2016q4/bin/../lib/gcc/arm-none-eabi/6.2.1/thumb/v7-m/crtn.o
 *(.fini)
 .fini          0x00000000080040a0        0x4 /opt/gcc-arm-none-eabi-6_2-2016q4/bin/../lib/gcc/arm-none-eabi/6.2.1/thumb/v7-m/crti.o
                0x00000000080040a0                _fini
 .fini          0x00000000080040a4        0x8 /opt/gcc-arm-none-eabi-6_2-2016q4/bin/../lib/gcc/arm-none-eabi/6.2.1/thumb/v7-m/crtn.o
                0x00000000080040ac                . = ALIGN (0x4)
                0x00000000080040ac                _etext = .

.vfp11_veneer   0x00000000080040ac        0x0
 .vfp11_veneer  0x00000000080040ac        0x0 linker stubs

.v4_bx          0x00000000080040ac        0x0
 .v4_bx         0x00000000080040ac        0x0 linker stubs

.iplt           0x00000000080040ac        0x0
 .iplt          0x00000000080040ac        0x0 /opt/gcc-arm-none-eabi-6_2-2016q4/bin/../lib/gcc/arm-none-eabi/6.2.1/thumb/v7-m/crtbegin.o

.rodata         0x00000000080040ac     0x18e4
                0x00000000080040ac                . = ALIGN (0x4)
 *(.rodata)
 .rodata        0x00000000080040ac        0x6 build/board/board.o
 *fill*         0x00000000080040b2        0x2 
 .rodata        0x00000000080040b4       0x17 build/kernel/src/components.o
 *fill*         0x00000000080040cb        0x1 
 .rodata        0x00000000080040cc      0x10c build/kernel/src/device.o
 .rodata        0x00000000080041d8       0x32 build/kernel/src/idle.o
 *fill*         0x000000000800420a        0x2 
 .rodata        0x000000000800420c      0x476 build/kernel/src/ipc.o
 *fill*         0x0000000008004682        0x2 
 .rodata        0x0000000008004684       0xc7 build/kernel/src/kservice.o
 *fill*         0x000000000800474b        0x1 
 .rodata        0x000000000800474c      0x2fa build/kernel/src/mem.o
 *fill*         0x0000000008004a46        0x2 
 .rodata        0x0000000008004a48       0x91 build/kernel/src/object.o
 *fill*         0x0000000008004ad9        0x3 
 .rodata        0x0000000008004adc       0x65 build/kernel/src/scheduler.o
 *fill*         0x0000000008004b41        0x3 
 .rodata        0x0000000008004b44      0x19b build/kernel/src/thread.o
 *fill*         0x0000000008004cdf        0x1 
 .rodata        0x0000000008004ce0       0xd7 build/kernel/src/timer.o
 *fill*         0x0000000008004db7        0x1 
 .rodata        0x0000000008004db8      0x2be build/kernel/libcpu/arm/cortex-m3/cpuport.o
 *fill*         0x0000000008005076        0x2 
 .rodata        0x0000000008005078      0x67d build/kernel/components/finsh/cmd.o
 *(.rodata*)
 *fill*         0x00000000080056f5        0x3 
 .rodata.__FUNCTION__.5253
                0x00000000080056f8       0x14 build/kernel/src/components.o
 .rodata.__FUNCTION__.5145
                0x000000000800570c        0xf build/kernel/src/device.o
 *fill*         0x000000000800571b        0x1 
 .rodata.__FUNCTION__.5169
                0x000000000800571c        0xf build/kernel/src/device.o
 *fill*         0x000000000800572b        0x1 
 .rodata.__FUNCTION__.5174
                0x000000000800572c       0x10 build/kernel/src/device.o
 .rodata.__FUNCTION__.5188
                0x000000000800573c       0x10 build/kernel/src/device.o
 .rodata.__FUNCTION__.5236
                0x000000000800574c       0x16 build/kernel/src/idle.o
 *fill*         0x0000000008005762        0x2 
 .rodata.__FUNCTION__.5241
                0x0000000008005764        0xc build/kernel/src/ipc.o
 .rodata.__FUNCTION__.5265
                0x0000000008005770        0xc build/kernel/src/ipc.o
 .rodata.__FUNCTION__.5276
                0x000000000800577c        0xf build/kernel/src/ipc.o
 *fill*         0x000000000800578b        0x1 
 .rodata.large_digits.5375
                0x000000000800578c       0x11 build/kernel/src/kservice.o
 *fill*         0x000000000800579d        0x3 
 .rodata.small_digits.5374
                0x00000000080057a0       0x11 build/kernel/src/kservice.o
 *fill*         0x00000000080057b1        0x3 
 .rodata.__FUNCTION__.5232
                0x00000000080057b4        0xb build/kernel/src/mem.o
 *fill*         0x00000000080057bf        0x1 
 .rodata.__FUNCTION__.5241
                0x00000000080057c0       0x14 build/kernel/src/mem.o
 .rodata.__FUNCTION__.5250
                0x00000000080057d4        0xa build/kernel/src/mem.o
 *fill*         0x00000000080057de        0x2 
 .rodata.__FUNCTION__.5279
                0x00000000080057e0        0x8 build/kernel/src/mem.o
 .rodata.__FUNCTION__.5261
                0x00000000080057e8        0xf build/kernel/src/object.o
 *fill*         0x00000000080057f7        0x1 
 .rodata.__FUNCTION__.5270
                0x00000000080057f8       0x11 build/kernel/src/object.o
 *fill*         0x0000000008005809        0x3 
 .rodata.__FUNCTION__.5279
                0x000000000800580c       0x13 build/kernel/src/object.o
 *fill*         0x000000000800581f        0x1 
 .rodata.__FUNCTION__.5284
                0x0000000008005820       0x11 build/kernel/src/object.o
 *fill*         0x0000000008005831        0x3 
 .rodata.__FUNCTION__.5288
                0x0000000008005834       0x1a build/kernel/src/object.o
 *fill*         0x000000000800584e        0x2 
 .rodata.__FUNCTION__.5292
                0x0000000008005850       0x13 build/kernel/src/object.o
 *fill*         0x0000000008005863        0x1 
 .rodata.__FUNCTION__.5219
                0x0000000008005864       0x1a build/kernel/src/scheduler.o
 *fill*         0x000000000800587e        0x2 
 .rodata.__FUNCTION__.5250
                0x0000000008005880       0x1a build/kernel/src/scheduler.o
 *fill*         0x000000000800589a        0x2 
 .rodata.__FUNCTION__.5255
                0x000000000800589c       0x1a build/kernel/src/scheduler.o
 *fill*         0x00000000080058b6        0x2 
 .rodata.__FUNCTION__.5238
                0x00000000080058b8       0x10 build/kernel/src/thread.o
 .rodata.__FUNCTION__.5250
                0x00000000080058c8        0xf build/kernel/src/thread.o
 *fill*         0x00000000080058d7        0x1 
 .rodata.__FUNCTION__.5257
                0x00000000080058d8       0x12 build/kernel/src/thread.o
 *fill*         0x00000000080058ea        0x2 
 .rodata.__FUNCTION__.5289
                0x00000000080058ec       0x10 build/kernel/src/thread.o
 .rodata.__FUNCTION__.5320
                0x00000000080058fc       0x12 build/kernel/src/thread.o
 *fill*         0x000000000800590e        0x2 
 .rodata.__FUNCTION__.5325
                0x0000000008005910       0x11 build/kernel/src/thread.o
 *fill*         0x0000000008005921        0x3 
 .rodata.__FUNCTION__.5330
                0x0000000008005924       0x12 build/kernel/src/thread.o
 *fill*         0x0000000008005936        0x2 
 .rodata.__FUNCTION__.5250
                0x0000000008005938        0xe build/kernel/src/timer.o
 *fill*         0x0000000008005946        0x2 
 .rodata.__FUNCTION__.5255
                0x0000000008005948       0x10 build/kernel/src/timer.o
 .rodata.__FUNCTION__.5279
                0x0000000008005958        0xf build/kernel/src/timer.o
 *fill*         0x0000000008005967        0x1 
 .rodata.__FUNCTION__.5296
                0x0000000008005968        0xe build/kernel/src/timer.o
 *fill*         0x0000000008005976        0x2 
 .rodata.__FUNCTION__.5302
                0x0000000008005978       0x11 build/kernel/src/timer.o
 *fill*         0x0000000008005989        0x3 
 .rodata._global_impure_ptr
                0x000000000800598c        0x4 /opt/gcc-arm-none-eabi-6_2-2016q4/bin/../lib/gcc/arm-none-eabi/6.2.1/../../../../arm-none-eabi/lib/thumb/v7-m/libc.a(lib_a-impure.o)
                0x000000000800598c                _global_impure_ptr
                0x0000000008005990                . = ALIGN (0x4)

.rti_fn.0.end   0x0000000008005990        0x4
 .rti_fn.0.end  0x0000000008005990        0x4 build/kernel/src/components.o
                0x0000000008005990                __rt_init_rti_board_start

.rti_fn.1.end   0x0000000008005994        0x4
 .rti_fn.1.end  0x0000000008005994        0x4 build/kernel/src/components.o
                0x0000000008005994                __rt_init_rti_board_end

.rti_fn.6.end   0x0000000008005998        0x4
 .rti_fn.6.end  0x0000000008005998        0x4 build/kernel/src/components.o
                0x0000000008005998                __rt_init_rti_end

.rel.dyn        0x000000000800599c        0x0
 .rel.iplt      0x000000000800599c        0x0 /opt/gcc-arm-none-eabi-6_2-2016q4/bin/../lib/gcc/arm-none-eabi/6.2.1/thumb/v7-m/crtbegin.o

.ARM.extab
 *(.ARM.extab* .gnu.linkonce.armextab.*)

.ARM            0x000000000800599c        0x0
                0x000000000800599c                __exidx_start = .
 *(.ARM.exidx*)
                0x000000000800599c                __exidx_end = .

.preinit_array  0x000000000800599c        0x0
                0x000000000800599c                PROVIDE (__preinit_array_start, .)
 *(.preinit_array*)
                0x000000000800599c                PROVIDE (__preinit_array_end, .)

.init_array     0x000000000800599c        0x8
                0x000000000800599c                PROVIDE (__init_array_start, .)
 *(SORT(.init_array.*))
 .init_array.00000
                0x000000000800599c        0x4 /opt/gcc-arm-none-eabi-6_2-2016q4/bin/../lib/gcc/arm-none-eabi/6.2.1/../../../../arm-none-eabi/lib/thumb/v7-m/libc.a(lib_a-__call_atexit.o)
 *(.init_array*)
 .init_array    0x00000000080059a0        0x4 /opt/gcc-arm-none-eabi-6_2-2016q4/bin/../lib/gcc/arm-none-eabi/6.2.1/thumb/v7-m/crtbegin.o
                0x00000000080059a4                PROVIDE (__init_array_end, .)

.fini_array     0x00000000080059a4        0x4
                0x00000000080059a4                PROVIDE (__fini_array_start, .)
 *(SORT(.fini_array.*))
 *(.fini_array*)
 .fini_array    0x00000000080059a4        0x4 /opt/gcc-arm-none-eabi-6_2-2016q4/bin/../lib/gcc/arm-none-eabi/6.2.1/thumb/v7-m/crtbegin.o
                0x00000000080059a8                PROVIDE (__fini_array_end, .)
                0x00000000080059a8                _sidata = LOADADDR (.data)

.data           0x0000000020000000      0x4c0 load address 0x00000000080059a8
                0x0000000020000000                . = ALIGN (0x4)
                0x0000000020000000                _sdata = .
 *(.data)
 *(.data*)
 .data.SystemCoreClock
                0x0000000020000000        0x4 Libraries/CMSIS/GD/GD32F10x/Source/system_gd32f10x.o
                0x0000000020000000                SystemCoreClock
 .data.rt_object_container
                0x0000000020000004       0x90 build/kernel/src/object.o
 *fill*         0x0000000020000094        0x4 
 .data.impure_data
                0x0000000020000098      0x428 /opt/gcc-arm-none-eabi-6_2-2016q4/bin/../lib/gcc/arm-none-eabi/6.2.1/../../../../arm-none-eabi/lib/thumb/v7-m/libc.a(lib_a-impure.o)
                0x00000000200004c0                . = ALIGN (0x4)
                0x00000000200004c0                _edata = .

.jcr            0x00000000200004c0        0x0 load address 0x0000000008005e68
 .jcr           0x00000000200004c0        0x0 /opt/gcc-arm-none-eabi-6_2-2016q4/bin/../lib/gcc/arm-none-eabi/6.2.1/thumb/v7-m/crtbegin.o

.igot.plt       0x00000000200004c0        0x0 load address 0x0000000008005e68
 .igot.plt      0x00000000200004c0        0x0 /opt/gcc-arm-none-eabi-6_2-2016q4/bin/../lib/gcc/arm-none-eabi/6.2.1/thumb/v7-m/crtbegin.o
                0x00000000200004c0                . = ALIGN (0x4)

.bss            0x00000000200004c0     0x43e8 load address 0x0000000008005e68
                0x00000000200004c0                _sbss = .
                0x00000000200004c0                __bss_start__ = _sbss
 *(.bss)
 .bss           0x00000000200004c0       0x1c /opt/gcc-arm-none-eabi-6_2-2016q4/bin/../lib/gcc/arm-none-eabi/6.2.1/thumb/v7-m/crtbegin.o
 *(.bss*)
 .bss.rt_heap   0x00000000200004dc     0x4000 build/board/board.o
 .bss.rt_tick   0x00000000200044dc        0x4 build/kernel/src/clock.o
 .bss.idle      0x00000000200044e0       0x80 build/kernel/src/idle.o
 .bss.rt_thread_stack
                0x0000000020004560      0x100 build/kernel/src/idle.o
 .bss.idle_hook_list
                0x0000000020004660       0x10 build/kernel/src/idle.o
 .bss.rt_interrupt_enter_hook
                0x0000000020004670        0x4 build/kernel/src/irq.o
 .bss.rt_interrupt_leave_hook
                0x0000000020004674        0x4 build/kernel/src/irq.o
 .bss.__rt_errno
                0x0000000020004678        0x4 build/kernel/src/kservice.o
 .bss._console_device
                0x000000002000467c        0x4 build/kernel/src/kservice.o
 .bss.rt_log_buf.5485
                0x0000000020004680       0x80 build/kernel/src/kservice.o
 .bss.rt_malloc_hook
                0x0000000020004700        0x4 build/kernel/src/mem.o
 .bss.rt_free_hook
                0x0000000020004704        0x4 build/kernel/src/mem.o
 .bss.heap_ptr  0x0000000020004708        0x4 build/kernel/src/mem.o
 .bss.heap_end  0x000000002000470c        0x4 build/kernel/src/mem.o
 .bss.lfree     0x0000000020004710        0x4 build/kernel/src/mem.o
 .bss.heap_sem  0x0000000020004714       0x20 build/kernel/src/mem.o
 .bss.mem_size_aligned
                0x0000000020004734        0x4 build/kernel/src/mem.o
 .bss.used_mem  0x0000000020004738        0x4 build/kernel/src/mem.o
 .bss.max_mem   0x000000002000473c        0x4 build/kernel/src/mem.o
 .bss.rt_object_attach_hook
                0x0000000020004740        0x4 build/kernel/src/object.o
 .bss.rt_object_detach_hook
                0x0000000020004744        0x4 build/kernel/src/object.o
 .bss.rt_scheduler_lock_nest
                0x0000000020004748        0x2 build/kernel/src/scheduler.o
 *fill*         0x000000002000474a        0x2 
 .bss.rt_scheduler_hook
                0x000000002000474c        0x4 build/kernel/src/scheduler.o
 .bss.rt_thread_suspend_hook
                0x0000000020004750        0x4 build/kernel/src/thread.o
 .bss.rt_thread_resume_hook
                0x0000000020004754        0x4 build/kernel/src/thread.o
 .bss.rt_thread_inited_hook
                0x0000000020004758        0x4 build/kernel/src/thread.o
 .bss.rt_timer_list
                0x000000002000475c        0x8 build/kernel/src/timer.o
 .bss.rt_timer_enter_hook
                0x0000000020004764        0x4 build/kernel/src/timer.o
 .bss.rt_timer_exit_hook
                0x0000000020004768        0x4 build/kernel/src/timer.o
 .bss.random_nr.5278
                0x000000002000476c        0x4 build/kernel/src/timer.o
 .bss.rt_exception_hook
                0x0000000020004770        0x4 build/kernel/libcpu/arm/cortex-m3/cpuport.o
 *(COMMON)
 COMMON         0x0000000020004774        0x1 build/kernel/src/irq.o
                0x0000000020004774                rt_interrupt_nest
 *fill*         0x0000000020004775        0x3 
 COMMON         0x0000000020004778        0x4 build/kernel/src/kservice.o
                0x0000000020004778                rt_assert_hook
 COMMON         0x000000002000477c        0xc build/kernel/src/object.o
                0x000000002000477c                rt_object_put_hook
                0x0000000020004780                rt_object_take_hook
                0x0000000020004784                rt_object_trytake_hook
 COMMON         0x0000000020004788      0x114 build/kernel/src/scheduler.o
                0x0000000020004788                rt_thread_priority_table
                0x0000000020004888                rt_current_priority
                0x000000002000488c                rt_current_thread
                0x0000000020004890                rt_thread_ready_priority_group
                0x0000000020004894                rt_thread_defunct
 COMMON         0x000000002000489c        0xc build/kernel/libcpu/arm/cortex-m3/cpuport.o
                0x000000002000489c                rt_interrupt_to_thread
                0x00000000200048a0                rt_interrupt_from_thread
                0x00000000200048a4                rt_thread_switch_interrupt_flag
                0x00000000200048a8                . = ALIGN (0x4)
                0x00000000200048a8                _ebss = .
                0x00000000200048a8                __bss_end__ = _ebss

._user_heap_stack
                0x00000000200048a8      0x600 load address 0x0000000008005e68
                0x00000000200048a8                . = ALIGN (0x8)
                [!provide]                        PROVIDE (end, .)
                [!provide]                        PROVIDE (_end, .)
                0x0000000020004aa8                . = (. + _Min_Heap_Size)
 *fill*         0x00000000200048a8      0x200 
                0x0000000020004ea8                . = (. + _Min_Stack_Size)
 *fill*         0x0000000020004aa8      0x400 
                0x0000000020004ea8                . = ALIGN (0x8)

/DISCARD/
 libc.a(*)
 libm.a(*)
 libgcc.a(*)

.ARM.attributes
                0x0000000000000000       0x29
 *(.ARM.attributes)
 .ARM.attributes
                0x0000000000000000       0x1d /opt/gcc-arm-none-eabi-6_2-2016q4/bin/../lib/gcc/arm-none-eabi/6.2.1/thumb/v7-m/crti.o
 .ARM.attributes
                0x000000000000001d       0x2d /opt/gcc-arm-none-eabi-6_2-2016q4/bin/../lib/gcc/arm-none-eabi/6.2.1/thumb/v7-m/crtbegin.o
 .ARM.attributes
                0x000000000000004a       0x33 build/applications/main.o
 .ARM.attributes
                0x000000000000007d       0x33 build/board/board.o
 .ARM.attributes
                0x00000000000000b0       0x33 build/Libraries/GD32F10x_standard_peripheral/Source/gd32f10x_gpio.o
 .ARM.attributes
                0x00000000000000e3       0x33 build/Libraries/GD32F10x_standard_peripheral/Source/gd32f10x_misc.o
 .ARM.attributes
                0x0000000000000116       0x33 build/Libraries/GD32F10x_standard_peripheral/Source/gd32f10x_rcu.o
 .ARM.attributes
                0x0000000000000149       0x33 Libraries/CMSIS/GD/GD32F10x/Source/system_gd32f10x.o
 .ARM.attributes
                0x000000000000017c       0x21 Libraries/CMSIS/GD/GD32F10x/Source/GCC/startup_gd32f10x_hd.o
 .ARM.attributes
                0x000000000000019d       0x33 build/kernel/src/clock.o
 .ARM.attributes
                0x00000000000001d0       0x33 build/kernel/src/components.o
 .ARM.attributes
                0x0000000000000203       0x33 build/kernel/src/device.o
 .ARM.attributes
                0x0000000000000236       0x33 build/kernel/src/idle.o
 .ARM.attributes
                0x0000000000000269       0x33 build/kernel/src/ipc.o
 .ARM.attributes
                0x000000000000029c       0x33 build/kernel/src/irq.o
 .ARM.attributes
                0x00000000000002cf       0x33 build/kernel/src/kservice.o
 .ARM.attributes
                0x0000000000000302       0x33 build/kernel/src/mem.o
 .ARM.attributes
                0x0000000000000335       0x33 build/kernel/src/object.o
 .ARM.attributes
                0x0000000000000368       0x33 build/kernel/src/scheduler.o
 .ARM.attributes
                0x000000000000039b       0x33 build/kernel/src/thread.o
 .ARM.attributes
                0x00000000000003ce       0x33 build/kernel/src/timer.o
 .ARM.attributes
                0x0000000000000401       0x33 build/kernel/libcpu/arm/cortex-m3/cpuport.o
 .ARM.attributes
                0x0000000000000434       0x21 build/kernel/libcpu/arm/cortex-m3/context_gcc.o
 .ARM.attributes
                0x0000000000000455       0x33 build/kernel/components/finsh/cmd.o
 .ARM.attributes
                0x0000000000000488       0x33 build/kernel/components/libc/compilers/minilibc/stdlib.o
 .ARM.attributes
                0x00000000000004bb       0x2d /opt/gcc-arm-none-eabi-6_2-2016q4/bin/../lib/gcc/arm-none-eabi/6.2.1/../../../../arm-none-eabi/lib/thumb/v7-m/libc.a(lib_a-impure.o)
 .ARM.attributes
                0x00000000000004e8       0x2d /opt/gcc-arm-none-eabi-6_2-2016q4/bin/../lib/gcc/arm-none-eabi/6.2.1/../../../../arm-none-eabi/lib/thumb/v7-m/libc.a(lib_a-__call_atexit.o)
 .ARM.attributes
                0x0000000000000515       0x2d /opt/gcc-arm-none-eabi-6_2-2016q4/bin/../lib/gcc/arm-none-eabi/6.2.1/../../../../arm-none-eabi/lib/thumb/v7-m/libc.a(lib_a-atexit.o)
 .ARM.attributes
                0x0000000000000542       0x2d /opt/gcc-arm-none-eabi-6_2-2016q4/bin/../lib/gcc/arm-none-eabi/6.2.1/../../../../arm-none-eabi/lib/thumb/v7-m/libc.a(lib_a-fini.o)
 .ARM.attributes
                0x000000000000056f       0x2d /opt/gcc-arm-none-eabi-6_2-2016q4/bin/../lib/gcc/arm-none-eabi/6.2.1/../../../../arm-none-eabi/lib/thumb/v7-m/libc.a(lib_a-__atexit.o)
 .ARM.attributes
                0x000000000000059c       0x1d /opt/gcc-arm-none-eabi-6_2-2016q4/bin/../lib/gcc/arm-none-eabi/6.2.1/thumb/v7-m/crtn.o
OUTPUT(rtthread-gd32f10x.elf elf32-littlearm)

.debug_info     0x0000000000000000     0xbb63
 .debug_info    0x0000000000000000      0x2bf build/applications/main.o
 .debug_info    0x00000000000002bf      0x22a build/board/board.o
 .debug_info    0x00000000000004e9      0x61a build/Libraries/GD32F10x_standard_peripheral/Source/gd32f10x_gpio.o
 .debug_info    0x0000000000000b03      0x58c build/Libraries/GD32F10x_standard_peripheral/Source/gd32f10x_misc.o
 .debug_info    0x000000000000108f      0xc9e build/Libraries/GD32F10x_standard_peripheral/Source/gd32f10x_rcu.o
 .debug_info    0x0000000000001d2d      0x195 Libraries/CMSIS/GD/GD32F10x/Source/system_gd32f10x.o
 .debug_info    0x0000000000001ec2       0x90 Libraries/CMSIS/GD/GD32F10x/Source/GCC/startup_gd32f10x_hd.o
 .debug_info    0x0000000000001f52      0x4e7 build/kernel/src/clock.o
 .debug_info    0x0000000000002439      0x5f4 build/kernel/src/components.o
 .debug_info    0x0000000000002a2d      0x9e3 build/kernel/src/device.o
 .debug_info    0x0000000000003410      0x684 build/kernel/src/idle.o
 .debug_info    0x0000000000003a94     0x1b96 build/kernel/src/ipc.o
 .debug_info    0x000000000000562a      0x269 build/kernel/src/irq.o
 .debug_info    0x0000000000005893     0x12b6 build/kernel/src/kservice.o
 .debug_info    0x0000000000006b49      0x8af build/kernel/src/mem.o
 .debug_info    0x00000000000073f8      0x81b build/kernel/src/object.o
 .debug_info    0x0000000000007c13      0x7e1 build/kernel/src/scheduler.o
 .debug_info    0x00000000000083f4      0xd1a build/kernel/src/thread.o
 .debug_info    0x000000000000910e      0x961 build/kernel/src/timer.o
 .debug_info    0x0000000000009a6f      0x4d9 build/kernel/libcpu/arm/cortex-m3/cpuport.o
 .debug_info    0x0000000000009f48       0x96 build/kernel/libcpu/arm/cortex-m3/context_gcc.o
 .debug_info    0x0000000000009fde     0x18ef build/kernel/components/finsh/cmd.o
 .debug_info    0x000000000000b8cd      0x296 build/kernel/components/libc/compilers/minilibc/stdlib.o

.debug_abbrev   0x0000000000000000     0x27bc
 .debug_abbrev  0x0000000000000000       0xdb build/applications/main.o
 .debug_abbrev  0x00000000000000db      0x153 build/board/board.o
 .debug_abbrev  0x000000000000022e      0x1a9 build/Libraries/GD32F10x_standard_peripheral/Source/gd32f10x_gpio.o
 .debug_abbrev  0x00000000000003d7      0x133 build/Libraries/GD32F10x_standard_peripheral/Source/gd32f10x_misc.o
 .debug_abbrev  0x000000000000050a      0x1b5 build/Libraries/GD32F10x_standard_peripheral/Source/gd32f10x_rcu.o
 .debug_abbrev  0x00000000000006bf       0xed Libraries/CMSIS/GD/GD32F10x/Source/system_gd32f10x.o
 .debug_abbrev  0x00000000000007ac       0x12 Libraries/CMSIS/GD/GD32F10x/Source/GCC/startup_gd32f10x_hd.o
 .debug_abbrev  0x00000000000007be      0x18a build/kernel/src/clock.o
 .debug_abbrev  0x0000000000000948      0x19f build/kernel/src/components.o
 .debug_abbrev  0x0000000000000ae7      0x1fd build/kernel/src/device.o
 .debug_abbrev  0x0000000000000ce4      0x207 build/kernel/src/idle.o
 .debug_abbrev  0x0000000000000eeb      0x249 build/kernel/src/ipc.o
 .debug_abbrev  0x0000000000001134      0x156 build/kernel/src/irq.o
 .debug_abbrev  0x000000000000128a      0x311 build/kernel/src/kservice.o
 .debug_abbrev  0x000000000000159b      0x251 build/kernel/src/mem.o
 .debug_abbrev  0x00000000000017ec      0x257 build/kernel/src/object.o
 .debug_abbrev  0x0000000000001a43      0x249 build/kernel/src/scheduler.o
 .debug_abbrev  0x0000000000001c8c      0x25e build/kernel/src/thread.o
 .debug_abbrev  0x0000000000001eea      0x2cd build/kernel/src/timer.o
 .debug_abbrev  0x00000000000021b7      0x20e build/kernel/libcpu/arm/cortex-m3/cpuport.o
 .debug_abbrev  0x00000000000023c5       0x14 build/kernel/libcpu/arm/cortex-m3/context_gcc.o
 .debug_abbrev  0x00000000000023d9      0x292 build/kernel/components/finsh/cmd.o
 .debug_abbrev  0x000000000000266b      0x151 build/kernel/components/libc/compilers/minilibc/stdlib.o

.debug_loc      0x0000000000000000     0x645b
 .debug_loc     0x0000000000000000       0x2c build/applications/main.o
 .debug_loc     0x000000000000002c      0x168 build/board/board.o
 .debug_loc     0x0000000000000194      0x5b0 build/Libraries/GD32F10x_standard_peripheral/Source/gd32f10x_gpio.o
 .debug_loc     0x0000000000000744      0x278 build/Libraries/GD32F10x_standard_peripheral/Source/gd32f10x_misc.o
 .debug_loc     0x00000000000009bc      0xc26 build/Libraries/GD32F10x_standard_peripheral/Source/gd32f10x_rcu.o
 .debug_loc     0x00000000000015e2      0x110 Libraries/CMSIS/GD/GD32F10x/Source/system_gd32f10x.o
 .debug_loc     0x00000000000016f2      0x184 build/kernel/src/clock.o
 .debug_loc     0x0000000000001876      0x2a8 build/kernel/src/components.o
 .debug_loc     0x0000000000001b1e      0x454 build/kernel/src/device.o
 .debug_loc     0x0000000000001f72      0x268 build/kernel/src/idle.o
 .debug_loc     0x00000000000021da      0xe84 build/kernel/src/ipc.o
 .debug_loc     0x000000000000305e      0x1a8 build/kernel/src/irq.o
 .debug_loc     0x0000000000003206      0xb00 build/kernel/src/kservice.o
 .debug_loc     0x0000000000003d06      0x320 build/kernel/src/mem.o
 .debug_loc     0x0000000000004026      0x554 build/kernel/src/object.o
 .debug_loc     0x000000000000457a      0x400 build/kernel/src/scheduler.o
 .debug_loc     0x000000000000497a      0x818 build/kernel/src/thread.o
 .debug_loc     0x0000000000005192      0x658 build/kernel/src/timer.o
 .debug_loc     0x00000000000057ea      0x284 build/kernel/libcpu/arm/cortex-m3/cpuport.o
 .debug_loc     0x0000000000005a6e      0x7f5 build/kernel/components/finsh/cmd.o
 .debug_loc     0x0000000000006263      0x1f8 build/kernel/components/libc/compilers/minilibc/stdlib.o

.debug_aranges  0x0000000000000000      0xc30
 .debug_aranges
                0x0000000000000000       0x20 build/applications/main.o
 .debug_aranges
                0x0000000000000020       0x48 build/board/board.o
 .debug_aranges
                0x0000000000000068       0xa0 build/Libraries/GD32F10x_standard_peripheral/Source/gd32f10x_gpio.o
 .debug_aranges
                0x0000000000000108       0x50 build/Libraries/GD32F10x_standard_peripheral/Source/gd32f10x_misc.o
 .debug_aranges
                0x0000000000000158      0x138 build/Libraries/GD32F10x_standard_peripheral/Source/gd32f10x_rcu.o
 .debug_aranges
                0x0000000000000290       0x38 Libraries/CMSIS/GD/GD32F10x/Source/system_gd32f10x.o
 .debug_aranges
                0x00000000000002c8       0x28 Libraries/CMSIS/GD/GD32F10x/Source/GCC/startup_gd32f10x_hd.o
 .debug_aranges
                0x00000000000002f0       0x40 build/kernel/src/clock.o
 .debug_aranges
                0x0000000000000330       0x68 build/kernel/src/components.o
 .debug_aranges
                0x0000000000000398       0x88 build/kernel/src/device.o
 .debug_aranges
                0x0000000000000420       0x58 build/kernel/src/idle.o
 .debug_aranges
                0x0000000000000478      0x188 build/kernel/src/ipc.o
 .debug_aranges
                0x0000000000000600       0x40 build/kernel/src/irq.o
 .debug_aranges
                0x0000000000000640      0x118 build/kernel/src/kservice.o
 .debug_aranges
                0x0000000000000758       0x68 build/kernel/src/mem.o
 .debug_aranges
                0x00000000000007c0       0x98 build/kernel/src/object.o
 .debug_aranges
                0x0000000000000858       0x88 build/kernel/src/scheduler.o
 .debug_aranges
                0x00000000000008e0       0xe0 build/kernel/src/thread.o
 .debug_aranges
                0x00000000000009c0       0xb8 build/kernel/src/timer.o
 .debug_aranges
                0x0000000000000a78       0x68 build/kernel/libcpu/arm/cortex-m3/cpuport.o
 .debug_aranges
                0x0000000000000ae0       0x20 build/kernel/libcpu/arm/cortex-m3/context_gcc.o
 .debug_aranges
                0x0000000000000b00       0xe8 build/kernel/components/finsh/cmd.o
 .debug_aranges
                0x0000000000000be8       0x48 build/kernel/components/libc/compilers/minilibc/stdlib.o

.debug_ranges   0x0000000000000000      0xae8
 .debug_ranges  0x0000000000000000       0x10 build/applications/main.o
 .debug_ranges  0x0000000000000010       0x38 build/board/board.o
 .debug_ranges  0x0000000000000048       0x90 build/Libraries/GD32F10x_standard_peripheral/Source/gd32f10x_gpio.o
 .debug_ranges  0x00000000000000d8       0x40 build/Libraries/GD32F10x_standard_peripheral/Source/gd32f10x_misc.o
 .debug_ranges  0x0000000000000118      0x128 build/Libraries/GD32F10x_standard_peripheral/Source/gd32f10x_rcu.o
 .debug_ranges  0x0000000000000240       0x28 Libraries/CMSIS/GD/GD32F10x/Source/system_gd32f10x.o
 .debug_ranges  0x0000000000000268       0x20 Libraries/CMSIS/GD/GD32F10x/Source/GCC/startup_gd32f10x_hd.o
 .debug_ranges  0x0000000000000288       0x30 build/kernel/src/clock.o
 .debug_ranges  0x00000000000002b8       0x58 build/kernel/src/components.o
 .debug_ranges  0x0000000000000310       0x78 build/kernel/src/device.o
 .debug_ranges  0x0000000000000388       0x48 build/kernel/src/idle.o
 .debug_ranges  0x00000000000003d0      0x178 build/kernel/src/ipc.o
 .debug_ranges  0x0000000000000548       0x30 build/kernel/src/irq.o
 .debug_ranges  0x0000000000000578      0x108 build/kernel/src/kservice.o
 .debug_ranges  0x0000000000000680       0x58 build/kernel/src/mem.o
 .debug_ranges  0x00000000000006d8       0x88 build/kernel/src/object.o
 .debug_ranges  0x0000000000000760       0x78 build/kernel/src/scheduler.o
 .debug_ranges  0x00000000000007d8       0xd0 build/kernel/src/thread.o
 .debug_ranges  0x00000000000008a8       0xc0 build/kernel/src/timer.o
 .debug_ranges  0x0000000000000968       0x70 build/kernel/libcpu/arm/cortex-m3/cpuport.o
 .debug_ranges  0x00000000000009d8       0xd8 build/kernel/components/finsh/cmd.o
 .debug_ranges  0x0000000000000ab0       0x38 build/kernel/components/libc/compilers/minilibc/stdlib.o

.debug_line     0x0000000000000000     0x444b
 .debug_line    0x0000000000000000      0x1c5 build/applications/main.o
 .debug_line    0x00000000000001c5      0x16b build/board/board.o
 .debug_line    0x0000000000000330      0x329 build/Libraries/GD32F10x_standard_peripheral/Source/gd32f10x_gpio.o
 .debug_line    0x0000000000000659      0x19a build/Libraries/GD32F10x_standard_peripheral/Source/gd32f10x_misc.o
 .debug_line    0x00000000000007f3      0x4d0 build/Libraries/GD32F10x_standard_peripheral/Source/gd32f10x_rcu.o
 .debug_line    0x0000000000000cc3      0x1a2 Libraries/CMSIS/GD/GD32F10x/Source/system_gd32f10x.o
 .debug_line    0x0000000000000e65       0x9b Libraries/CMSIS/GD/GD32F10x/Source/GCC/startup_gd32f10x_hd.o
 .debug_line    0x0000000000000f00      0x124 build/kernel/src/clock.o
 .debug_line    0x0000000000001024      0x1b4 build/kernel/src/components.o
 .debug_line    0x00000000000011d8      0x2eb build/kernel/src/device.o
 .debug_line    0x00000000000014c3      0x1e6 build/kernel/src/idle.o
 .debug_line    0x00000000000016a9      0xba2 build/kernel/src/ipc.o
 .debug_line    0x000000000000224b      0x12d build/kernel/src/irq.o
 .debug_line    0x0000000000002378      0x5f9 build/kernel/src/kservice.o
 .debug_line    0x0000000000002971      0x376 build/kernel/src/mem.o
 .debug_line    0x0000000000002ce7      0x30d build/kernel/src/object.o
 .debug_line    0x0000000000002ff4      0x270 build/kernel/src/scheduler.o
 .debug_line    0x0000000000003264      0x46e build/kernel/src/thread.o
 .debug_line    0x00000000000036d2      0x3a3 build/kernel/src/timer.o
 .debug_line    0x0000000000003a75      0x1fd build/kernel/libcpu/arm/cortex-m3/cpuport.o
 .debug_line    0x0000000000003c72       0xd7 build/kernel/libcpu/arm/cortex-m3/context_gcc.o
 .debug_line    0x0000000000003d49      0x516 build/kernel/components/finsh/cmd.o
 .debug_line    0x000000000000425f      0x1ec build/kernel/components/libc/compilers/minilibc/stdlib.o

.debug_str      0x0000000000000000     0x3730
 .debug_str     0x0000000000000000      0x340 build/applications/main.o
                                        0x3a6 (size before relaxing)
 .debug_str     0x0000000000000340       0x94 build/board/board.o
                                        0x279 (size before relaxing)
 .debug_str     0x00000000000003d4      0x3de build/Libraries/GD32F10x_standard_peripheral/Source/gd32f10x_gpio.o
                                        0x584 (size before relaxing)
 .debug_str     0x00000000000007b2      0x232 build/Libraries/GD32F10x_standard_peripheral/Source/gd32f10x_misc.o
                                        0x3c0 (size before relaxing)
 .debug_str     0x00000000000009e4      0x7f8 build/Libraries/GD32F10x_standard_peripheral/Source/gd32f10x_rcu.o
                                        0xcf0 (size before relaxing)
 .debug_str     0x00000000000011dc       0x91 Libraries/CMSIS/GD/GD32F10x/Source/system_gd32f10x.o
                                        0x247 (size before relaxing)
 .debug_str     0x000000000000126d      0x18f build/kernel/src/clock.o
                                        0x3c6 (size before relaxing)
 .debug_str     0x00000000000013fc      0x11f build/kernel/src/components.o
                                        0x477 (size before relaxing)
 .debug_str     0x000000000000151b      0x535 build/kernel/src/device.o
                                        0x7dc (size before relaxing)
 .debug_str     0x0000000000001a50      0x113 build/kernel/src/idle.o
                                        0x466 (size before relaxing)
 .debug_str     0x0000000000001b63      0x498 build/kernel/src/ipc.o
                                        0x97d (size before relaxing)
 .debug_str     0x0000000000001ffb       0xda build/kernel/src/irq.o
                                        0x2c6 (size before relaxing)
 .debug_str     0x00000000000020d5      0x30f build/kernel/src/kservice.o
                                        0x918 (size before relaxing)
 .debug_str     0x00000000000023e4      0x21e build/kernel/src/mem.o
                                        0x4d9 (size before relaxing)
 .debug_str     0x0000000000002602      0x2a6 build/kernel/src/object.o
                                        0x6e6 (size before relaxing)
 .debug_str     0x00000000000028a8      0x1a1 build/kernel/src/scheduler.o
                                        0x58e (size before relaxing)
 .debug_str     0x0000000000002a49      0x1ed build/kernel/src/thread.o
                                        0x7a2 (size before relaxing)
 .debug_str     0x0000000000002c36      0x1b8 build/kernel/src/timer.o
                                        0x647 (size before relaxing)
 .debug_str     0x0000000000002dee      0x1ad build/kernel/libcpu/arm/cortex-m3/cpuport.o
                                        0x3ea (size before relaxing)
 .debug_str     0x0000000000002f9b      0x73b build/kernel/components/finsh/cmd.o
                                       0x113b (size before relaxing)
 .debug_str     0x00000000000036d6       0x5a build/kernel/components/libc/compilers/minilibc/stdlib.o
                                        0x257 (size before relaxing)

.comment        0x0000000000000000       0x6e
 .comment       0x0000000000000000       0x6e build/applications/main.o
                                         0x6f (size before relaxing)
 .comment       0x000000000000006e       0x6f build/board/board.o
 .comment       0x000000000000006e       0x6f build/Libraries/GD32F10x_standard_peripheral/Source/gd32f10x_gpio.o
 .comment       0x000000000000006e       0x6f build/Libraries/GD32F10x_standard_peripheral/Source/gd32f10x_misc.o
 .comment       0x000000000000006e       0x6f build/Libraries/GD32F10x_standard_peripheral/Source/gd32f10x_rcu.o
 .comment       0x000000000000006e       0x6f Libraries/CMSIS/GD/GD32F10x/Source/system_gd32f10x.o
 .comment       0x000000000000006e       0x6f build/kernel/src/clock.o
 .comment       0x000000000000006e       0x6f build/kernel/src/components.o
 .comment       0x000000000000006e       0x6f build/kernel/src/device.o
 .comment       0x000000000000006e       0x6f build/kernel/src/idle.o
 .comment       0x000000000000006e       0x6f build/kernel/src/ipc.o
 .comment       0x000000000000006e       0x6f build/kernel/src/irq.o
 .comment       0x000000000000006e       0x6f build/kernel/src/kservice.o
 .comment       0x000000000000006e       0x6f build/kernel/src/mem.o
 .comment       0x000000000000006e       0x6f build/kernel/src/object.o
 .comment       0x000000000000006e       0x6f build/kernel/src/scheduler.o
 .comment       0x000000000000006e       0x6f build/kernel/src/thread.o
 .comment       0x000000000000006e       0x6f build/kernel/src/timer.o
 .comment       0x000000000000006e       0x6f build/kernel/libcpu/arm/cortex-m3/cpuport.o
 .comment       0x000000000000006e       0x6f build/kernel/components/finsh/cmd.o
 .comment       0x000000000000006e       0x6f build/kernel/components/libc/compilers/minilibc/stdlib.o

.debug_frame    0x0000000000000000     0x30a0
 .debug_frame   0x0000000000000000       0x2c build/applications/main.o
 .debug_frame   0x000000000000002c       0xcc build/board/board.o
 .debug_frame   0x00000000000000f8      0x298 build/Libraries/GD32F10x_standard_peripheral/Source/gd32f10x_gpio.o
 .debug_frame   0x0000000000000390      0x124 build/Libraries/GD32F10x_standard_peripheral/Source/gd32f10x_misc.o
 .debug_frame   0x00000000000004b4      0x574 build/Libraries/GD32F10x_standard_peripheral/Source/gd32f10x_rcu.o
 .debug_frame   0x0000000000000a28       0x98 Libraries/CMSIS/GD/GD32F10x/Source/system_gd32f10x.o
 .debug_frame   0x0000000000000ac0       0xc0 build/kernel/src/clock.o
 .debug_frame   0x0000000000000b80      0x158 build/kernel/src/components.o
 .debug_frame   0x0000000000000cd8      0x20c build/kernel/src/device.o
 .debug_frame   0x0000000000000ee4      0x130 build/kernel/src/idle.o
 .debug_frame   0x0000000000001014      0x6cc build/kernel/src/ipc.o
 .debug_frame   0x00000000000016e0       0xcc build/kernel/src/irq.o
 .debug_frame   0x00000000000017ac      0x510 build/kernel/src/kservice.o
 .debug_frame   0x0000000000001cbc      0x180 build/kernel/src/mem.o
 .debug_frame   0x0000000000001e3c      0x27c build/kernel/src/object.o
 .debug_frame   0x00000000000020b8      0x214 build/kernel/src/scheduler.o
 .debug_frame   0x00000000000022cc      0x3cc build/kernel/src/thread.o
 .debug_frame   0x0000000000002698      0x300 build/kernel/src/timer.o
 .debug_frame   0x0000000000002998      0x158 build/kernel/libcpu/arm/cortex-m3/cpuport.o
 .debug_frame   0x0000000000002af0      0x3e8 build/kernel/components/finsh/cmd.o
 .debug_frame   0x0000000000002ed8       0xf0 build/kernel/components/libc/compilers/minilibc/stdlib.o
 .debug_frame   0x0000000000002fc8       0x50 /opt/gcc-arm-none-eabi-6_2-2016q4/bin/../lib/gcc/arm-none-eabi/6.2.1/../../../../arm-none-eabi/lib/thumb/v7-m/libc.a(lib_a-__call_atexit.o)
 .debug_frame   0x0000000000003018       0x20 /opt/gcc-arm-none-eabi-6_2-2016q4/bin/../lib/gcc/arm-none-eabi/6.2.1/../../../../arm-none-eabi/lib/thumb/v7-m/libc.a(lib_a-atexit.o)
 .debug_frame   0x0000000000003038       0x34 /opt/gcc-arm-none-eabi-6_2-2016q4/bin/../lib/gcc/arm-none-eabi/6.2.1/../../../../arm-none-eabi/lib/thumb/v7-m/libc.a(lib_a-fini.o)
 .debug_frame   0x000000000000306c       0x34 /opt/gcc-arm-none-eabi-6_2-2016q4/bin/../lib/gcc/arm-none-eabi/6.2.1/../../../../arm-none-eabi/lib/thumb/v7-m/libc.a(lib_a-__atexit.o)

Cross Reference Table

Symbol                                            File
ADC0_1_IRQHandler                                 Libraries/CMSIS/GD/GD32F10x/Source/GCC/startup_gd32f10x_hd.o
ADC2_IRQHandler                                   Libraries/CMSIS/GD/GD32F10x/Source/GCC/startup_gd32f10x_hd.o
BusFault_Handler                                  Libraries/CMSIS/GD/GD32F10x/Source/GCC/startup_gd32f10x_hd.o
CAN0_EWMC_IRQHandler                              Libraries/CMSIS/GD/GD32F10x/Source/GCC/startup_gd32f10x_hd.o
CAN0_RX1_IRQHandler                               Libraries/CMSIS/GD/GD32F10x/Source/GCC/startup_gd32f10x_hd.o
DMA0_Channel0_IRQHandler                          Libraries/CMSIS/GD/GD32F10x/Source/GCC/startup_gd32f10x_hd.o
DMA0_Channel1_IRQHandler                          Libraries/CMSIS/GD/GD32F10x/Source/GCC/startup_gd32f10x_hd.o
DMA0_Channel2_IRQHandler                          Libraries/CMSIS/GD/GD32F10x/Source/GCC/startup_gd32f10x_hd.o
DMA0_Channel3_IRQHandler                          Libraries/CMSIS/GD/GD32F10x/Source/GCC/startup_gd32f10x_hd.o
DMA0_Channel4_IRQHandler                          Libraries/CMSIS/GD/GD32F10x/Source/GCC/startup_gd32f10x_hd.o
DMA0_Channel5_IRQHandler                          Libraries/CMSIS/GD/GD32F10x/Source/GCC/startup_gd32f10x_hd.o
DMA0_Channel6_IRQHandler                          Libraries/CMSIS/GD/GD32F10x/Source/GCC/startup_gd32f10x_hd.o
DMA1_Channel0_IRQHandler                          Libraries/CMSIS/GD/GD32F10x/Source/GCC/startup_gd32f10x_hd.o
DMA1_Channel1_IRQHandler                          Libraries/CMSIS/GD/GD32F10x/Source/GCC/startup_gd32f10x_hd.o
DMA1_Channel2_IRQHandler                          Libraries/CMSIS/GD/GD32F10x/Source/GCC/startup_gd32f10x_hd.o
DMA1_Channel3_4_IRQHandler                        Libraries/CMSIS/GD/GD32F10x/Source/GCC/startup_gd32f10x_hd.o
DebugMon_Handler                                  Libraries/CMSIS/GD/GD32F10x/Source/GCC/startup_gd32f10x_hd.o
Default_Handler                                   Libraries/CMSIS/GD/GD32F10x/Source/GCC/startup_gd32f10x_hd.o
EXMC_IRQHandler                                   Libraries/CMSIS/GD/GD32F10x/Source/GCC/startup_gd32f10x_hd.o
EXTI0_IRQHandler                                  Libraries/CMSIS/GD/GD32F10x/Source/GCC/startup_gd32f10x_hd.o
EXTI10_15_IRQHandler                              Libraries/CMSIS/GD/GD32F10x/Source/GCC/startup_gd32f10x_hd.o
EXTI1_IRQHandler                                  Libraries/CMSIS/GD/GD32F10x/Source/GCC/startup_gd32f10x_hd.o
EXTI2_IRQHandler                                  Libraries/CMSIS/GD/GD32F10x/Source/GCC/startup_gd32f10x_hd.o
EXTI3_IRQHandler                                  Libraries/CMSIS/GD/GD32F10x/Source/GCC/startup_gd32f10x_hd.o
EXTI4_IRQHandler                                  Libraries/CMSIS/GD/GD32F10x/Source/GCC/startup_gd32f10x_hd.o
EXTI5_9_IRQHandler                                Libraries/CMSIS/GD/GD32F10x/Source/GCC/startup_gd32f10x_hd.o
Error_Handler                                     build/board/board.o
FMC_IRQHandler                                    Libraries/CMSIS/GD/GD32F10x/Source/GCC/startup_gd32f10x_hd.o
HardFault_Handler                                 build/kernel/libcpu/arm/cortex-m3/context_gcc.o
                                                  Libraries/CMSIS/GD/GD32F10x/Source/GCC/startup_gd32f10x_hd.o
I2C0_ER_IRQHandler                                Libraries/CMSIS/GD/GD32F10x/Source/GCC/startup_gd32f10x_hd.o
I2C0_EV_IRQHandler                                Libraries/CMSIS/GD/GD32F10x/Source/GCC/startup_gd32f10x_hd.o
I2C1_ER_IRQHandler                                Libraries/CMSIS/GD/GD32F10x/Source/GCC/startup_gd32f10x_hd.o
I2C1_EV_IRQHandler                                Libraries/CMSIS/GD/GD32F10x/Source/GCC/startup_gd32f10x_hd.o
LVD_IRQHandler                                    Libraries/CMSIS/GD/GD32F10x/Source/GCC/startup_gd32f10x_hd.o
MemManage_Handler                                 Libraries/CMSIS/GD/GD32F10x/Source/GCC/startup_gd32f10x_hd.o
NMI_Handler                                       Libraries/CMSIS/GD/GD32F10x/Source/GCC/startup_gd32f10x_hd.o
PendSV_Handler                                    build/kernel/libcpu/arm/cortex-m3/context_gcc.o
                                                  Libraries/CMSIS/GD/GD32F10x/Source/GCC/startup_gd32f10x_hd.o
RCU_IRQHandler                                    Libraries/CMSIS/GD/GD32F10x/Source/GCC/startup_gd32f10x_hd.o
RTC_Alarm_IRQHandler                              Libraries/CMSIS/GD/GD32F10x/Source/GCC/startup_gd32f10x_hd.o
RTC_IRQHandler                                    Libraries/CMSIS/GD/GD32F10x/Source/GCC/startup_gd32f10x_hd.o
Reset_Handler                                     Libraries/CMSIS/GD/GD32F10x/Source/GCC/startup_gd32f10x_hd.o
SDIO_IRQHandler                                   Libraries/CMSIS/GD/GD32F10x/Source/GCC/startup_gd32f10x_hd.o
SPI0_IRQHandler                                   Libraries/CMSIS/GD/GD32F10x/Source/GCC/startup_gd32f10x_hd.o
SPI1_IRQHandler                                   Libraries/CMSIS/GD/GD32F10x/Source/GCC/startup_gd32f10x_hd.o
SPI2_IRQHandler                                   Libraries/CMSIS/GD/GD32F10x/Source/GCC/startup_gd32f10x_hd.o
SVC_Handler                                       Libraries/CMSIS/GD/GD32F10x/Source/GCC/startup_gd32f10x_hd.o
SysTick_Handler                                   build/board/board.o
SystemCoreClock                                   Libraries/CMSIS/GD/GD32F10x/Source/system_gd32f10x.o
                                                  build/board/board.o
SystemCoreClockUpdate                             Libraries/CMSIS/GD/GD32F10x/Source/system_gd32f10x.o
                                                  build/board/board.o
SystemInit                                        Libraries/CMSIS/GD/GD32F10x/Source/system_gd32f10x.o
                                                  Libraries/CMSIS/GD/GD32F10x/Source/GCC/startup_gd32f10x_hd.o
TAMPER_IRQHandler                                 Libraries/CMSIS/GD/GD32F10x/Source/GCC/startup_gd32f10x_hd.o
TIMER0_BRK_IRQHandler                             Libraries/CMSIS/GD/GD32F10x/Source/GCC/startup_gd32f10x_hd.o
TIMER0_Channel_IRQHandler                         Libraries/CMSIS/GD/GD32F10x/Source/GCC/startup_gd32f10x_hd.o
TIMER0_TRG_CMT_IRQHandler                         Libraries/CMSIS/GD/GD32F10x/Source/GCC/startup_gd32f10x_hd.o
TIMER0_UP_IRQHandler                              Libraries/CMSIS/GD/GD32F10x/Source/GCC/startup_gd32f10x_hd.o
TIMER1_IRQHandler                                 Libraries/CMSIS/GD/GD32F10x/Source/GCC/startup_gd32f10x_hd.o
TIMER2_IRQHandler                                 Libraries/CMSIS/GD/GD32F10x/Source/GCC/startup_gd32f10x_hd.o
TIMER3_IRQHandler                                 Libraries/CMSIS/GD/GD32F10x/Source/GCC/startup_gd32f10x_hd.o
TIMER4_IRQHandler                                 Libraries/CMSIS/GD/GD32F10x/Source/GCC/startup_gd32f10x_hd.o
TIMER5_IRQHandler                                 Libraries/CMSIS/GD/GD32F10x/Source/GCC/startup_gd32f10x_hd.o
TIMER6_IRQHandler                                 Libraries/CMSIS/GD/GD32F10x/Source/GCC/startup_gd32f10x_hd.o
TIMER7_BRK_IRQHandler                             Libraries/CMSIS/GD/GD32F10x/Source/GCC/startup_gd32f10x_hd.o
TIMER7_Channel_IRQHandler                         Libraries/CMSIS/GD/GD32F10x/Source/GCC/startup_gd32f10x_hd.o
TIMER7_TRG_CMT_IRQHandler                         Libraries/CMSIS/GD/GD32F10x/Source/GCC/startup_gd32f10x_hd.o
TIMER7_UP_IRQHandler                              Libraries/CMSIS/GD/GD32F10x/Source/GCC/startup_gd32f10x_hd.o
UART3_IRQHandler                                  Libraries/CMSIS/GD/GD32F10x/Source/GCC/startup_gd32f10x_hd.o
UART4_IRQHandler                                  Libraries/CMSIS/GD/GD32F10x/Source/GCC/startup_gd32f10x_hd.o
USART0_IRQHandler                                 Libraries/CMSIS/GD/GD32F10x/Source/GCC/startup_gd32f10x_hd.o
USART1_IRQHandler                                 Libraries/CMSIS/GD/GD32F10x/Source/GCC/startup_gd32f10x_hd.o
USART2_IRQHandler                                 Libraries/CMSIS/GD/GD32F10x/Source/GCC/startup_gd32f10x_hd.o
USBD_HP_CAN0_TX_IRQHandler                        Libraries/CMSIS/GD/GD32F10x/Source/GCC/startup_gd32f10x_hd.o
USBD_LP_CAN0_RX0_IRQHandler                       Libraries/CMSIS/GD/GD32F10x/Source/GCC/startup_gd32f10x_hd.o
USBD_WKUP_IRQHandler                              Libraries/CMSIS/GD/GD32F10x/Source/GCC/startup_gd32f10x_hd.o
UsageFault_Handler                                Libraries/CMSIS/GD/GD32F10x/Source/GCC/startup_gd32f10x_hd.o
WWDGT_IRQHandler                                  Libraries/CMSIS/GD/GD32F10x/Source/GCC/startup_gd32f10x_hd.o
_Jv_RegisterClasses                               /opt/gcc-arm-none-eabi-6_2-2016q4/bin/../lib/gcc/arm-none-eabi/6.2.1/thumb/v7-m/crtbegin.o
__adddf3                                          /opt/gcc-arm-none-eabi-6_2-2016q4/bin/../lib/gcc/arm-none-eabi/6.2.1/thumb/v7-m/libgcc.a(_arm_addsubdf3.o)
__aeabi_d2iz                                      /opt/gcc-arm-none-eabi-6_2-2016q4/bin/../lib/gcc/arm-none-eabi/6.2.1/thumb/v7-m/libgcc.a(_arm_fixdfsi.o)
                                                  build/kernel/components/libc/compilers/minilibc/math.o
__aeabi_dadd                                      /opt/gcc-arm-none-eabi-6_2-2016q4/bin/../lib/gcc/arm-none-eabi/6.2.1/thumb/v7-m/libgcc.a(_arm_addsubdf3.o)
                                                  build/kernel/components/libc/compilers/minilibc/math.o
__aeabi_ddiv                                      /opt/gcc-arm-none-eabi-6_2-2016q4/bin/../lib/gcc/arm-none-eabi/6.2.1/thumb/v7-m/libgcc.a(_arm_muldivdf3.o)
__aeabi_dmul                                      /opt/gcc-arm-none-eabi-6_2-2016q4/bin/../lib/gcc/arm-none-eabi/6.2.1/thumb/v7-m/libgcc.a(_arm_muldivdf3.o)
                                                  build/kernel/components/libc/compilers/minilibc/math.o
__aeabi_drsub                                     /opt/gcc-arm-none-eabi-6_2-2016q4/bin/../lib/gcc/arm-none-eabi/6.2.1/thumb/v7-m/libgcc.a(_arm_addsubdf3.o)
__aeabi_dsub                                      /opt/gcc-arm-none-eabi-6_2-2016q4/bin/../lib/gcc/arm-none-eabi/6.2.1/thumb/v7-m/libgcc.a(_arm_addsubdf3.o)
                                                  build/kernel/components/libc/compilers/minilibc/math.o
__aeabi_f2d                                       /opt/gcc-arm-none-eabi-6_2-2016q4/bin/../lib/gcc/arm-none-eabi/6.2.1/thumb/v7-m/libgcc.a(_arm_addsubdf3.o)
__aeabi_i2d                                       /opt/gcc-arm-none-eabi-6_2-2016q4/bin/../lib/gcc/arm-none-eabi/6.2.1/thumb/v7-m/libgcc.a(_arm_addsubdf3.o)
                                                  build/kernel/components/libc/compilers/minilibc/math.o
__aeabi_l2d                                       /opt/gcc-arm-none-eabi-6_2-2016q4/bin/../lib/gcc/arm-none-eabi/6.2.1/thumb/v7-m/libgcc.a(_arm_addsubdf3.o)
__aeabi_ui2d                                      /opt/gcc-arm-none-eabi-6_2-2016q4/bin/../lib/gcc/arm-none-eabi/6.2.1/thumb/v7-m/libgcc.a(_arm_addsubdf3.o)
__aeabi_ul2d                                      /opt/gcc-arm-none-eabi-6_2-2016q4/bin/../lib/gcc/arm-none-eabi/6.2.1/thumb/v7-m/libgcc.a(_arm_addsubdf3.o)
__bss_end__                                       /opt/gcc-arm-none-eabi-6_2-2016q4/bin/../lib/gcc/arm-none-eabi/6.2.1/../../../../arm-none-eabi/lib/thumb/v7-m/crt0.o
__bss_start__                                     /opt/gcc-arm-none-eabi-6_2-2016q4/bin/../lib/gcc/arm-none-eabi/6.2.1/../../../../arm-none-eabi/lib/thumb/v7-m/crt0.o
__call_exitprocs                                  /opt/gcc-arm-none-eabi-6_2-2016q4/bin/../lib/gcc/arm-none-eabi/6.2.1/../../../../arm-none-eabi/lib/thumb/v7-m/libc.a(lib_a-__call_atexit.o)
                                                  /opt/gcc-arm-none-eabi-6_2-2016q4/bin/../lib/gcc/arm-none-eabi/6.2.1/../../../../arm-none-eabi/lib/thumb/v7-m/libc.a(lib_a-exit.o)
__deregister_frame_info                           /opt/gcc-arm-none-eabi-6_2-2016q4/bin/../lib/gcc/arm-none-eabi/6.2.1/thumb/v7-m/crtbegin.o
__div0                                            build/kernel/libcpu/arm/common/div0.o
__divdf3                                          /opt/gcc-arm-none-eabi-6_2-2016q4/bin/../lib/gcc/arm-none-eabi/6.2.1/thumb/v7-m/libgcc.a(_arm_muldivdf3.o)
__dso_handle                                      /opt/gcc-arm-none-eabi-6_2-2016q4/bin/../lib/gcc/arm-none-eabi/6.2.1/thumb/v7-m/crtbegin.o
__extendsfdf2                                     /opt/gcc-arm-none-eabi-6_2-2016q4/bin/../lib/gcc/arm-none-eabi/6.2.1/thumb/v7-m/libgcc.a(_arm_addsubdf3.o)
__fini_array_end                                  /opt/gcc-arm-none-eabi-6_2-2016q4/bin/../lib/gcc/arm-none-eabi/6.2.1/../../../../arm-none-eabi/lib/thumb/v7-m/libc.a(lib_a-fini.o)
__fini_array_start                                /opt/gcc-arm-none-eabi-6_2-2016q4/bin/../lib/gcc/arm-none-eabi/6.2.1/../../../../arm-none-eabi/lib/thumb/v7-m/libc.a(lib_a-fini.o)
__fixdfsi                                         /opt/gcc-arm-none-eabi-6_2-2016q4/bin/../lib/gcc/arm-none-eabi/6.2.1/thumb/v7-m/libgcc.a(_arm_fixdfsi.o)
__floatdidf                                       /opt/gcc-arm-none-eabi-6_2-2016q4/bin/../lib/gcc/arm-none-eabi/6.2.1/thumb/v7-m/libgcc.a(_arm_addsubdf3.o)
__floatsidf                                       /opt/gcc-arm-none-eabi-6_2-2016q4/bin/../lib/gcc/arm-none-eabi/6.2.1/thumb/v7-m/libgcc.a(_arm_addsubdf3.o)
__floatundidf                                     /opt/gcc-arm-none-eabi-6_2-2016q4/bin/../lib/gcc/arm-none-eabi/6.2.1/thumb/v7-m/libgcc.a(_arm_addsubdf3.o)
__floatunsidf                                     /opt/gcc-arm-none-eabi-6_2-2016q4/bin/../lib/gcc/arm-none-eabi/6.2.1/thumb/v7-m/libgcc.a(_arm_addsubdf3.o)
__fsym___cmd_free                                 build/kernel/components/finsh/msh.o
__fsym___cmd_free_desc                            build/kernel/components/finsh/msh.o
__fsym___cmd_free_name                            build/kernel/components/finsh/msh.o
__fsym___cmd_help                                 build/kernel/components/finsh/msh.o
__fsym___cmd_help_desc                            build/kernel/components/finsh/msh.o
__fsym___cmd_help_name                            build/kernel/components/finsh/msh.o
__fsym___cmd_list_device                          build/kernel/components/finsh/cmd.o
__fsym___cmd_list_device_desc                     build/kernel/components/finsh/cmd.o
__fsym___cmd_list_device_name                     build/kernel/components/finsh/cmd.o
__fsym___cmd_list_event                           build/kernel/components/finsh/cmd.o
__fsym___cmd_list_event_desc                      build/kernel/components/finsh/cmd.o
__fsym___cmd_list_event_name                      build/kernel/components/finsh/cmd.o
__fsym___cmd_list_mailbox                         build/kernel/components/finsh/cmd.o
__fsym___cmd_list_mailbox_desc                    build/kernel/components/finsh/cmd.o
__fsym___cmd_list_mailbox_name                    build/kernel/components/finsh/cmd.o
__fsym___cmd_list_mempool                         build/kernel/components/finsh/cmd.o
__fsym___cmd_list_mempool_desc                    build/kernel/components/finsh/cmd.o
__fsym___cmd_list_mempool_name                    build/kernel/components/finsh/cmd.o
__fsym___cmd_list_msgqueue                        build/kernel/components/finsh/cmd.o
__fsym___cmd_list_msgqueue_desc                   build/kernel/components/finsh/cmd.o
__fsym___cmd_list_msgqueue_name                   build/kernel/components/finsh/cmd.o
__fsym___cmd_list_mutex                           build/kernel/components/finsh/cmd.o
__fsym___cmd_list_mutex_desc                      build/kernel/components/finsh/cmd.o
__fsym___cmd_list_mutex_name                      build/kernel/components/finsh/cmd.o
__fsym___cmd_list_sem                             build/kernel/components/finsh/cmd.o
__fsym___cmd_list_sem_desc                        build/kernel/components/finsh/cmd.o
__fsym___cmd_list_sem_name                        build/kernel/components/finsh/cmd.o
__fsym___cmd_list_thread                          build/kernel/components/finsh/cmd.o
__fsym___cmd_list_thread_desc                     build/kernel/components/finsh/cmd.o
__fsym___cmd_list_thread_name                     build/kernel/components/finsh/cmd.o
__fsym___cmd_list_timer                           build/kernel/components/finsh/cmd.o
__fsym___cmd_list_timer_desc                      build/kernel/components/finsh/cmd.o
__fsym___cmd_list_timer_name                      build/kernel/components/finsh/cmd.o
__fsym___cmd_ps                                   build/kernel/components/finsh/msh.o
__fsym___cmd_ps_desc                              build/kernel/components/finsh/msh.o
__fsym___cmd_ps_name                              build/kernel/components/finsh/msh.o
__fsym___cmd_version                              build/kernel/components/finsh/cmd.o
__fsym___cmd_version_desc                         build/kernel/components/finsh/cmd.o
__fsym___cmd_version_name                         build/kernel/components/finsh/cmd.o
__fsym_hello                                      build/kernel/components/finsh/cmd.o
__fsym_hello_desc                                 build/kernel/components/finsh/cmd.o
__fsym_hello_name                                 build/kernel/components/finsh/cmd.o
__fsym_list                                       build/kernel/components/finsh/cmd.o
__fsym_list_desc                                  build/kernel/components/finsh/cmd.o
__fsym_list_device                                build/kernel/components/finsh/cmd.o
__fsym_list_device_desc                           build/kernel/components/finsh/cmd.o
__fsym_list_device_name                           build/kernel/components/finsh/cmd.o
__fsym_list_event                                 build/kernel/components/finsh/cmd.o
__fsym_list_event_desc                            build/kernel/components/finsh/cmd.o
__fsym_list_event_name                            build/kernel/components/finsh/cmd.o
__fsym_list_mailbox                               build/kernel/components/finsh/cmd.o
__fsym_list_mailbox_desc                          build/kernel/components/finsh/cmd.o
__fsym_list_mailbox_name                          build/kernel/components/finsh/cmd.o
__fsym_list_mem                                   build/kernel/src/mem.o
__fsym_list_mem_desc                              build/kernel/src/mem.o
__fsym_list_mem_name                              build/kernel/src/mem.o
__fsym_list_mempool                               build/kernel/components/finsh/cmd.o
__fsym_list_mempool_desc                          build/kernel/components/finsh/cmd.o
__fsym_list_mempool_name                          build/kernel/components/finsh/cmd.o
__fsym_list_msgqueue                              build/kernel/components/finsh/cmd.o
__fsym_list_msgqueue_desc                         build/kernel/components/finsh/cmd.o
__fsym_list_msgqueue_name                         build/kernel/components/finsh/cmd.o
__fsym_list_mutex                                 build/kernel/components/finsh/cmd.o
__fsym_list_mutex_desc                            build/kernel/components/finsh/cmd.o
__fsym_list_mutex_name                            build/kernel/components/finsh/cmd.o
__fsym_list_name                                  build/kernel/components/finsh/cmd.o
__fsym_list_sem                                   build/kernel/components/finsh/cmd.o
__fsym_list_sem_desc                              build/kernel/components/finsh/cmd.o
__fsym_list_sem_name                              build/kernel/components/finsh/cmd.o
__fsym_list_thread                                build/kernel/components/finsh/cmd.o
__fsym_list_thread_desc                           build/kernel/components/finsh/cmd.o
__fsym_list_thread_name                           build/kernel/components/finsh/cmd.o
__fsym_list_timer                                 build/kernel/components/finsh/cmd.o
__fsym_list_timer_desc                            build/kernel/components/finsh/cmd.o
__fsym_list_timer_name                            build/kernel/components/finsh/cmd.o
__fsym_pinMode                                    build/kernel/components/drivers/misc/pin.o
__fsym_pinMode_desc                               build/kernel/components/drivers/misc/pin.o
__fsym_pinMode_name                               build/kernel/components/drivers/misc/pin.o
__fsym_pinRead                                    build/kernel/components/drivers/misc/pin.o
__fsym_pinRead_desc                               build/kernel/components/drivers/misc/pin.o
__fsym_pinRead_name                               build/kernel/components/drivers/misc/pin.o
__fsym_pinWrite                                   build/kernel/components/drivers/misc/pin.o
__fsym_pinWrite_desc                              build/kernel/components/drivers/misc/pin.o
__fsym_pinWrite_name                              build/kernel/components/drivers/misc/pin.o
__fsym_version                                    build/kernel/components/finsh/cmd.o
__fsym_version_desc                               build/kernel/components/finsh/cmd.o
__fsym_version_name                               build/kernel/components/finsh/cmd.o
__fsymtab_end                                     build/kernel/components/finsh/shell.o
__fsymtab_start                                   build/kernel/components/finsh/shell.o
__init_array_end                                  /opt/gcc-arm-none-eabi-6_2-2016q4/bin/../lib/gcc/arm-none-eabi/6.2.1/../../../../arm-none-eabi/lib/thumb/v7-m/libc.a(lib_a-init.o)
__init_array_start                                /opt/gcc-arm-none-eabi-6_2-2016q4/bin/../lib/gcc/arm-none-eabi/6.2.1/../../../../arm-none-eabi/lib/thumb/v7-m/libc.a(lib_a-init.o)
__isleap                                          build/kernel/components/libc/compilers/minilibc/time.o
__libc_fini                                       /opt/gcc-arm-none-eabi-6_2-2016q4/bin/../lib/gcc/arm-none-eabi/6.2.1/../../../../arm-none-eabi/lib/thumb/v7-m/libc.a(lib_a-__call_atexit.o)
__libc_fini_array                                 /opt/gcc-arm-none-eabi-6_2-2016q4/bin/../lib/gcc/arm-none-eabi/6.2.1/../../../../arm-none-eabi/lib/thumb/v7-m/libc.a(lib_a-fini.o)
                                                  /opt/gcc-arm-none-eabi-6_2-2016q4/bin/../lib/gcc/arm-none-eabi/6.2.1/../../../../arm-none-eabi/lib/thumb/v7-m/libc.a(lib_a-__call_atexit.o)
                                                  /opt/gcc-arm-none-eabi-6_2-2016q4/bin/../lib/gcc/arm-none-eabi/6.2.1/../../../../arm-none-eabi/lib/thumb/v7-m/crt0.o
__libc_init_array                                 /opt/gcc-arm-none-eabi-6_2-2016q4/bin/../lib/gcc/arm-none-eabi/6.2.1/../../../../arm-none-eabi/lib/thumb/v7-m/libc.a(lib_a-init.o)
                                                  /opt/gcc-arm-none-eabi-6_2-2016q4/bin/../lib/gcc/arm-none-eabi/6.2.1/../../../../arm-none-eabi/lib/thumb/v7-m/crt0.o
__muldf3                                          /opt/gcc-arm-none-eabi-6_2-2016q4/bin/../lib/gcc/arm-none-eabi/6.2.1/thumb/v7-m/libgcc.a(_arm_muldivdf3.o)