Archive member included to satisfy reference by file (symbol)

/opt/gcc-arm-none-eabi-6_2-2016q4/bin/../lib/gcc/arm-none-eabi/6.2.1/../../../../arm-none-eabi/lib/thumb/v7-m/libc.a(lib_a-fclose.o)
                              build/kernel/components/libc/compilers/newlib/stdio.o (fclose)
/opt/gcc-arm-none-eabi-6_2-2016q4/bin/../lib/gcc/arm-none-eabi/6.2.1/../../../../arm-none-eabi/lib/thumb/v7-m/libc.a(lib_a-fflush.o)
                              /opt/gcc-arm-none-eabi-6_2-2016q4/bin/../lib/gcc/arm-none-eabi/6.2.1/../../../../arm-none-eabi/lib/thumb/v7-m/libc.a(lib_a-fclose.o) (__sflush_r)
/opt/gcc-arm-none-eabi-6_2-2016q4/bin/../lib/gcc/arm-none-eabi/6.2.1/../../../../arm-none-eabi/lib/thumb/v7-m/libc.a(lib_a-fileno.o)
                              build/kernel/components/libc/compilers/newlib/stdio.o (fileno)
/opt/gcc-arm-none-eabi-6_2-2016q4/bin/../lib/gcc/arm-none-eabi/6.2.1/../../../../arm-none-eabi/lib/thumb/v7-m/libc.a(lib_a-findfp.o)
                              /opt/gcc-arm-none-eabi-6_2-2016q4/bin/../lib/gcc/arm-none-eabi/6.2.1/../../../../arm-none-eabi/lib/thumb/v7-m/libc.a(lib_a-fclose.o) (__sinit)
/opt/gcc-arm-none-eabi-6_2-2016q4/bin/../lib/gcc/arm-none-eabi/6.2.1/../../../../arm-none-eabi/lib/thumb/v7-m/libc.a(lib_a-fopen.o)
                              build/kernel/components/libc/compilers/newlib/stdio.o (fopen)
/opt/gcc-arm-none-eabi-6_2-2016q4/bin/../lib/gcc/arm-none-eabi/6.2.1/../../../../arm-none-eabi/lib/thumb/v7-m/libc.a(lib_a-fseek.o)
                              /opt/gcc-arm-none-eabi-6_2-2016q4/bin/../lib/gcc/arm-none-eabi/6.2.1/../../../../arm-none-eabi/lib/thumb/v7-m/libc.a(lib_a-fopen.o) (_fseek_r)
/opt/gcc-arm-none-eabi-6_2-2016q4/bin/../lib/gcc/arm-none-eabi/6.2.1/../../../../arm-none-eabi/lib/thumb/v7-m/libc.a(lib_a-fseeko.o)
                              /opt/gcc-arm-none-eabi-6_2-2016q4/bin/../lib/gcc/arm-none-eabi/6.2.1/../../../../arm-none-eabi/lib/thumb/v7-m/libc.a(lib_a-fseek.o) (_fseeko_r)
/opt/gcc-arm-none-eabi-6_2-2016q4/bin/../lib/gcc/arm-none-eabi/6.2.1/../../../../arm-none-eabi/lib/thumb/v7-m/libc.a(lib_a-fwalk.o)
                              /opt/gcc-arm-none-eabi-6_2-2016q4/bin/../lib/gcc/arm-none-eabi/6.2.1/../../../../arm-none-eabi/lib/thumb/v7-m/libc.a(lib_a-findfp.o) (_fwalk)
/opt/gcc-arm-none-eabi-6_2-2016q4/bin/../lib/gcc/arm-none-eabi/6.2.1/../../../../arm-none-eabi/lib/thumb/v7-m/libc.a(lib_a-impure.o)
                              build/kernel/components/libc/compilers/newlib/stdio.o (_global_impure_ptr)
/opt/gcc-arm-none-eabi-6_2-2016q4/bin/../lib/gcc/arm-none-eabi/6.2.1/../../../../arm-none-eabi/lib/thumb/v7-m/libc.a(lib_a-makebuf.o)
                              /opt/gcc-arm-none-eabi-6_2-2016q4/bin/../lib/gcc/arm-none-eabi/6.2.1/../../../../arm-none-eabi/lib/thumb/v7-m/libc.a(lib_a-fseeko.o) (__smakebuf_r)
/opt/gcc-arm-none-eabi-6_2-2016q4/bin/../lib/gcc/arm-none-eabi/6.2.1/../../../../arm-none-eabi/lib/thumb/v7-m/libc.a(lib_a-memcmp.o)
                              build/kernel/components/finsh/shell.o (memcmp)
/opt/gcc-arm-none-eabi-6_2-2016q4/bin/../lib/gcc/arm-none-eabi/6.2.1/../../../../arm-none-eabi/lib/thumb/v7-m/libc.a(lib_a-memcpy.o)
                              build/kernel/components/drivers/src/ringbuffer.o (memcpy)
/opt/gcc-arm-none-eabi-6_2-2016q4/bin/../lib/gcc/arm-none-eabi/6.2.1/../../../../arm-none-eabi/lib/thumb/v7-m/libc.a(lib_a-memset.o)
                              /opt/gcc-arm-none-eabi-6_2-2016q4/bin/../lib/gcc/arm-none-eabi/6.2.1/../../../../arm-none-eabi/lib/thumb/v7-m/crt0.o (memset)
/opt/gcc-arm-none-eabi-6_2-2016q4/bin/../lib/gcc/arm-none-eabi/6.2.1/../../../../arm-none-eabi/lib/thumb/v7-m/libc.a(lib_a-refill.o)
                              /opt/gcc-arm-none-eabi-6_2-2016q4/bin/../lib/gcc/arm-none-eabi/6.2.1/../../../../arm-none-eabi/lib/thumb/v7-m/libc.a(lib_a-fseeko.o) (__srefill_r)
/opt/gcc-arm-none-eabi-6_2-2016q4/bin/../lib/gcc/arm-none-eabi/6.2.1/../../../../arm-none-eabi/lib/thumb/v7-m/libc.a(lib_a-setvbuf.o)
                              build/kernel/components/libc/compilers/newlib/stdio.o (setvbuf)
/opt/gcc-arm-none-eabi-6_2-2016q4/bin/../lib/gcc/arm-none-eabi/6.2.1/../../../../arm-none-eabi/lib/thumb/v7-m/libc.a(lib_a-snprintf.o)
                              build/kernel/components/libc/compilers/newlib/stdio.o (snprintf)
/opt/gcc-arm-none-eabi-6_2-2016q4/bin/../lib/gcc/arm-none-eabi/6.2.1/../../../../arm-none-eabi/lib/thumb/v7-m/libc.a(lib_a-stdio.o)
                              /opt/gcc-arm-none-eabi-6_2-2016q4/bin/../lib/gcc/arm-none-eabi/6.2.1/../../../../arm-none-eabi/lib/thumb/v7-m/libc.a(lib_a-findfp.o) (__sread)
/opt/gcc-arm-none-eabi-6_2-2016q4/bin/../lib/gcc/arm-none-eabi/6.2.1/../../../../arm-none-eabi/lib/thumb/v7-m/libc.a(lib_a-strcpy.o)
                              build/kernel/components/finsh/shell.o (strcpy)
/opt/gcc-arm-none-eabi-6_2-2016q4/bin/../lib/gcc/arm-none-eabi/6.2.1/../../../../arm-none-eabi/lib/thumb/v7-m/libc.a(lib_a-strlen-stub.o)
[...]
Memory Configuration

Name             Origin             Length             Attributes
ROM              0x0000000008000000 0x0000000000080000 xr
RAM              0x0000000020000000 0x0000000000010000 rw
*default*        0x0000000000000000 0xffffffffffffffff

Linker script and memory map

LOAD /opt/gcc-arm-none-eabi-6_2-2016q4/bin/../lib/gcc/arm-none-eabi/6.2.1/thumb/v7-m/crti.o
LOAD /opt/gcc-arm-none-eabi-6_2-2016q4/bin/../lib/gcc/arm-none-eabi/6.2.1/thumb/v7-m/crtbegin.o
LOAD /opt/gcc-arm-none-eabi-6_2-2016q4/bin/../lib/gcc/arm-none-eabi/6.2.1/../../../../arm-none-eabi/lib/thumb/v7-m/crt0.o
LOAD build/applications/bsp_i2c_gpio.o
LOAD build/applications/gd32f10x_it.o
LOAD build/applications/main.o
LOAD build/board/board.o
LOAD build/board/drv_usart.o
LOAD build/Libraries/GD32F10x_standard_peripheral/Source/gd32f10x_adc.o
LOAD build/Libraries/GD32F10x_standard_peripheral/Source/gd32f10x_bkp.o
LOAD build/Libraries/GD32F10x_standard_peripheral/Source/gd32f10x_can.o
LOAD build/Libraries/GD32F10x_standard_peripheral/Source/gd32f10x_crc.o
LOAD build/Libraries/GD32F10x_standard_peripheral/Source/gd32f10x_dac.o
LOAD build/Libraries/GD32F10x_standard_peripheral/Source/gd32f10x_dbg.o
LOAD build/Libraries/GD32F10x_standard_peripheral/Source/gd32f10x_dma.o
LOAD build/Libraries/GD32F10x_standard_peripheral/Source/gd32f10x_enet.o
LOAD build/Libraries/GD32F10x_standard_peripheral/Source/gd32f10x_exmc.o
LOAD build/Libraries/GD32F10x_standard_peripheral/Source/gd32f10x_exti.o
LOAD build/Libraries/GD32F10x_standard_peripheral/Source/gd32f10x_fmc.o
LOAD build/Libraries/GD32F10x_standard_peripheral/Source/gd32f10x_fwdgt.o
LOAD build/Libraries/GD32F10x_standard_peripheral/Source/gd32f10x_gpio.o
LOAD build/Libraries/GD32F10x_standard_peripheral/Source/gd32f10x_i2c.o
LOAD build/Libraries/GD32F10x_standard_peripheral/Source/gd32f10x_misc.o
LOAD build/Libraries/GD32F10x_standard_peripheral/Source/gd32f10x_pmu.o
LOAD build/Libraries/GD32F10x_standard_peripheral/Source/gd32f10x_rcu.o
LOAD build/Libraries/GD32F10x_standard_peripheral/Source/gd32f10x_rtc.o
LOAD build/Libraries/GD32F10x_standard_peripheral/Source/gd32f10x_sdio.o
LOAD build/Libraries/GD32F10x_standard_peripheral/Source/gd32f10x_spi.o
LOAD build/Libraries/GD32F10x_standard_peripheral/Source/gd32f10x_timer.o
LOAD build/Libraries/GD32F10x_standard_peripheral/Source/gd32f10x_usart.o
LOAD build/Libraries/GD32F10x_standard_peripheral/Source/gd32f10x_wwdgt.o
LOAD Libraries/CMSIS/GD/GD32F10x/Source/system_gd32f10x.o
LOAD Libraries/CMSIS/GD/GD32F10x/Source/GCC/startup_gd32f10x_hd.o
LOAD build/kernel/src/clock.o
LOAD build/kernel/src/components.o
LOAD build/kernel/src/device.o
LOAD build/kernel/src/idle.o
LOAD build/kernel/src/ipc.o
LOAD build/kernel/src/irq.o
LOAD build/kernel/src/kservice.o
LOAD build/kernel/src/mem.o
LOAD build/kernel/src/mempool.o
LOAD build/kernel/src/object.o
LOAD build/kernel/src/scheduler.o
LOAD build/kernel/src/signal.o
LOAD build/kernel/src/thread.o
LOAD build/kernel/src/timer.o
LOAD build/kernel/libcpu/arm/cortex-m3/cpuport.o
LOAD build/kernel/libcpu/arm/cortex-m3/context_gcc.o
LOAD build/kernel/libcpu/arm/common/backtrace.o
LOAD build/kernel/libcpu/arm/common/div0.o
LOAD build/kernel/libcpu/arm/common/showmem.o
LOAD build/kernel/components/drivers/misc/pin.o
LOAD build/kernel/components/drivers/serial/serial.o
LOAD build/kernel/components/drivers/src/completion.o
LOAD build/kernel/components/drivers/src/dataqueue.o
LOAD build/kernel/components/drivers/src/pipe.o
LOAD build/kernel/components/drivers/src/ringblk_buf.o
LOAD build/kernel/components/drivers/src/ringbuffer.o
LOAD build/kernel/components/drivers/src/waitqueue.o
LOAD build/kernel/components/drivers/src/workqueue.o
LOAD build/kernel/components/finsh/shell.o
LOAD build/kernel/components/finsh/cmd.o
LOAD build/kernel/components/finsh/msh.o
LOAD build/kernel/components/libc/compilers/newlib/libc.o
LOAD build/kernel/components/libc/compilers/newlib/libc_syms.o
LOAD build/kernel/components/libc/compilers/newlib/stdio.o
LOAD build/kernel/components/libc/compilers/newlib/syscalls.o
LOAD build/kernel/components/libc/compilers/newlib/time.o
LOAD /opt/gcc-arm-none-eabi-6_2-2016q4/bin/../lib/gcc/arm-none-eabi/6.2.1/../../../../arm-none-eabi/lib/thumb/v7-m/libc.a
LOAD /opt/gcc-arm-none-eabi-6_2-2016q4/bin/../lib/gcc/arm-none-eabi/6.2.1/../../../../arm-none-eabi/lib/thumb/v7-m/libm.a
START GROUP
LOAD /opt/gcc-arm-none-eabi-6_2-2016q4/bin/../lib/gcc/arm-none-eabi/6.2.1/thumb/v7-m/libgcc.a
LOAD /opt/gcc-arm-none-eabi-6_2-2016q4/bin/../lib/gcc/arm-none-eabi/6.2.1/../../../../arm-none-eabi/lib/thumb/v7-m/libc.a
END GROUP
LOAD /opt/gcc-arm-none-eabi-6_2-2016q4/bin/../lib/gcc/arm-none-eabi/6.2.1/thumb/v7-m/crtend.o
LOAD /opt/gcc-arm-none-eabi-6_2-2016q4/bin/../lib/gcc/arm-none-eabi/6.2.1/thumb/v7-m/crtn.o
                0x0000000000000200                _system_stack_size = 0x200

.text           0x0000000008000000     0x98d8
                0x0000000008000000                . = ALIGN (0x4)
                0x0000000008000000                _stext = .
 *(.isr_vector)
 .isr_vector    0x0000000008000000      0x130 Libraries/CMSIS/GD/GD32F10x/Source/GCC/startup_gd32f10x_hd.o
                0x0000000008000000                g_pfnVectors
                0x0000000008000130                . = ALIGN (0x4)
 *(.text)
 .text          0x0000000008000130       0x6c /opt/gcc-arm-none-eabi-6_2-2016q4/bin/../lib/gcc/arm-none-eabi/6.2.1/thumb/v7-m/crtbegin.o
 .text          0x000000000800019c      0x100 build/kernel/libcpu/arm/cortex-m3/context_gcc.o
                0x000000000800019c                rt_hw_interrupt_disable
                0x00000000080001a4                rt_hw_interrupt_enable
                0x00000000080001aa                rt_hw_context_switch_interrupt
                0x00000000080001aa                rt_hw_context_switch
                0x00000000080001ca                PendSV_Handler
                0x0000000008000206                rt_hw_context_switch_to
                0x0000000008000242                rt_hw_interrupt_thread_switch
                0x0000000008000246                HardFault_Handler
                0x000000000800027c                rt_hw_interrupt_check
 .text          0x000000000800029c       0xec /opt/gcc-arm-none-eabi-6_2-2016q4/bin/../lib/gcc/arm-none-eabi/6.2.1/../../../../arm-none-eabi/lib/thumb/v7-m/libc.a(lib_a-memcpy.o)
                0x000000000800029c                memcpy
 *(.text.*)
 .text.NMI_Handler
                0x0000000008000388        0xc build/applications/gd32f10x_it.o
                0x0000000008000388                NMI_Handler
 .text.MemManage_Handler
                0x0000000008000394        0x6 build/applications/gd32f10x_it.o
                0x0000000008000394                MemManage_Handler
 .text.BusFault_Handler
                0x000000000800039a        0x6 build/applications/gd32f10x_it.o
                0x000000000800039a                BusFault_Handler
 .text.UsageFault_Handler
                0x00000000080003a0        0x6 build/applications/gd32f10x_it.o
                0x00000000080003a0                UsageFault_Handler
 .text.SVC_Handler
                0x00000000080003a6        0xc build/applications/gd32f10x_it.o
                0x00000000080003a6                SVC_Handler
 .text.DebugMon_Handler
                0x00000000080003b2        0xc build/applications/gd32f10x_it.o
                0x00000000080003b2                DebugMon_Handler
 *fill*         0x00000000080003be        0x2 00000000
 .text.thread1_entry
                0x00000000080003c0       0x38 build/applications/main.o
                0x00000000080003c0                thread1_entry
 .text.thread2_entry
                0x00000000080003f8       0x3c build/applications/main.o
                0x00000000080003f8                thread2_entry
 .text.main     0x0000000008000434       0xc0 build/applications/main.o
                0x0000000008000434                main
 .text._SysTick_Config
                0x00000000080004f4       0x4c build/board/board.o
 .text.rt_hw_board_init
                0x0000000008000540       0x54 build/board/board.o
                0x0000000008000540                rt_hw_board_init
 .text.SysTick_Handler
                0x0000000008000594       0x14 build/board/board.o
                0x0000000008000594                SysTick_Handler
 .text.NVIC_EnableIRQ
                0x00000000080005a8       0x30 build/board/drv_usart.o
 .text.NVIC_DisableIRQ
                0x00000000080005d8       0x34 build/board/drv_usart.o
 .text.NVIC_SetPriority
                0x000000000800060c       0x54 build/board/drv_usart.o
 .text.USART0_IRQHandler
                0x0000000008000660       0x1c build/board/drv_usart.o
                0x0000000008000660                USART0_IRQHandler
 .text.gd32_uart_gpio_init
                0x000000000800067c       0x68 build/board/drv_usart.o
                0x000000000800067c                gd32_uart_gpio_init
 .text.gd32_configure
                0x00000000080006e4      0x118 build/board/drv_usart.o
 .text.gd32_control
                0x00000000080007fc       0x78 build/board/drv_usart.o
 .text.gd32_putc
                0x0000000008000874       0x58 build/board/drv_usart.o
 .text.gd32_getc
                0x00000000080008cc       0x5c build/board/drv_usart.o
 .text.uart_isr
                0x0000000008000928       0x6c build/board/drv_usart.o
 .text.gd32_hw_usart_init
                0x0000000008000994       0x9c build/board/drv_usart.o
                0x0000000008000994                gd32_hw_usart_init
 .text.gpio_init
                0x0000000008000a30      0x14c build/Libraries/GD32F10x_standard_peripheral/Source/gd32f10x_gpio.o
                0x0000000008000a30                gpio_init
 .text.gpio_bit_set
                0x0000000008000b7c       0x1e build/Libraries/GD32F10x_standard_peripheral/Source/gd32f10x_gpio.o
                0x0000000008000b7c                gpio_bit_set
 .text.gpio_bit_reset
                0x0000000008000b9a       0x1e build/Libraries/GD32F10x_standard_peripheral/Source/gd32f10x_gpio.o
                0x0000000008000b9a                gpio_bit_reset
 .text.gpio_output_bit_get
                0x0000000008000bb8       0x28 build/Libraries/GD32F10x_standard_peripheral/Source/gd32f10x_gpio.o
                0x0000000008000bb8                gpio_output_bit_get
 .text.nvic_priority_group_set
                0x0000000008000be0       0x24 build/Libraries/GD32F10x_standard_peripheral/Source/gd32f10x_misc.o
                0x0000000008000be0                nvic_priority_group_set
 .text.rcu_periph_clock_enable
                0x0000000008000c04       0x44 build/Libraries/GD32F10x_standard_peripheral/Source/gd32f10x_rcu.o
                0x0000000008000c04                rcu_periph_clock_enable
 .text.rcu_clock_freq_get
                0x0000000008000c48      0x194 build/Libraries/GD32F10x_standard_peripheral/Source/gd32f10x_rcu.o
                0x0000000008000c48                rcu_clock_freq_get
 .text.usart_baudrate_set
                0x0000000008000ddc       0xc4 build/Libraries/GD32F10x_standard_peripheral/Source/gd32f10x_usart.o
                0x0000000008000ddc                usart_baudrate_set
 .text.usart_parity_config
                0x0000000008000ea0       0x38 build/Libraries/GD32F10x_standard_peripheral/Source/gd32f10x_usart.o
                0x0000000008000ea0                usart_parity_config
 .text.usart_word_length_set
                0x0000000008000ed8       0x38 build/Libraries/GD32F10x_standard_peripheral/Source/gd32f10x_usart.o
                0x0000000008000ed8                usart_word_length_set
 .text.usart_stop_bit_set
                0x0000000008000f10       0x38 build/Libraries/GD32F10x_standard_peripheral/Source/gd32f10x_usart.o
                0x0000000008000f10                usart_stop_bit_set
 .text.usart_enable
                0x0000000008000f48       0x24 build/Libraries/GD32F10x_standard_peripheral/Source/gd32f10x_usart.o
                0x0000000008000f48                usart_enable
 .text.usart_transmit_config
                0x0000000008000f6c       0x3a build/Libraries/GD32F10x_standard_peripheral/Source/gd32f10x_usart.o
                0x0000000008000f6c                usart_transmit_config
 .text.usart_receive_config
                0x0000000008000fa6       0x3a build/Libraries/GD32F10x_standard_peripheral/Source/gd32f10x_usart.o
                0x0000000008000fa6                usart_receive_config
 .text.usart_data_transmit
                0x0000000008000fe0       0x22 build/Libraries/GD32F10x_standard_peripheral/Source/gd32f10x_usart.o
                0x0000000008000fe0                usart_data_transmit
 .text.usart_data_receive
                0x0000000008001002       0x20 build/Libraries/GD32F10x_standard_peripheral/Source/gd32f10x_usart.o
                0x0000000008001002                usart_data_receive
 .text.usart_flag_get
                0x0000000008001022       0x38 build/Libraries/GD32F10x_standard_peripheral/Source/gd32f10x_usart.o
                0x0000000008001022                usart_flag_get
 .text.usart_flag_clear
                0x000000000800105a       0x3c build/Libraries/GD32F10x_standard_peripheral/Source/gd32f10x_usart.o
                0x000000000800105a                usart_flag_clear
 .text.usart_interrupt_enable
                0x0000000008001096       0x40 build/Libraries/GD32F10x_standard_peripheral/Source/gd32f10x_usart.o
                0x0000000008001096                usart_interrupt_enable
 .text.usart_interrupt_disable
                0x00000000080010d6       0x42 build/Libraries/GD32F10x_standard_peripheral/Source/gd32f10x_usart.o
                0x00000000080010d6                usart_interrupt_disable
 .text.usart_interrupt_flag_get
                0x0000000008001118       0x68 build/Libraries/GD32F10x_standard_peripheral/Source/gd32f10x_usart.o
                0x0000000008001118                usart_interrupt_flag_get
 .text.system_clock_config
                0x0000000008001180        0xc Libraries/CMSIS/GD/GD32F10x/Source/system_gd32f10x.o
 .text.SystemInit
                0x000000000800118c       0x78 Libraries/CMSIS/GD/GD32F10x/Source/system_gd32f10x.o
                0x000000000800118c                SystemInit
 .text.SystemCoreClockUpdate
                0x0000000008001204       0xc8 Libraries/CMSIS/GD/GD32F10x/Source/system_gd32f10x.o
                0x0000000008001204                SystemCoreClockUpdate
 .text.system_clock_108m_hxtal
                0x00000000080012cc       0xf0 Libraries/CMSIS/GD/GD32F10x/Source/system_gd32f10x.o
 .text.Reset_Handler
                0x00000000080013bc       0x4c Libraries/CMSIS/GD/GD32F10x/Source/GCC/startup_gd32f10x_hd.o
                0x00000000080013bc                Reset_Handler
 .text.Default_Handler
                0x0000000008001408        0x2 Libraries/CMSIS/GD/GD32F10x/Source/GCC/startup_gd32f10x_hd.o
                0x0000000008001408                RTC_Alarm_IRQHandler
                0x0000000008001408                EXTI2_IRQHandler
                0x0000000008001408                TIMER2_IRQHandler
                0x0000000008001408                TIMER5_IRQHandler
                0x0000000008001408                LVD_IRQHandler
                0x0000000008001408                TIMER0_BRK_IRQHandler
                0x0000000008001408                ADC0_1_IRQHandler
                0x0000000008001408                TIMER0_UP_IRQHandler
                0x0000000008001408                SDIO_IRQHandler
                0x0000000008001408                EXTI3_IRQHandler
                0x0000000008001408                TIMER3_IRQHandler
                0x0000000008001408                DMA0_Channel6_IRQHandler
                0x0000000008001408                I2C0_EV_IRQHandler
                0x0000000008001408                EXTI0_IRQHandler
                0x0000000008001408                TIMER4_IRQHandler
                0x0000000008001408                SPI1_IRQHandler
                0x0000000008001408                DMA0_Channel0_IRQHandler
                0x0000000008001408                TAMPER_IRQHandler
                0x0000000008001408                DMA1_Channel0_IRQHandler
                0x0000000008001408                TIMER6_IRQHandler
                0x0000000008001408                DMA0_Channel3_IRQHandler
                0x0000000008001408                I2C0_ER_IRQHandler
                0x0000000008001408                RTC_IRQHandler
                0x0000000008001408                TIMER7_UP_IRQHandler
                0x0000000008001408                DMA0_Channel2_IRQHandler
                0x0000000008001408                TIMER1_IRQHandler
                0x0000000008001408                TIMER7_TRG_CMT_IRQHandler
                0x0000000008001408                TIMER0_TRG_CMT_IRQHandler
                0x0000000008001408                I2C1_EV_IRQHandler
                0x0000000008001408                UART4_IRQHandler
                0x0000000008001408                EXTI10_15_IRQHandler
                0x0000000008001408                DMA1_Channel1_IRQHandler
                0x0000000008001408                Default_Handler
                0x0000000008001408                TIMER7_Channel_IRQHandler
                0x0000000008001408                WWDGT_IRQHandler
                0x0000000008001408                EXMC_IRQHandler
                0x0000000008001408                ADC2_IRQHandler
                0x0000000008001408                SPI2_IRQHandler
                0x0000000008001408                USBD_WKUP_IRQHandler
                0x0000000008001408                TIMER7_BRK_IRQHandler
                0x0000000008001408                EXTI4_IRQHandler
                0x0000000008001408                USBD_HP_CAN0_TX_IRQHandler
                0x0000000008001408                CAN0_RX1_IRQHandler
                0x0000000008001408                DMA0_Channel5_IRQHandler
                0x0000000008001408                EXTI5_9_IRQHandler
                0x0000000008001408                RCU_IRQHandler
                0x0000000008001408                DMA0_Channel1_IRQHandler
                0x0000000008001408                TIMER0_Channel_IRQHandler
                0x0000000008001408                EXTI1_IRQHandler
                0x0000000008001408                SPI0_IRQHandler
                0x0000000008001408                DMA1_Channel3_4_IRQHandler
                0x0000000008001408                USART2_IRQHandler
                0x0000000008001408                CAN0_EWMC_IRQHandler
                0x0000000008001408                DMA1_Channel2_IRQHandler
                0x0000000008001408                USBD_LP_CAN0_RX0_IRQHandler
                0x0000000008001408                USART1_IRQHandler
                0x0000000008001408                UART3_IRQHandler
                0x0000000008001408                I2C1_ER_IRQHandler
                0x0000000008001408                FMC_IRQHandler
                0x0000000008001408                DMA0_Channel4_IRQHandler
 *fill*         0x000000000800140a        0x2 00000000
 .text.rt_tick_get
                0x000000000800140c       0x14 build/kernel/src/clock.o
                0x000000000800140c                rt_tick_get
 .text.rt_tick_increase
                0x0000000008001420       0x44 build/kernel/src/clock.o
                0x0000000008001420                rt_tick_increase
 .text.rt_tick_from_millisecond
                0x0000000008001464       0x78 build/kernel/src/clock.o
                0x0000000008001464                rt_tick_from_millisecond
 .text.rti_start
                0x00000000080014dc        0xe build/kernel/src/components.o
 .text.rti_board_start
                0x00000000080014ea        0xe build/kernel/src/components.o
 .text.rti_board_end
                0x00000000080014f8        0xe build/kernel/src/components.o
 .text.rti_end  0x0000000008001506        0xe build/kernel/src/components.o
 .text.rt_components_board_init
                0x0000000008001514       0x30 build/kernel/src/components.o
                0x0000000008001514                rt_components_board_init
 .text.rt_components_init
                0x0000000008001544       0x30 build/kernel/src/components.o
                0x0000000008001544                rt_components_init
 .text.entry    0x0000000008001574        0xe build/kernel/src/components.o
                0x0000000008001574                entry
 .text.main_thread_entry
                0x0000000008001582       0x18 build/kernel/src/components.o
                0x0000000008001582                main_thread_entry
 *fill*         0x000000000800159a        0x2 00000000
 .text.rt_application_init
                0x000000000800159c       0x4c build/kernel/src/components.o
                0x000000000800159c                rt_application_init
 .text.rtthread_startup
                0x00000000080015e8       0x2e build/kernel/src/components.o
                0x00000000080015e8                rtthread_startup
 .text.rt_device_register
                0x0000000008001616       0x54 build/kernel/src/device.o
                0x0000000008001616                rt_device_register
 *fill*         0x000000000800166a        0x2 00000000
 .text.rt_device_find
                0x000000000800166c       0x90 build/kernel/src/device.o
                0x000000000800166c                rt_device_find
 .text.rt_device_open
                0x00000000080016fc      0x11c build/kernel/src/device.o
                0x00000000080016fc                rt_device_open
 .text.rt_device_close
                0x0000000008001818       0x9c build/kernel/src/device.o
                0x0000000008001818                rt_device_close
 .text.rt_device_read
                0x00000000080018b4       0x88 build/kernel/src/device.o
                0x00000000080018b4                rt_device_read
 .text.rt_device_write
                0x000000000800193c       0x88 build/kernel/src/device.o
                0x000000000800193c                rt_device_write
 .text.rt_device_set_rx_indicate
                0x00000000080019c4       0x54 build/kernel/src/device.o
                0x00000000080019c4                rt_device_set_rx_indicate
 .text.rt_list_remove
                0x0000000008001a18       0x34 build/kernel/src/idle.o
 .text._has_defunct_thread
                0x0000000008001a4c       0x28 build/kernel/src/idle.o
 .text.rt_thread_idle_excute
                0x0000000008001a74       0xc8 build/kernel/src/idle.o
                0x0000000008001a74                rt_thread_idle_excute
 .text.rt_thread_idle_entry
                0x0000000008001b3c       0x3c build/kernel/src/idle.o
 .text.rt_thread_idle_init
                0x0000000008001b78       0x40 build/kernel/src/idle.o
                0x0000000008001b78                rt_thread_idle_init
 .text.rt_list_init
                0x0000000008001bb8       0x20 build/kernel/src/ipc.o
 .text.rt_list_insert_before
                0x0000000008001bd8       0x30 build/kernel/src/ipc.o
 .text.rt_list_isempty
                0x0000000008001c08       0x22 build/kernel/src/ipc.o
 .text.rt_ipc_object_init
                0x0000000008001c2a       0x1c build/kernel/src/ipc.o
 .text.rt_ipc_list_suspend
                0x0000000008001c46       0x8e build/kernel/src/ipc.o
 .text.rt_ipc_list_resume
                0x0000000008001cd4       0x20 build/kernel/src/ipc.o
 .text.rt_sem_init
                0x0000000008001cf4       0x68 build/kernel/src/ipc.o
                0x0000000008001cf4                rt_sem_init
 .text.rt_sem_take
                0x0000000008001d5c      0x160 build/kernel/src/ipc.o
                0x0000000008001d5c                rt_sem_take
 .text.rt_sem_release
                0x0000000008001ebc       0xa0 build/kernel/src/ipc.o
                0x0000000008001ebc                rt_sem_release
 .text.rt_interrupt_enter
                0x0000000008001f5c       0x40 build/kernel/src/irq.o
                0x0000000008001f5c                rt_interrupt_enter
 .text.rt_interrupt_leave
                0x0000000008001f9c       0x40 build/kernel/src/irq.o
                0x0000000008001f9c                rt_interrupt_leave
 .text.rt_interrupt_get_nest
                0x0000000008001fdc       0x28 build/kernel/src/irq.o
                0x0000000008001fdc                rt_interrupt_get_nest
 .text.rt_set_errno
                0x0000000008002004       0x40 build/kernel/src/kservice.o
                0x0000000008002004                rt_set_errno
 .text.rt_memset
                0x0000000008002044       0xb4 build/kernel/src/kservice.o
                0x0000000008002044                rt_memset
 .text.rt_memmove
                0x00000000080020f8       0x80 build/kernel/src/kservice.o
                0x00000000080020f8                rt_memmove
 .text.rt_strncpy
                0x0000000008002178       0x62 build/kernel/src/kservice.o
                0x0000000008002178                rt_strncpy
 .text.rt_strncmp
                0x00000000080021da       0x4a build/kernel/src/kservice.o
                0x00000000080021da                rt_strncmp
 .text.rt_strlen
                0x0000000008002224       0x2c build/kernel/src/kservice.o
                0x0000000008002224                rt_strlen
 .text.rt_show_version
                0x0000000008002250       0x44 build/kernel/src/kservice.o
                0x0000000008002250                rt_show_version
 .text.divide   0x0000000008002294       0x68 build/kernel/src/kservice.o
 .text.skip_atoi
                0x00000000080022fc       0x40 build/kernel/src/kservice.o
 .text.print_number
                0x000000000800233c      0x1dc build/kernel/src/kservice.o
 .text.rt_vsnprintf
                0x0000000008002518      0x548 build/kernel/src/kservice.o
                0x0000000008002518                rt_vsnprintf
 .text.rt_console_get_device
                0x0000000008002a60       0x14 build/kernel/src/kservice.o
                0x0000000008002a60                rt_console_get_device
 .text.rt_console_set_device
                0x0000000008002a74       0x4c build/kernel/src/kservice.o
                0x0000000008002a74                rt_console_set_device
 .text.rt_hw_console_output
                0x0000000008002ac0       0x12 build/kernel/src/kservice.o
                0x0000000008002ac0                rt_hw_console_output
 *fill*         0x0000000008002ad2        0x2 00000000
 .text.rt_kprintf
                0x0000000008002ad4       0x80 build/kernel/src/kservice.o
                0x0000000008002ad4                rt_kprintf
 .text.rt_assert_handler
                0x0000000008002b54       0x4c build/kernel/src/kservice.o
                0x0000000008002b54                rt_assert_handler
 .text.plug_holes
                0x0000000008002ba0      0x100 build/kernel/src/mem.o
 .text.rt_system_heap_init
                0x0000000008002ca0      0x118 build/kernel/src/mem.o
                0x0000000008002ca0                rt_system_heap_init
 .text.rt_malloc
                0x0000000008002db8      0x294 build/kernel/src/mem.o
                0x0000000008002db8                rt_malloc
 .text.rt_calloc
                0x000000000800304c       0x3c build/kernel/src/mem.o
                0x000000000800304c                rt_calloc
 .text.rt_free  0x0000000008003088      0x188 build/kernel/src/mem.o
                0x0000000008003088                rt_free
 .text.list_mem
                0x0000000008003210       0x44 build/kernel/src/mem.o
                0x0000000008003210                list_mem
 .text.rt_list_insert_after
                0x0000000008003254       0x30 build/kernel/src/object.o
 .text.rt_list_remove
                0x0000000008003284       0x34 build/kernel/src/object.o
 .text.rt_object_get_information
                0x00000000080032b8       0x48 build/kernel/src/object.o
                0x00000000080032b8                rt_object_get_information
 .text.rt_object_init
                0x0000000008003300       0xc8 build/kernel/src/object.o
                0x0000000008003300                rt_object_init
 .text.rt_object_detach
                0x00000000080033c8       0x5c build/kernel/src/object.o
                0x00000000080033c8                rt_object_detach
 .text.rt_object_allocate
                0x0000000008003424       0xd8 build/kernel/src/object.o
                0x0000000008003424                rt_object_allocate
 .text.rt_object_delete
                0x00000000080034fc       0x7c build/kernel/src/object.o
                0x00000000080034fc                rt_object_delete
 .text.rt_object_is_systemobject
                0x0000000008003578       0x3c build/kernel/src/object.o
                0x0000000008003578                rt_object_is_systemobject
 .text.rt_object_get_type
                0x00000000080035b4       0x34 build/kernel/src/object.o
                0x00000000080035b4                rt_object_get_type
 .text.rt_list_init
                0x00000000080035e8       0x20 build/kernel/src/scheduler.o
 .text.rt_list_insert_before
                0x0000000008003608       0x30 build/kernel/src/scheduler.o
 .text.rt_list_remove
                0x0000000008003638       0x34 build/kernel/src/scheduler.o
 .text.rt_list_isempty
                0x000000000800366c       0x22 build/kernel/src/scheduler.o
 *fill*         0x000000000800368e        0x2 00000000
 .text._rt_scheduler_stack_check
                0x0000000008003690       0x98 build/kernel/src/scheduler.o
 .text.rt_system_scheduler_init
                0x0000000008003728       0x54 build/kernel/src/scheduler.o
                0x0000000008003728                rt_system_scheduler_init
 .text.rt_system_scheduler_start
                0x000000000800377c       0x3c build/kernel/src/scheduler.o
                0x000000000800377c                rt_system_scheduler_start
 .text.rt_schedule
                0x00000000080037b8       0xc4 build/kernel/src/scheduler.o
                0x00000000080037b8                rt_schedule
 .text.rt_schedule_insert_thread
                0x000000000800387c       0x80 build/kernel/src/scheduler.o
                0x000000000800387c                rt_schedule_insert_thread
 .text.rt_schedule_remove_thread
                0x00000000080038fc       0x70 build/kernel/src/scheduler.o
                0x00000000080038fc                rt_schedule_remove_thread
 .text.rt_enter_critical
                0x000000000800396c       0x2c build/kernel/src/scheduler.o
                0x000000000800396c                rt_enter_critical
 .text.rt_exit_critical
                0x0000000008003998       0x54 build/kernel/src/scheduler.o
                0x0000000008003998                rt_exit_critical
 .text.rt_list_init
                0x00000000080039ec       0x20 build/kernel/src/thread.o
 .text.rt_list_insert_after
                0x0000000008003a0c       0x30 build/kernel/src/thread.o
 .text.rt_list_insert_before
                0x0000000008003a3c       0x30 build/kernel/src/thread.o
 .text.rt_list_remove
                0x0000000008003a6c       0x34 build/kernel/src/thread.o
 .text.rt_thread_exit
                0x0000000008003aa0       0x6c build/kernel/src/thread.o
                0x0000000008003aa0                rt_thread_exit
 .text._rt_thread_init
                0x0000000008003b0c       0xf8 build/kernel/src/thread.o
 .text.rt_thread_init
                0x0000000008003c04       0x6c build/kernel/src/thread.o
                0x0000000008003c04                rt_thread_init
 .text.rt_thread_self
                0x0000000008003c70       0x14 build/kernel/src/thread.o
                0x0000000008003c70                rt_thread_self
 .text.rt_thread_startup
                0x0000000008003c84       0xa0 build/kernel/src/thread.o
                0x0000000008003c84                rt_thread_startup
 .text.rt_thread_create
                0x0000000008003d24       0x62 build/kernel/src/thread.o
                0x0000000008003d24                rt_thread_create
 *fill*         0x0000000008003d86        0x2 00000000
 .text.rt_thread_yield
                0x0000000008003d88       0x74 build/kernel/src/thread.o
                0x0000000008003d88                rt_thread_yield
 .text.rt_thread_sleep
                0x0000000008003dfc       0x90 build/kernel/src/thread.o
                0x0000000008003dfc                rt_thread_sleep
 .text.rt_thread_mdelay
                0x0000000008003e8c       0x20 build/kernel/src/thread.o
                0x0000000008003e8c                rt_thread_mdelay
 .text.rt_thread_suspend
                0x0000000008003eac       0xa8 build/kernel/src/thread.o
                0x0000000008003eac                rt_thread_suspend
 .text.rt_thread_resume
                0x0000000008003f54       0x98 build/kernel/src/thread.o
                0x0000000008003f54                rt_thread_resume
 .text.rt_thread_timeout
                0x0000000008003fec       0x84 build/kernel/src/thread.o
                0x0000000008003fec                rt_thread_timeout
 .text.rt_list_init
                0x0000000008004070       0x20 build/kernel/src/timer.o
 .text.rt_list_insert_after
                0x0000000008004090       0x30 build/kernel/src/timer.o
 .text.rt_list_remove
                0x00000000080040c0       0x34 build/kernel/src/timer.o
 .text.rt_list_isempty
                0x00000000080040f4       0x22 build/kernel/src/timer.o
 .text._rt_timer_init
                0x0000000008004116       0x68 build/kernel/src/timer.o
 .text._rt_timer_remove
                0x000000000800417e       0x34 build/kernel/src/timer.o
 *fill*         0x00000000080041b2        0x2 00000000
 .text.rt_timer_init
                0x00000000080041b4       0x48 build/kernel/src/timer.o
                0x00000000080041b4                rt_timer_init
 .text.rt_timer_detach
                0x00000000080041fc       0x7c build/kernel/src/timer.o
                0x00000000080041fc                rt_timer_detach
 .text.rt_timer_start
                0x0000000008004278      0x1fc build/kernel/src/timer.o
                0x0000000008004278                rt_timer_start
 .text.rt_timer_stop
                0x0000000008004474       0x94 build/kernel/src/timer.o
                0x0000000008004474                rt_timer_stop
 .text.rt_timer_control
                0x0000000008004508       0xa0 build/kernel/src/timer.o
                0x0000000008004508                rt_timer_control
 .text.rt_timer_check
                0x00000000080045a8       0xcc build/kernel/src/timer.o
                0x00000000080045a8                rt_timer_check
 .text.rt_system_timer_init
                0x0000000008004674       0x34 build/kernel/src/timer.o
                0x0000000008004674                rt_system_timer_init
 .text.rt_system_timer_thread_init
                0x00000000080046a8        0xc build/kernel/src/timer.o
                0x00000000080046a8                rt_system_timer_thread_init
 .text.rt_hw_stack_init
                0x00000000080046b4       0x88 build/kernel/libcpu/arm/cortex-m3/cpuport.o
                0x00000000080046b4                rt_hw_stack_init
 .text.usage_fault_track
                0x000000000800473c       0xc4 build/kernel/libcpu/arm/cortex-m3/cpuport.o
 .text.bus_fault_track
                0x0000000008004800       0xcc build/kernel/libcpu/arm/cortex-m3/cpuport.o
 .text.mem_manage_fault_track
                0x00000000080048cc       0xb4 build/kernel/libcpu/arm/cortex-m3/cpuport.o
 .text.hard_fault_track
                0x0000000008004980       0x78 build/kernel/libcpu/arm/cortex-m3/cpuport.o
 .text.rt_hw_hard_fault_exception
                0x00000000080049f8      0x168 build/kernel/libcpu/arm/cortex-m3/cpuport.o
                0x00000000080049f8                rt_hw_hard_fault_exception
 .text.__rt_ffs
                0x0000000008004b60       0x28 build/kernel/libcpu/arm/cortex-m3/cpuport.o
                0x0000000008004b60                __rt_ffs
 .text.rt_pin_mode
                0x0000000008004b88       0x40 build/kernel/components/drivers/misc/pin.o
                0x0000000008004b88                rt_pin_mode
 .text.rt_pin_write
                0x0000000008004bc8       0x40 build/kernel/components/drivers/misc/pin.o
                0x0000000008004bc8                rt_pin_write
 .text.rt_pin_read
                0x0000000008004c08       0x3c build/kernel/components/drivers/misc/pin.o
                0x0000000008004c08                rt_pin_read
 .text._serial_poll_rx
                0x0000000008004c44       0x74 build/kernel/components/drivers/serial/serial.o
 .text._serial_poll_tx
                0x0000000008004cb8       0x7c build/kernel/components/drivers/serial/serial.o
 .text._serial_int_rx
                0x0000000008004d34       0xd8 build/kernel/components/drivers/serial/serial.o
 .text._serial_int_tx
                0x0000000008004e0c       0x90 build/kernel/components/drivers/serial/serial.o
 .text._serial_check_buffer_size
                0x0000000008004e9c       0x38 build/kernel/components/drivers/serial/serial.o
 .text.rt_serial_init
                0x0000000008004ed4       0x5c build/kernel/components/drivers/serial/serial.o
 .text.rt_serial_open
                0x0000000008004f30      0x20c build/kernel/components/drivers/serial/serial.o
 .text.rt_serial_close
                0x000000000800513c       0xe0 build/kernel/components/drivers/serial/serial.o
 .text.rt_serial_read
                0x000000000800521c       0x68 build/kernel/components/drivers/serial/serial.o
 .text.rt_serial_write
                0x0000000008005284       0x68 build/kernel/components/drivers/serial/serial.o
 .text.rt_serial_control
                0x00000000080052ec       0xd0 build/kernel/components/drivers/serial/serial.o
 .text.rt_hw_serial_register
                0x00000000080053bc       0x9c build/kernel/components/drivers/serial/serial.o
                0x00000000080053bc                rt_hw_serial_register
 .text.rt_hw_serial_isr
                0x0000000008005458      0x14c build/kernel/components/drivers/serial/serial.o
                0x0000000008005458                rt_hw_serial_isr
 .text.rt_list_init
                0x00000000080055a4       0x20 build/kernel/components/drivers/src/completion.o
 .text.rt_list_insert_before
                0x00000000080055c4       0x30 build/kernel/components/drivers/src/completion.o
 .text.rt_list_isempty
                0x00000000080055f4       0x22 build/kernel/components/drivers/src/completion.o
 *fill*         0x0000000008005616        0x2 00000000
 .text.rt_completion_init
                0x0000000008005618       0x44 build/kernel/components/drivers/src/completion.o
                0x0000000008005618                rt_completion_init
 .text.rt_completion_wait
                0x000000000800565c       0xfc build/kernel/components/drivers/src/completion.o
                0x000000000800565c                rt_completion_wait
 .text.rt_completion_done
                0x0000000008005758       0x70 build/kernel/components/drivers/src/completion.o
                0x0000000008005758                rt_completion_done
 .text.finsh_get_prompt
                0x00000000080057c8       0xa0 build/kernel/components/finsh/shell.o
                0x00000000080057c8                finsh_get_prompt
 .text.finsh_set_prompt_mode
                0x0000000008005868       0x48 build/kernel/components/finsh/shell.o
                0x0000000008005868                finsh_set_prompt_mode
 .text.finsh_getchar
                0x00000000080058b0       0x5c build/kernel/components/finsh/shell.o
 .text.finsh_rx_ind
                0x000000000800590c       0x3c build/kernel/components/finsh/shell.o
 .text.finsh_set_device
                0x0000000008005948       0xd8 build/kernel/components/finsh/shell.o
                0x0000000008005948                finsh_set_device
 .text.shell_auto_complete
                0x0000000008005a20       0x40 build/kernel/components/finsh/shell.o
 .text.shell_handle_history
                0x0000000008005a60       0x34 build/kernel/components/finsh/shell.o
 .text.shell_push_history
                0x0000000008005a94      0x15e build/kernel/components/finsh/shell.o
 *fill*         0x0000000008005bf2        0x2 00000000
 .text.finsh_thread_entry
                0x0000000008005bf4      0x5d8 build/kernel/components/finsh/shell.o
                0x0000000008005bf4                finsh_thread_entry
 .text.finsh_system_function_init
                0x00000000080061cc       0x28 build/kernel/components/finsh/shell.o
                0x00000000080061cc                finsh_system_function_init
 .text.finsh_system_var_init
                0x00000000080061f4       0x28 build/kernel/components/finsh/shell.o
                0x00000000080061f4                finsh_system_var_init
 .text.finsh_system_init
                0x000000000800621c       0xac build/kernel/components/finsh/shell.o
                0x000000000800621c                finsh_system_init
 .text.rt_list_isempty
                0x00000000080062c8       0x22 build/kernel/components/finsh/cmd.o
 .text.rt_list_len
                0x00000000080062ea       0x34 build/kernel/components/finsh/cmd.o
 *fill*         0x000000000800631e        0x2 00000000
 .text.hello    0x0000000008006320       0x14 build/kernel/components/finsh/cmd.o
                0x0000000008006320                hello
 .text.version  0x0000000008006334        0xe build/kernel/components/finsh/cmd.o
                0x0000000008006334                version
 .text.object_name_maxlen
                0x0000000008006342       0x6e build/kernel/components/finsh/cmd.o
 .text.object_split
                0x00000000080063b0       0x28 build/kernel/components/finsh/cmd.o
 .text._list_thread
                0x00000000080063d8      0x12c build/kernel/components/finsh/cmd.o
 .text.list_thread
                0x0000000008006504       0x22 build/kernel/components/finsh/cmd.o
                0x0000000008006504                list_thread
 *fill*         0x0000000008006526        0x2 00000000
 .text.show_wait_queue
                0x0000000008006528       0x50 build/kernel/components/finsh/cmd.o
 .text._list_sem
                0x0000000008006578       0xd4 build/kernel/components/finsh/cmd.o
 .text.list_sem
                0x000000000800664c       0x22 build/kernel/components/finsh/cmd.o
                0x000000000800664c                list_sem
 *fill*         0x000000000800666e        0x2 00000000
 .text._list_event
                0x0000000008006670       0xc4 build/kernel/components/finsh/cmd.o
 .text.list_event
                0x0000000008006734       0x22 build/kernel/components/finsh/cmd.o
                0x0000000008006734                list_event
 *fill*         0x0000000008006756        0x2 00000000
 .text._list_mutex
                0x0000000008006758       0x94 build/kernel/components/finsh/cmd.o
 .text.list_mutex
                0x00000000080067ec       0x22 build/kernel/components/finsh/cmd.o
                0x00000000080067ec                list_mutex
 *fill*         0x000000000800680e        0x2 00000000
 .text._list_mailbox
                0x0000000008006810       0xe4 build/kernel/components/finsh/cmd.o
 .text.list_mailbox
                0x00000000080068f4       0x22 build/kernel/components/finsh/cmd.o
                0x00000000080068f4                list_mailbox
 *fill*         0x0000000008006916        0x2 00000000
 .text._list_msgqueue
                0x0000000008006918       0xd4 build/kernel/components/finsh/cmd.o
 .text.list_msgqueue
                0x00000000080069ec       0x22 build/kernel/components/finsh/cmd.o
                0x00000000080069ec                list_msgqueue
 *fill*         0x0000000008006a0e        0x2 00000000
 .text._list_mempool
                0x0000000008006a10       0xf0 build/kernel/components/finsh/cmd.o
 .text.list_mempool
                0x0000000008006b00       0x22 build/kernel/components/finsh/cmd.o
                0x0000000008006b00                list_mempool
 *fill*         0x0000000008006b22        0x2 00000000
 .text._list_timer
                0x0000000008006b24       0xb0 build/kernel/components/finsh/cmd.o
 .text.list_timer
                0x0000000008006bd4       0x22 build/kernel/components/finsh/cmd.o
                0x0000000008006bd4                list_timer
 *fill*         0x0000000008006bf6        0x2 00000000
 .text._list_device
                0x0000000008006bf8       0xa8 build/kernel/components/finsh/cmd.o
 .text.list_device
                0x0000000008006ca0       0x22 build/kernel/components/finsh/cmd.o
                0x0000000008006ca0                list_device
 *fill*         0x0000000008006cc2        0x2 00000000
 .text.list     0x0000000008006cc4       0x6c build/kernel/components/finsh/cmd.o
                0x0000000008006cc4                list
 .text.msh_is_used
                0x0000000008006d30        0xe build/kernel/components/finsh/msh.o
                0x0000000008006d30                msh_is_used
 *fill*         0x0000000008006d3e        0x2 00000000
 .text.msh_help
                0x0000000008006d40       0x7c build/kernel/components/finsh/msh.o
                0x0000000008006d40                msh_help
 .text.cmd_ps   0x0000000008006dbc       0x18 build/kernel/components/finsh/msh.o
                0x0000000008006dbc                cmd_ps
 .text.cmd_free
                0x0000000008006dd4       0x18 build/kernel/components/finsh/msh.o
                0x0000000008006dd4                cmd_free
 .text.msh_split
                0x0000000008006dec      0x170 build/kernel/components/finsh/msh.o
 .text.msh_get_cmd
                0x0000000008006f5c       0x80 build/kernel/components/finsh/msh.o
 .text._msh_exec_cmd
                0x0000000008006fdc       0xd4 build/kernel/components/finsh/msh.o
 .text.msh_exec
                0x00000000080070b0       0x84 build/kernel/components/finsh/msh.o
                0x00000000080070b0                msh_exec
 .text.str_common
                0x0000000008007134       0x48 build/kernel/components/finsh/msh.o
 .text.msh_auto_complete
                0x000000000800717c       0xd0 build/kernel/components/finsh/msh.o
                0x000000000800717c                msh_auto_complete
 .text.libc_system_init
                0x000000000800724c        0xe build/kernel/components/libc/compilers/newlib/libc.o
                0x000000000800724c                libc_system_init
 *fill*         0x000000000800725a        0x2 00000000
 .text.memcmp   0x000000000800725c       0x60 /opt/gcc-arm-none-eabi-6_2-2016q4/bin/../lib/gcc/arm-none-eabi/6.2.1/../../../../arm-none-eabi/lib/thumb/v7-m/libc.a(lib_a-memcmp.o)
                0x000000000800725c                memcmp
 .text.memset   0x00000000080072bc       0x9c /opt/gcc-arm-none-eabi-6_2-2016q4/bin/../lib/gcc/arm-none-eabi/6.2.1/../../../../arm-none-eabi/lib/thumb/v7-m/libc.a(lib_a-memset.o)
                0x00000000080072bc                memset
 .text.strlen   0x0000000008007358       0x5c /opt/gcc-arm-none-eabi-6_2-2016q4/bin/../lib/gcc/arm-none-eabi/6.2.1/../../../../arm-none-eabi/lib/thumb/v7-m/libc.a(lib_a-strlen-stub.o)
                0x0000000008007358                strlen
 .text.strncmp  0x00000000080073b4       0xa0 /opt/gcc-arm-none-eabi-6_2-2016q4/bin/../lib/gcc/arm-none-eabi/6.2.1/../../../../arm-none-eabi/lib/thumb/v7-m/libc.a(lib_a-strncmp.o)
                0x00000000080073b4                strncmp
 .text.strncpy  0x0000000008007454       0x64 /opt/gcc-arm-none-eabi-6_2-2016q4/bin/../lib/gcc/arm-none-eabi/6.2.1/../../../../arm-none-eabi/lib/thumb/v7-m/libc.a(lib_a-strncpy.o)
                0x0000000008007454                strncpy
 *(.rodata)
 .rodata        0x00000000080074b8       0x10 build/applications/main.o
 .rodata        0x00000000080074c8        0x6 build/board/board.o
 *fill*         0x00000000080074ce        0x2 00000000
 .rodata        0x00000000080074d0       0x44 build/board/drv_usart.o
 .rodata        0x0000000008007514       0x18 build/Libraries/GD32F10x_standard_peripheral/Source/gd32f10x_rcu.o
 .rodata        0x000000000800752c       0x17 build/kernel/src/components.o
 *fill*         0x0000000008007543        0x1 00000000
 .rodata        0x0000000008007544      0x10c build/kernel/src/device.o
 .rodata        0x0000000008007650       0x32 build/kernel/src/idle.o
 *fill*         0x0000000008007682        0x2 00000000
 .rodata        0x0000000008007684      0x476 build/kernel/src/ipc.o
 *fill*         0x0000000008007afa        0x2 00000000
 .rodata        0x0000000008007afc       0xc7 build/kernel/src/kservice.o
 *fill*         0x0000000008007bc3        0x1 00000000
 .rodata        0x0000000008007bc4      0x2fa build/kernel/src/mem.o
 *fill*         0x0000000008007ebe        0x2 00000000
 .rodata        0x0000000008007ec0       0x91 build/kernel/src/object.o
 *fill*         0x0000000008007f51        0x3 00000000
 .rodata        0x0000000008007f54       0x65 build/kernel/src/scheduler.o
 *fill*         0x0000000008007fb9        0x3 00000000
 .rodata        0x0000000008007fbc      0x19b build/kernel/src/thread.o
 *fill*         0x0000000008008157        0x1 00000000
 .rodata        0x0000000008008158       0xd7 build/kernel/src/timer.o
 *fill*         0x000000000800822f        0x1 00000000
 .rodata        0x0000000008008230      0x2be build/kernel/libcpu/arm/cortex-m3/cpuport.o
 *fill*         0x00000000080084ee        0x2 00000000
 .rodata        0x00000000080084f0       0x27 build/kernel/components/drivers/misc/pin.o
 *fill*         0x0000000008008517        0x1 00000000
 .rodata        0x0000000008008518       0xcf build/kernel/components/drivers/serial/serial.o
 *fill*         0x00000000080085e7        0x1 00000000
 .rodata        0x00000000080085e8       0x72 build/kernel/components/drivers/src/completion.o
 *fill*         0x000000000800865a        0x2 00000000
 .rodata        0x000000000800865c       0x99 build/kernel/components/finsh/shell.o
 *fill*         0x00000000080086f5        0x3 00000000
 .rodata        0x00000000080086f8      0x67d build/kernel/components/finsh/cmd.o
 *fill*         0x0000000008008d75        0x3 00000000
 .rodata        0x0000000008008d78       0x80 build/kernel/components/finsh/msh.o
 *(.rodata*)
 .rodata.uarts  0x0000000008008df8       0x24 build/board/drv_usart.o
 .rodata.gd32_uart_ops
                0x0000000008008e1c       0x14 build/board/drv_usart.o
 .rodata.__FUNCTION__.7849
                0x0000000008008e30        0xf build/board/drv_usart.o
 *fill*         0x0000000008008e3f        0x1 00000000
 .rodata.__FUNCTION__.7866
                0x0000000008008e40        0xd build/board/drv_usart.o
 *fill*         0x0000000008008e4d        0x3 00000000
 .rodata.__FUNCTION__.7875
                0x0000000008008e50        0xa build/board/drv_usart.o
 *fill*         0x0000000008008e5a        0x2 00000000
 .rodata.__FUNCTION__.7884
                0x0000000008008e5c        0xa build/board/drv_usart.o
 *fill*         0x0000000008008e66        0x2 00000000
 .rodata.__FUNCTION__.7889
                0x0000000008008e68        0x9 build/board/drv_usart.o
 *fill*         0x0000000008008e71        0x3 00000000
 .rodata.__FUNCTION__.5666
                0x0000000008008e74       0x14 build/kernel/src/components.o
 .rodata.__FUNCTION__.5558
                0x0000000008008e88        0xf build/kernel/src/device.o
 *fill*         0x0000000008008e97        0x1 00000000
 .rodata.__FUNCTION__.5582
                0x0000000008008e98        0xf build/kernel/src/device.o
 *fill*         0x0000000008008ea7        0x1 00000000
 .rodata.__FUNCTION__.5587
                0x0000000008008ea8       0x10 build/kernel/src/device.o
 .rodata.__FUNCTION__.5594
                0x0000000008008eb8        0xf build/kernel/src/device.o
 *fill*         0x0000000008008ec7        0x1 00000000
 .rodata.__FUNCTION__.5601
                0x0000000008008ec8       0x10 build/kernel/src/device.o
 .rodata.__FUNCTION__.5614
                0x0000000008008ed8       0x1a build/kernel/src/device.o
 *fill*         0x0000000008008ef2        0x2 00000000
 .rodata.__FUNCTION__.5649
                0x0000000008008ef4       0x16 build/kernel/src/idle.o
 *fill*         0x0000000008008f0a        0x2 00000000
 .rodata.__FUNCTION__.5654
                0x0000000008008f0c        0xc build/kernel/src/ipc.o
 .rodata.__FUNCTION__.5678
                0x0000000008008f18        0xc build/kernel/src/ipc.o
 .rodata.__FUNCTION__.5689
                0x0000000008008f24        0xf build/kernel/src/ipc.o
 *fill*         0x0000000008008f33        0x1 00000000
 .rodata.large_digits.5788
                0x0000000008008f34       0x11 build/kernel/src/kservice.o
 *fill*         0x0000000008008f45        0x3 00000000
 .rodata.small_digits.5787
                0x0000000008008f48       0x11 build/kernel/src/kservice.o
 *fill*         0x0000000008008f59        0x3 00000000
 .rodata.name   0x0000000008008f5c       0x2a build/kernel/src/mem.o
                0x0000000008008f5c                __fsym_list_mem_name
                0x0000000008008f68                __fsym_list_mem_desc
 *fill*         0x0000000008008f86        0x2 00000000
 .rodata.__FUNCTION__.5645
                0x0000000008008f88        0xb build/kernel/src/mem.o
 *fill*         0x0000000008008f93        0x1 00000000
 .rodata.__FUNCTION__.5654
                0x0000000008008f94       0x14 build/kernel/src/mem.o
 .rodata.__FUNCTION__.5663
                0x0000000008008fa8        0xa build/kernel/src/mem.o
 *fill*         0x0000000008008fb2        0x2 00000000
 .rodata.__FUNCTION__.5692
                0x0000000008008fb4        0x8 build/kernel/src/mem.o
 .rodata.__FUNCTION__.5674
                0x0000000008008fbc        0xf build/kernel/src/object.o
 *fill*         0x0000000008008fcb        0x1 00000000
 .rodata.__FUNCTION__.5683
                0x0000000008008fcc       0x11 build/kernel/src/object.o
 *fill*         0x0000000008008fdd        0x3 00000000
 .rodata.__FUNCTION__.5692
                0x0000000008008fe0       0x13 build/kernel/src/object.o
 *fill*         0x0000000008008ff3        0x1 00000000
 .rodata.__FUNCTION__.5697
                0x0000000008008ff4       0x11 build/kernel/src/object.o
 *fill*         0x0000000008009005        0x3 00000000
 .rodata.__FUNCTION__.5701
                0x0000000008009008       0x1a build/kernel/src/object.o
 *fill*         0x0000000008009022        0x2 00000000
 .rodata.__FUNCTION__.5705
                0x0000000008009024       0x13 build/kernel/src/object.o
 *fill*         0x0000000008009037        0x1 00000000
 .rodata.__FUNCTION__.5632
                0x0000000008009038       0x1a build/kernel/src/scheduler.o
 *fill*         0x0000000008009052        0x2 00000000
 .rodata.__FUNCTION__.5663
                0x0000000008009054       0x1a build/kernel/src/scheduler.o
 *fill*         0x000000000800906e        0x2 00000000
 .rodata.__FUNCTION__.5668
                0x0000000008009070       0x1a build/kernel/src/scheduler.o
 *fill*         0x000000000800908a        0x2 00000000
 .rodata.__FUNCTION__.5651
                0x000000000800908c       0x10 build/kernel/src/thread.o
 .rodata.__FUNCTION__.5663
                0x000000000800909c        0xf build/kernel/src/thread.o
 *fill*         0x00000000080090ab        0x1 00000000
 .rodata.__FUNCTION__.5670
                0x00000000080090ac       0x12 build/kernel/src/thread.o
 *fill*         0x00000000080090be        0x2 00000000
 .rodata.__FUNCTION__.5702
                0x00000000080090c0       0x10 build/kernel/src/thread.o
 .rodata.__FUNCTION__.5733
                0x00000000080090d0       0x12 build/kernel/src/thread.o
 *fill*         0x00000000080090e2        0x2 00000000
 .rodata.__FUNCTION__.5738
                0x00000000080090e4       0x11 build/kernel/src/thread.o
 *fill*         0x00000000080090f5        0x3 00000000
 .rodata.__FUNCTION__.5743
                0x00000000080090f8       0x12 build/kernel/src/thread.o
 *fill*         0x000000000800910a        0x2 00000000
 .rodata.__FUNCTION__.5663
                0x000000000800910c        0xe build/kernel/src/timer.o
 *fill*         0x000000000800911a        0x2 00000000
 .rodata.__FUNCTION__.5668
                0x000000000800911c       0x10 build/kernel/src/timer.o
 .rodata.__FUNCTION__.5692
                0x000000000800912c        0xf build/kernel/src/timer.o
 *fill*         0x000000000800913b        0x1 00000000
 .rodata.__FUNCTION__.5709
                0x000000000800913c        0xe build/kernel/src/timer.o
 *fill*         0x000000000800914a        0x2 00000000
 .rodata.__FUNCTION__.5715
                0x000000000800914c       0x11 build/kernel/src/timer.o
 *fill*         0x000000000800915d        0x3 00000000
 .rodata.name   0x0000000008009160       0x6e build/kernel/components/drivers/misc/pin.o
                0x0000000008009160                __fsym_pinMode_name
                0x0000000008009168                __fsym_pinMode_desc
                0x0000000008009180                __fsym_pinWrite_name
                0x000000000800918c                __fsym_pinWrite_desc
                0x00000000080091a8                __fsym_pinRead_name
                0x00000000080091b0                __fsym_pinRead_desc
 *fill*         0x00000000080091ce        0x2 00000000
 .rodata.__FUNCTION__.7482
                0x00000000080091d0        0xc build/kernel/components/drivers/misc/pin.o
 .rodata.__FUNCTION__.7490
                0x00000000080091dc        0xd build/kernel/components/drivers/misc/pin.o
 *fill*         0x00000000080091e9        0x3 00000000
 .rodata.__FUNCTION__.7497
                0x00000000080091ec        0xc build/kernel/components/drivers/misc/pin.o
 .rodata.__FUNCTION__.6057
                0x00000000080091f8        0xf build/kernel/components/drivers/serial/serial.o
 *fill*         0x0000000008009207        0x1 00000000
 .rodata.__FUNCTION__.6064
                0x0000000008009208        0xf build/kernel/components/drivers/serial/serial.o
 *fill*         0x0000000008009217        0x1 00000000
 .rodata.__FUNCTION__.6071
                0x0000000008009218       0x10 build/kernel/components/drivers/serial/serial.o
 .rodata.__FUNCTION__.6081
                0x0000000008009228        0xf build/kernel/components/drivers/serial/serial.o
 *fill*         0x0000000008009237        0x1 00000000
 .rodata.__FUNCTION__.6031
                0x0000000008009238        0xf build/kernel/components/drivers/serial/serial.o
 *fill*         0x0000000008009247        0x1 00000000
 .rodata.__FUNCTION__.6010
                0x0000000008009248       0x10 build/kernel/components/drivers/serial/serial.o
 .rodata.__FUNCTION__.6089
                0x0000000008009258       0x10 build/kernel/components/drivers/serial/serial.o
 .rodata.__FUNCTION__.6044
                0x0000000008009268        0xf build/kernel/components/drivers/serial/serial.o
 *fill*         0x0000000008009277        0x1 00000000
 .rodata.__FUNCTION__.6020
                0x0000000008009278       0x10 build/kernel/components/drivers/serial/serial.o
 .rodata.__FUNCTION__.6097
                0x0000000008009288       0x12 build/kernel/components/drivers/serial/serial.o
 *fill*         0x000000000800929a        0x2 00000000
 .rodata.__FUNCTION__.6112
                0x000000000800929c       0x16 build/kernel/components/drivers/serial/serial.o
 *fill*         0x00000000080092b2        0x2 00000000
 .rodata.__FUNCTION__.6121
                0x00000000080092b4       0x11 build/kernel/components/drivers/serial/serial.o
 *fill*         0x00000000080092c5        0x3 00000000
 .rodata.__FUNCTION__.6007
                0x00000000080092c8       0x13 build/kernel/components/drivers/src/completion.o
 *fill*         0x00000000080092db        0x1 00000000
 .rodata.__FUNCTION__.6015
                0x00000000080092dc       0x13 build/kernel/components/drivers/src/completion.o
 *fill*         0x00000000080092ef        0x1 00000000
 .rodata.__FUNCTION__.6022
                0x00000000080092f0       0x13 build/kernel/components/drivers/src/completion.o
 *fill*         0x0000000008009303        0x1 00000000
 .rodata.__FUNCTION__.7181
                0x0000000008009304       0x16 build/kernel/components/finsh/shell.o
 *fill*         0x000000000800931a        0x2 00000000
 .rodata.__FUNCTION__.7186
                0x000000000800931c        0xe build/kernel/components/finsh/shell.o
 *fill*         0x000000000800932a        0x2 00000000
 .rodata.__FUNCTION__.7194
                0x000000000800932c        0xd build/kernel/components/finsh/shell.o
 *fill*         0x0000000008009339        0x3 00000000
 .rodata.__FUNCTION__.7199
                0x000000000800933c       0x11 build/kernel/components/finsh/shell.o
 *fill*         0x000000000800934d        0x3 00000000
 .rodata.name   0x0000000008009350      0x37a build/kernel/components/finsh/cmd.o
                0x0000000008009350                __fsym_hello_name
                0x0000000008009358                __fsym_hello_desc
                0x0000000008009368                __fsym_version_name
                0x0000000008009370                __fsym_version_desc
                0x0000000008009394                __fsym___cmd_version_name
                0x00000000080093a4                __fsym___cmd_version_desc
                0x00000000080093c8                __fsym_list_thread_name
                0x00000000080093d4                __fsym_list_thread_desc
                0x00000000080093e0                __fsym___cmd_list_thread_name
                0x00000000080093f4                __fsym___cmd_list_thread_desc
                0x0000000008009400                __fsym_list_sem_name
                0x000000000800940c                __fsym_list_sem_desc
                0x0000000008009428                __fsym___cmd_list_sem_name
                0x0000000008009438                __fsym___cmd_list_sem_desc
                0x0000000008009454                __fsym_list_event_name
                0x0000000008009460                __fsym_list_event_desc
                0x0000000008009478                __fsym___cmd_list_event_name
                0x000000000800948c                __fsym___cmd_list_event_desc
                0x00000000080094a4                __fsym_list_mutex_name
                0x00000000080094b0                __fsym_list_mutex_desc
                0x00000000080094c8                __fsym___cmd_list_mutex_name
                0x00000000080094dc                __fsym___cmd_list_mutex_desc
                0x00000000080094f4                __fsym_list_mailbox_name
                0x0000000008009504                __fsym_list_mailbox_desc
                0x000000000800951c                __fsym___cmd_list_mailbox_name
                0x0000000008009530                __fsym___cmd_list_mailbox_desc
                0x0000000008009548                __fsym_list_msgqueue_name
                0x0000000008009558                __fsym_list_msgqueue_desc
                0x0000000008009578                __fsym___cmd_list_msgqueue_name
                0x000000000800958c                __fsym___cmd_list_msgqueue_desc
                0x00000000080095ac                __fsym_list_mempool_name
                0x00000000080095bc                __fsym_list_mempool_desc
                0x00000000080095d8                __fsym___cmd_list_mempool_name
                0x00000000080095ec                __fsym___cmd_list_mempool_desc
                0x0000000008009608                __fsym_list_timer_name
                0x0000000008009614                __fsym_list_timer_desc
                0x000000000800962c                __fsym___cmd_list_timer_name
                0x0000000008009640                __fsym___cmd_list_timer_desc
                0x0000000008009658                __fsym_list_device_name
                0x0000000008009664                __fsym_list_device_desc
                0x000000000800967c                __fsym___cmd_list_device_name
                0x0000000008009690                __fsym___cmd_list_device_desc
                0x00000000080096a8                __fsym_list_name
                0x00000000080096b0                __fsym_list_desc
 *fill*         0x00000000080096ca        0x2 00000000
 .rodata.name   0x00000000080096cc       0x7d build/kernel/components/finsh/msh.o
                0x00000000080096cc                __fsym___cmd_help_name
                0x00000000080096d8                __fsym___cmd_help_desc
                0x00000000080096f0                __fsym___cmd_ps_name
                0x00000000080096fc                __fsym___cmd_ps_desc
                0x0000000008009718                __fsym___cmd_free_name
                0x0000000008009724                __fsym___cmd_free_desc
 *fill*         0x0000000008009749        0x3 00000000
 .rodata.__FUNCTION__.7175
                0x000000000800974c        0xe build/kernel/components/finsh/msh.o
 *(.glue_7)
 .glue_7        0x000000000800975a        0x0 linker stubs
 *(.glue_7t)
 .glue_7t       0x000000000800975a        0x0 linker stubs
 *(.gnu.linkonce.t*)
                0x000000000800975c                . = ALIGN (0x4)
 *fill*         0x000000000800975a        0x2 00000000
                0x000000000800975c                __fsymtab_start = .
 *(FSymTab)
 FSymTab        0x000000000800975c        0xc build/kernel/src/mem.o
                0x000000000800975c                __fsym_list_mem
 FSymTab        0x0000000008009768       0x24 build/kernel/components/drivers/misc/pin.o
                0x0000000008009768                __fsym_pinMode
                0x0000000008009774                __fsym_pinWrite
                0x0000000008009780                __fsym_pinRead
 FSymTab        0x000000000800978c      0x108 build/kernel/components/finsh/cmd.o
                0x000000000800978c                __fsym_hello
                0x0000000008009798                __fsym_version
                0x00000000080097a4                __fsym___cmd_version
                0x00000000080097b0                __fsym_list_thread
                0x00000000080097bc                __fsym___cmd_list_thread
                0x00000000080097c8                __fsym_list_sem
                0x00000000080097d4                __fsym___cmd_list_sem
                0x00000000080097e0                __fsym_list_event
                0x00000000080097ec                __fsym___cmd_list_event
                0x00000000080097f8                __fsym_list_mutex
                0x0000000008009804                __fsym___cmd_list_mutex
                0x0000000008009810                __fsym_list_mailbox
                0x000000000800981c                __fsym___cmd_list_mailbox
                0x0000000008009828                __fsym_list_msgqueue
                0x0000000008009834                __fsym___cmd_list_msgqueue
                0x0000000008009840                __fsym_list_mempool
                0x000000000800984c                __fsym___cmd_list_mempool
                0x0000000008009858                __fsym_list_timer
                0x0000000008009864                __fsym___cmd_list_timer
                0x0000000008009870                __fsym_list_device
                0x000000000800987c                __fsym___cmd_list_device
                0x0000000008009888                __fsym_list
 FSymTab        0x0000000008009894       0x24 build/kernel/components/finsh/msh.o
                0x0000000008009894                __fsym___cmd_help
                0x00000000080098a0                __fsym___cmd_ps
                0x00000000080098ac                __fsym___cmd_free
                0x00000000080098b8                __fsymtab_end = .
                0x00000000080098b8                . = ALIGN (0x4)
                0x00000000080098b8                __vsymtab_start = .
 *(VSymTab)
                0x00000000080098b8                __vsymtab_end = .
                0x00000000080098b8                . = ALIGN (0x4)
                0x00000000080098b8                __rt_init_start = .
 *(SORT(.rti_fn*))
 .rti_fn.0      0x00000000080098b8        0x4 build/kernel/src/components.o
                0x00000000080098b8                __rt_init_rti_start
 .rti_fn.0.end  0x00000000080098bc        0x4 build/kernel/src/components.o
                0x00000000080098bc                __rt_init_rti_board_start
 .rti_fn.1      0x00000000080098c0        0x4 build/board/drv_usart.o
                0x00000000080098c0                __rt_init_gd32_hw_usart_init
 .rti_fn.1.end  0x00000000080098c4        0x4 build/kernel/src/components.o
                0x00000000080098c4                __rt_init_rti_board_end
 .rti_fn.4      0x00000000080098c8        0x4 build/kernel/components/libc/compilers/newlib/libc.o
                0x00000000080098c8                __rt_init_libc_system_init
 .rti_fn.6      0x00000000080098cc        0x4 build/kernel/components/finsh/shell.o
                0x00000000080098cc                __rt_init_finsh_system_init
 .rti_fn.6.end  0x00000000080098d0        0x4 build/kernel/src/components.o
                0x00000000080098d0                __rt_init_rti_end
                0x00000000080098d4                __rt_init_end = .
                0x00000000080098d4                . = ALIGN (0x4)
                [!provide]                        PROVIDE (__ctors_start__, .)
 *(SORT(.init_array.*))
 *(.init_array)
 .init_array    0x00000000080098d4        0x4 /opt/gcc-arm-none-eabi-6_2-2016q4/bin/../lib/gcc/arm-none-eabi/6.2.1/thumb/v7-m/crtbegin.o
                [!provide]                        PROVIDE (__ctors_end__, .)
                0x00000000080098d8                . = ALIGN (0x4)
                0x00000000080098d8                _etext = .
                0x00000000080098d8                __exidx_start = .

.vfp11_veneer   0x00000000080098d8        0x0
 .vfp11_veneer  0x00000000080098d8        0x0 linker stubs

.v4_bx          0x00000000080098d8        0x0
 .v4_bx         0x00000000080098d8        0x0 linker stubs

.init           0x00000000080098d8        0x4
 .init          0x00000000080098d8        0x4 /opt/gcc-arm-none-eabi-6_2-2016q4/bin/../lib/gcc/arm-none-eabi/6.2.1/thumb/v7-m/crti.o
                0x00000000080098d8                _init

.fini           0x00000000080098dc        0x4
 .fini          0x00000000080098dc        0x4 /opt/gcc-arm-none-eabi-6_2-2016q4/bin/../lib/gcc/arm-none-eabi/6.2.1/thumb/v7-m/crti.o
                0x00000000080098dc                _fini

.iplt           0x00000000080098e0        0x0
 .iplt          0x00000000080098e0        0x0 /opt/gcc-arm-none-eabi-6_2-2016q4/bin/../lib/gcc/arm-none-eabi/6.2.1/thumb/v7-m/crtbegin.o

.eh_frame       0x00000000080098e0        0x0
 .eh_frame      0x00000000080098e0        0x0 /opt/gcc-arm-none-eabi-6_2-2016q4/bin/../lib/gcc/arm-none-eabi/6.2.1/thumb/v7-m/crtbegin.o

.rel.dyn        0x00000000080098e0        0x0
 .rel.iplt      0x00000000080098e0        0x0 /opt/gcc-arm-none-eabi-6_2-2016q4/bin/../lib/gcc/arm-none-eabi/6.2.1/thumb/v7-m/crtbegin.o

.ARM.exidx      0x00000000080098e0        0x0
 *(.ARM.exidx* .gnu.linkonce.armexidx.*)
                0x00000000080098e0                _sidata = .
                0x00000000080098e0                __exidx_end = .

.data           0x0000000020000000       0x94 load address 0x00000000080098e0
                0x0000000020000000                . = ALIGN (0x4)
                0x0000000020000000                _sdata = .
 *(.data)
 *(.data.*)
 .data.SystemCoreClock
                0x0000000020000000        0x4 Libraries/CMSIS/GD/GD32F10x/Source/system_gd32f10x.o
                0x0000000020000000                SystemCoreClock
 .data.rt_object_container
                0x0000000020000004       0x90 build/kernel/src/object.o
 *(.gnu.linkonce.d*)
                [!provide]                        PROVIDE (__dtors_start__, .)
 *(SORT(.dtors.*))
 *(.dtors)
                [!provide]                        PROVIDE (__dtors_end__, .)
                0x0000000020000094                . = ALIGN (0x4)
                0x0000000020000094                _edata = .

.jcr            0x0000000020000094        0x0 load address 0x0000000008009974
 .jcr           0x0000000020000094        0x0 /opt/gcc-arm-none-eabi-6_2-2016q4/bin/../lib/gcc/arm-none-eabi/6.2.1/thumb/v7-m/crtbegin.o

.igot.plt       0x0000000020000094        0x0 load address 0x0000000008009974
 .igot.plt      0x0000000020000094        0x0 /opt/gcc-arm-none-eabi-6_2-2016q4/bin/../lib/gcc/arm-none-eabi/6.2.1/thumb/v7-m/crtbegin.o

.stack          0x0000000020000094      0x200 load address 0x0000000008009974
                0x0000000020000094                . = ALIGN (0x4)
                0x0000000020000094                _sstack = .
                0x0000000020000294                . = (. + _system_stack_size)
 *fill*         0x0000000020000094      0x200 
                0x0000000020000294                . = ALIGN (0x4)
                0x0000000020000294                _estack = .
                0x0000000020000294                __bss_start = .

.bss            0x0000000020000294      0x7a0 load address 0x0000000008009b74
                0x0000000020000294                . = ALIGN (0x4)
                0x0000000020000294                _sbss = .
 *(.bss)
 .bss           0x0000000020000294       0x1c /opt/gcc-arm-none-eabi-6_2-2016q4/bin/../lib/gcc/arm-none-eabi/6.2.1/thumb/v7-m/crtbegin.o
 *(.bss.*)
 .bss.thread1.8086
                0x00000000200002b0       0x80 build/applications/main.o
 .bss.stack.8087
                0x0000000020000330      0x200 build/applications/main.o
 .bss.rt_tick   0x0000000020000530        0x4 build/kernel/src/clock.o
 .bss.idle      0x0000000020000534       0x80 build/kernel/src/idle.o
 .bss.rt_thread_stack
                0x00000000200005b4      0x100 build/kernel/src/idle.o
 .bss.idle_hook_list
                0x00000000200006b4       0x10 build/kernel/src/idle.o
 .bss.rt_interrupt_enter_hook
                0x00000000200006c4        0x4 build/kernel/src/irq.o
 .bss.rt_interrupt_leave_hook
                0x00000000200006c8        0x4 build/kernel/src/irq.o
 .bss.__rt_errno
                0x00000000200006cc        0x4 build/kernel/src/kservice.o
 .bss._console_device
                0x00000000200006d0        0x4 build/kernel/src/kservice.o
 .bss.rt_log_buf.5898
                0x00000000200006d4       0x80 build/kernel/src/kservice.o
 .bss.rt_malloc_hook
                0x0000000020000754        0x4 build/kernel/src/mem.o
 .bss.rt_free_hook
                0x0000000020000758        0x4 build/kernel/src/mem.o
 .bss.heap_ptr  0x000000002000075c        0x4 build/kernel/src/mem.o
 .bss.heap_end  0x0000000020000760        0x4 build/kernel/src/mem.o
 .bss.lfree     0x0000000020000764        0x4 build/kernel/src/mem.o
 .bss.heap_sem  0x0000000020000768       0x20 build/kernel/src/mem.o
 .bss.mem_size_aligned
                0x0000000020000788        0x4 build/kernel/src/mem.o
 .bss.used_mem  0x000000002000078c        0x4 build/kernel/src/mem.o
 .bss.max_mem   0x0000000020000790        0x4 build/kernel/src/mem.o
 .bss.rt_object_attach_hook
                0x0000000020000794        0x4 build/kernel/src/object.o
 .bss.rt_object_detach_hook
                0x0000000020000798        0x4 build/kernel/src/object.o
 .bss.rt_scheduler_lock_nest
                0x000000002000079c        0x2 build/kernel/src/scheduler.o
 *fill*         0x000000002000079e        0x2 
 .bss.rt_scheduler_hook
                0x00000000200007a0        0x4 build/kernel/src/scheduler.o
 .bss.rt_thread_suspend_hook
                0x00000000200007a4        0x4 build/kernel/src/thread.o
 .bss.rt_thread_resume_hook
                0x00000000200007a8        0x4 build/kernel/src/thread.o
 .bss.rt_thread_inited_hook
                0x00000000200007ac        0x4 build/kernel/src/thread.o
 .bss.rt_timer_list
                0x00000000200007b0        0x8 build/kernel/src/timer.o
 .bss.rt_timer_enter_hook
                0x00000000200007b8        0x4 build/kernel/src/timer.o
 .bss.rt_timer_exit_hook
                0x00000000200007bc        0x4 build/kernel/src/timer.o
 .bss.random_nr.5691
                0x00000000200007c0        0x4 build/kernel/src/timer.o
 .bss.rt_exception_hook
                0x00000000200007c4        0x4 build/kernel/libcpu/arm/cortex-m3/cpuport.o
 .bss._hw_pin   0x00000000200007c8       0x44 build/kernel/components/drivers/misc/pin.o
 .bss.already_output.6051
                0x000000002000080c        0x4 build/kernel/components/drivers/serial/serial.o
 .bss._syscall_table_begin
                0x0000000020000810        0x4 build/kernel/components/finsh/shell.o
                0x0000000020000810                _syscall_table_begin
 .bss._syscall_table_end
                0x0000000020000814        0x4 build/kernel/components/finsh/shell.o
                0x0000000020000814                _syscall_table_end
 .bss._sysvar_table_begin
                0x0000000020000818        0x4 build/kernel/components/finsh/shell.o
                0x0000000020000818                _sysvar_table_begin
 .bss._sysvar_table_end
                0x000000002000081c        0x4 build/kernel/components/finsh/shell.o
                0x000000002000081c                _sysvar_table_end
 .bss.finsh_prompt_custom
                0x0000000020000820        0x4 build/kernel/components/finsh/shell.o
 .bss.finsh_prompt.7173
                0x0000000020000824       0x81 build/kernel/components/finsh/shell.o
 *(COMMON)
 *fill*         0x00000000200008a5        0x3 
 COMMON         0x00000000200008a8       0x54 build/board/drv_usart.o
                0x00000000200008a8                serial0
 COMMON         0x00000000200008fc        0x1 build/kernel/src/irq.o
                0x00000000200008fc                rt_interrupt_nest
 *fill*         0x00000000200008fd        0x3 
 COMMON         0x0000000020000900        0x4 build/kernel/src/kservice.o
                0x0000000020000900                rt_assert_hook
 COMMON         0x0000000020000904        0xc build/kernel/src/object.o
                0x0000000020000904                rt_object_put_hook
                0x0000000020000908                rt_object_take_hook
                0x000000002000090c                rt_object_trytake_hook
 COMMON         0x0000000020000910      0x114 build/kernel/src/scheduler.o
                0x0000000020000910                rt_thread_priority_table
                0x0000000020000a10                rt_current_priority
                0x0000000020000a14                rt_current_thread
                0x0000000020000a18                rt_thread_ready_priority_group
                0x0000000020000a1c                rt_thread_defunct
 COMMON         0x0000000020000a24        0xc build/kernel/libcpu/arm/cortex-m3/cpuport.o
                0x0000000020000a24                rt_interrupt_to_thread
                0x0000000020000a28                rt_interrupt_from_thread
                0x0000000020000a2c                rt_thread_switch_interrupt_flag
 COMMON         0x0000000020000a30        0x4 build/kernel/components/finsh/shell.o
                0x0000000020000a30                shell
                0x0000000020000a34                . = ALIGN (0x4)
                0x0000000020000a34                _ebss = .
 *(.bss.init)
                0x0000000020000a34                __bss_end = .
                0x0000000020000a34                _end = .

.stab
 *(.stab)

.stabstr
 *(.stabstr)

.stab.excl
 *(.stab.excl)

.stab.exclstr
 *(.stab.exclstr)

.stab.index
 *(.stab.index)

.stab.indexstr
 *(.stab.indexstr)

.comment        0x0000000000000000       0x6e
 *(.comment)
 .comment       0x0000000000000000       0x6e build/applications/gd32f10x_it.o
                                         0x6f (size before relaxing)
 .comment       0x000000000000006e       0x6f build/applications/main.o
 .comment       0x000000000000006e       0x6f build/board/board.o
 .comment       0x000000000000006e       0x6f build/board/drv_usart.o
 .comment       0x000000000000006e       0x6f build/Libraries/GD32F10x_standard_peripheral/Source/gd32f10x_gpio.o
 .comment       0x000000000000006e       0x6f build/Libraries/GD32F10x_standard_peripheral/Source/gd32f10x_misc.o
 .comment       0x000000000000006e       0x6f build/Libraries/GD32F10x_standard_peripheral/Source/gd32f10x_rcu.o
 .comment       0x000000000000006e       0x6f build/Libraries/GD32F10x_standard_peripheral/Source/gd32f10x_usart.o
 .comment       0x000000000000006e       0x6f Libraries/CMSIS/GD/GD32F10x/Source/system_gd32f10x.o
 .comment       0x000000000000006e       0x6f build/kernel/src/clock.o
 .comment       0x000000000000006e       0x6f build/kernel/src/components.o
 .comment       0x000000000000006e       0x6f build/kernel/src/device.o
 .comment       0x000000000000006e       0x6f build/kernel/src/idle.o
 .comment       0x000000000000006e       0x6f build/kernel/src/ipc.o
 .comment       0x000000000000006e       0x6f build/kernel/src/irq.o
 .comment       0x000000000000006e       0x6f build/kernel/src/kservice.o
 .comment       0x000000000000006e       0x6f build/kernel/src/mem.o
 .comment       0x000000000000006e       0x6f build/kernel/src/object.o
 .comment       0x000000000000006e       0x6f build/kernel/src/scheduler.o
 .comment       0x000000000000006e       0x6f build/kernel/src/thread.o
 .comment       0x000000000000006e       0x6f build/kernel/src/timer.o
 .comment       0x000000000000006e       0x6f build/kernel/libcpu/arm/cortex-m3/cpuport.o
 .comment       0x000000000000006e       0x6f build/kernel/components/drivers/misc/pin.o
 .comment       0x000000000000006e       0x6f build/kernel/components/drivers/serial/serial.o
 .comment       0x000000000000006e       0x6f build/kernel/components/drivers/src/completion.o
 .comment       0x000000000000006e       0x6f build/kernel/components/finsh/shell.o
 .comment       0x000000000000006e       0x6f build/kernel/components/finsh/cmd.o
 .comment       0x000000000000006e       0x6f build/kernel/components/finsh/msh.o
 .comment       0x000000000000006e       0x6f build/kernel/components/libc/compilers/newlib/libc.o

.ARM.attributes
                0x0000000000000000       0x29
 .ARM.attributes
                0x0000000000000000       0x1d /opt/gcc-arm-none-eabi-6_2-2016q4/bin/../lib/gcc/arm-none-eabi/6.2.1/thumb/v7-m/crti.o
 .ARM.attributes
                0x000000000000001d       0x2d /opt/gcc-arm-none-eabi-6_2-2016q4/bin/../lib/gcc/arm-none-eabi/6.2.1/thumb/v7-m/crtbegin.o
 .ARM.attributes
                0x000000000000004a       0x33 build/applications/gd32f10x_it.o
 .ARM.attributes
                0x000000000000007d       0x33 build/applications/main.o
 .ARM.attributes
                0x00000000000000b0       0x33 build/board/board.o
 .ARM.attributes
                0x00000000000000e3       0x33 build/board/drv_usart.o
 .ARM.attributes
                0x0000000000000116       0x33 build/Libraries/GD32F10x_standard_peripheral/Source/gd32f10x_gpio.o
 .ARM.attributes
                0x0000000000000149       0x33 build/Libraries/GD32F10x_standard_peripheral/Source/gd32f10x_misc.o
 .ARM.attributes
                0x000000000000017c       0x33 build/Libraries/GD32F10x_standard_peripheral/Source/gd32f10x_rcu.o
 .ARM.attributes
                0x00000000000001af       0x33 build/Libraries/GD32F10x_standard_peripheral/Source/gd32f10x_usart.o
 .ARM.attributes
                0x00000000000001e2       0x33 Libraries/CMSIS/GD/GD32F10x/Source/system_gd32f10x.o
 .ARM.attributes
                0x0000000000000215       0x21 Libraries/CMSIS/GD/GD32F10x/Source/GCC/startup_gd32f10x_hd.o
 .ARM.attributes
                0x0000000000000236       0x33 build/kernel/src/clock.o
 .ARM.attributes
                0x0000000000000269       0x33 build/kernel/src/components.o
 .ARM.attributes
                0x000000000000029c       0x33 build/kernel/src/device.o
 .ARM.attributes
                0x00000000000002cf       0x33 build/kernel/src/idle.o
 .ARM.attributes
                0x0000000000000302       0x33 build/kernel/src/ipc.o
 .ARM.attributes
                0x0000000000000335       0x33 build/kernel/src/irq.o
 .ARM.attributes
                0x0000000000000368       0x33 build/kernel/src/kservice.o
 .ARM.attributes
                0x000000000000039b       0x33 build/kernel/src/mem.o
 .ARM.attributes
                0x00000000000003ce       0x33 build/kernel/src/object.o
 .ARM.attributes
                0x0000000000000401       0x33 build/kernel/src/scheduler.o
 .ARM.attributes
                0x0000000000000434       0x33 build/kernel/src/thread.o
 .ARM.attributes
                0x0000000000000467       0x33 build/kernel/src/timer.o
 .ARM.attributes
                0x000000000000049a       0x33 build/kernel/libcpu/arm/cortex-m3/cpuport.o
 .ARM.attributes
                0x00000000000004cd       0x21 build/kernel/libcpu/arm/cortex-m3/context_gcc.o
 .ARM.attributes
                0x00000000000004ee       0x33 build/kernel/components/drivers/misc/pin.o
 .ARM.attributes
                0x0000000000000521       0x33 build/kernel/components/drivers/serial/serial.o
 .ARM.attributes
                0x0000000000000554       0x33 build/kernel/components/drivers/src/completion.o
 .ARM.attributes
                0x0000000000000587       0x33 build/kernel/components/finsh/shell.o
 .ARM.attributes
                0x00000000000005ba       0x33 build/kernel/components/finsh/cmd.o
 .ARM.attributes
                0x00000000000005ed       0x33 build/kernel/components/finsh/msh.o
 .ARM.attributes
                0x0000000000000620       0x33 build/kernel/components/libc/compilers/newlib/libc.o
 .ARM.attributes
                0x0000000000000653       0x2d /opt/gcc-arm-none-eabi-6_2-2016q4/bin/../lib/gcc/arm-none-eabi/6.2.1/../../../../arm-none-eabi/lib/thumb/v7-m/libc.a(lib_a-memcmp.o)
 .ARM.attributes
                0x0000000000000680       0x1b /opt/gcc-arm-none-eabi-6_2-2016q4/bin/../lib/gcc/arm-none-eabi/6.2.1/../../../../arm-none-eabi/lib/thumb/v7-m/libc.a(lib_a-memcpy.o)
 .ARM.attributes
                0x000000000000069b       0x2d /opt/gcc-arm-none-eabi-6_2-2016q4/bin/../lib/gcc/arm-none-eabi/6.2.1/../../../../arm-none-eabi/lib/thumb/v7-m/libc.a(lib_a-memset.o)
 .ARM.attributes
                0x00000000000006c8       0x2d /opt/gcc-arm-none-eabi-6_2-2016q4/bin/../lib/gcc/arm-none-eabi/6.2.1/../../../../arm-none-eabi/lib/thumb/v7-m/libc.a(lib_a-strlen-stub.o)
 .ARM.attributes
                0x00000000000006f5       0x2d /opt/gcc-arm-none-eabi-6_2-2016q4/bin/../lib/gcc/arm-none-eabi/6.2.1/../../../../arm-none-eabi/lib/thumb/v7-m/libc.a(lib_a-strncmp.o)
 .ARM.attributes
                0x0000000000000722       0x2d /opt/gcc-arm-none-eabi-6_2-2016q4/bin/../lib/gcc/arm-none-eabi/6.2.1/../../../../arm-none-eabi/lib/thumb/v7-m/libc.a(lib_a-strncpy.o)

.debug
 *(.debug)

.line
 *(.line)

.debug_srcinfo
 *(.debug_srcinfo)

.debug_sfnames
 *(.debug_sfnames)

.debug_aranges  0x0000000000000000     0x1078
 *(.debug_aranges)
 .debug_aranges
                0x0000000000000000       0x48 build/applications/gd32f10x_it.o
 .debug_aranges
                0x0000000000000048       0x30 build/applications/main.o
 .debug_aranges
                0x0000000000000078       0x48 build/board/board.o
 .debug_aranges
                0x00000000000000c0       0x70 build/board/drv_usart.o
 .debug_aranges
                0x0000000000000130       0xa0 build/Libraries/GD32F10x_standard_peripheral/Source/gd32f10x_gpio.o
 .debug_aranges
                0x00000000000001d0       0x50 build/Libraries/GD32F10x_standard_peripheral/Source/gd32f10x_misc.o
 .debug_aranges
                0x0000000000000220      0x138 build/Libraries/GD32F10x_standard_peripheral/Source/gd32f10x_rcu.o
 .debug_aranges
                0x0000000000000358      0x170 build/Libraries/GD32F10x_standard_peripheral/Source/gd32f10x_usart.o
 .debug_aranges
                0x00000000000004c8       0x38 Libraries/CMSIS/GD/GD32F10x/Source/system_gd32f10x.o
 .debug_aranges
                0x0000000000000500       0x28 Libraries/CMSIS/GD/GD32F10x/Source/GCC/startup_gd32f10x_hd.o
 .debug_aranges
                0x0000000000000528       0x40 build/kernel/src/clock.o
 .debug_aranges
                0x0000000000000568       0x68 build/kernel/src/components.o
 .debug_aranges
                0x00000000000005d0       0x88 build/kernel/src/device.o
 .debug_aranges
                0x0000000000000658       0x58 build/kernel/src/idle.o
 .debug_aranges
                0x00000000000006b0      0x188 build/kernel/src/ipc.o
 .debug_aranges
                0x0000000000000838       0x40 build/kernel/src/irq.o
 .debug_aranges
                0x0000000000000878      0x118 build/kernel/src/kservice.o
 .debug_aranges
                0x0000000000000990       0x68 build/kernel/src/mem.o
 .debug_aranges
                0x00000000000009f8       0x98 build/kernel/src/object.o
 .debug_aranges
                0x0000000000000a90       0x88 build/kernel/src/scheduler.o
 .debug_aranges
                0x0000000000000b18       0xe0 build/kernel/src/thread.o
 .debug_aranges
                0x0000000000000bf8       0xb8 build/kernel/src/timer.o
 .debug_aranges
                0x0000000000000cb0       0x68 build/kernel/libcpu/arm/cortex-m3/cpuport.o
 .debug_aranges
                0x0000000000000d18       0x20 build/kernel/libcpu/arm/cortex-m3/context_gcc.o
 .debug_aranges
                0x0000000000000d38       0x68 build/kernel/components/drivers/misc/pin.o
 .debug_aranges
                0x0000000000000da0       0x80 build/kernel/components/drivers/serial/serial.o
 .debug_aranges
                0x0000000000000e20       0x48 build/kernel/components/drivers/src/completion.o
 .debug_aranges
                0x0000000000000e68       0xa0 build/kernel/components/finsh/shell.o
 .debug_aranges
                0x0000000000000f08       0xe8 build/kernel/components/finsh/cmd.o
 .debug_aranges
                0x0000000000000ff0       0x68 build/kernel/components/finsh/msh.o
 .debug_aranges
                0x0000000000001058       0x20 build/kernel/components/libc/compilers/newlib/libc.o

.debug_pubnames
 *(.debug_pubnames)

.debug_info     0x0000000000000000    0x1ec15
 *(.debug_info .gnu.linkonce.wi.*)
 .debug_info    0x0000000000000000      0x147 build/applications/gd32f10x_it.o
 .debug_info    0x0000000000000147      0xfd2 build/applications/main.o
 .debug_info    0x0000000000001119      0xda4 build/board/board.o
 .debug_info    0x0000000000001ebd     0x1b7b build/board/drv_usart.o
 .debug_info    0x0000000000003a38      0x646 build/Libraries/GD32F10x_standard_peripheral/Source/gd32f10x_gpio.o
 .debug_info    0x000000000000407e      0x5ad build/Libraries/GD32F10x_standard_peripheral/Source/gd32f10x_misc.o
 .debug_info    0x000000000000462b      0xcca build/Libraries/GD32F10x_standard_peripheral/Source/gd32f10x_rcu.o
 .debug_info    0x00000000000052f5      0xbfb build/Libraries/GD32F10x_standard_peripheral/Source/gd32f10x_usart.o
 .debug_info    0x0000000000005ef0      0x1c1 Libraries/CMSIS/GD/GD32F10x/Source/system_gd32f10x.o
 .debug_info    0x00000000000060b1       0x99 Libraries/CMSIS/GD/GD32F10x/Source/GCC/startup_gd32f10x_hd.o
 .debug_info    0x000000000000614a      0xe26 build/kernel/src/clock.o
 .debug_info    0x0000000000006f70      0xf33 build/kernel/src/components.o
 .debug_info    0x0000000000007ea3     0x1322 build/kernel/src/device.o
 .debug_info    0x00000000000091c5      0xfbb build/kernel/src/idle.o
 .debug_info    0x000000000000a180     0x24d5 build/kernel/src/ipc.o
 .debug_info    0x000000000000c655      0xbb2 build/kernel/src/irq.o
 .debug_info    0x000000000000d207     0x1bef build/kernel/src/kservice.o
 .debug_info    0x000000000000edf6     0x1223 build/kernel/src/mem.o
 .debug_info    0x0000000000010019     0x115c build/kernel/src/object.o
 .debug_info    0x0000000000011175     0x1120 build/kernel/src/scheduler.o
 .debug_info    0x0000000000012295     0x1653 build/kernel/src/thread.o
 .debug_info    0x00000000000138e8     0x12a0 build/kernel/src/timer.o
 .debug_info    0x0000000000014b88      0xe28 build/kernel/libcpu/arm/cortex-m3/cpuport.o
 .debug_info    0x00000000000159b0       0x9f build/kernel/libcpu/arm/cortex-m3/context_gcc.o
 .debug_info    0x0000000000015a4f     0x1595 build/kernel/components/drivers/misc/pin.o
 .debug_info    0x0000000000016fe4     0x171a build/kernel/components/drivers/serial/serial.o
 .debug_info    0x00000000000186fe      0xf68 build/kernel/components/drivers/src/completion.o
 .debug_info    0x0000000000019666     0x17b4 build/kernel/components/finsh/shell.o
 .debug_info    0x000000000001ae1a     0x225d build/kernel/components/finsh/cmd.o
 .debug_info    0x000000000001d077     0x10c1 build/kernel/components/finsh/msh.o
 .debug_info    0x000000000001e138      0xadd build/kernel/components/libc/compilers/newlib/libc.o

.debug_abbrev   0x0000000000000000     0x469d
 *(.debug_abbrev)
 .debug_abbrev  0x0000000000000000       0x7a build/applications/gd32f10x_it.o
 .debug_abbrev  0x000000000000007a      0x25f build/applications/main.o
 .debug_abbrev  0x00000000000002d9      0x238 build/board/board.o
 .debug_abbrev  0x0000000000000511      0x394 build/board/drv_usart.o
 .debug_abbrev  0x00000000000008a5      0x1a9 build/Libraries/GD32F10x_standard_peripheral/Source/gd32f10x_gpio.o
 .debug_abbrev  0x0000000000000a4e      0x133 build/Libraries/GD32F10x_standard_peripheral/Source/gd32f10x_misc.o
 .debug_abbrev  0x0000000000000b81      0x1b5 build/Libraries/GD32F10x_standard_peripheral/Source/gd32f10x_rcu.o
 .debug_abbrev  0x0000000000000d36      0x193 build/Libraries/GD32F10x_standard_peripheral/Source/gd32f10x_usart.o
 .debug_abbrev  0x0000000000000ec9       0xed Libraries/CMSIS/GD/GD32F10x/Source/system_gd32f10x.o
 .debug_abbrev  0x0000000000000fb6       0x12 Libraries/CMSIS/GD/GD32F10x/Source/GCC/startup_gd32f10x_hd.o
 .debug_abbrev  0x0000000000000fc8      0x225 build/kernel/src/clock.o
 .debug_abbrev  0x00000000000011ed      0x23a build/kernel/src/components.o
 .debug_abbrev  0x0000000000001427      0x28d build/kernel/src/device.o
 .debug_abbrev  0x00000000000016b4      0x29b build/kernel/src/idle.o
 .debug_abbrev  0x000000000000194f      0x2e4 build/kernel/src/ipc.o
 .debug_abbrev  0x0000000000001c33      0x22e build/kernel/src/irq.o
 .debug_abbrev  0x0000000000001e61      0x3a1 build/kernel/src/kservice.o
 .debug_abbrev  0x0000000000002202      0x2dd build/kernel/src/mem.o
 .debug_abbrev  0x00000000000024df      0x2f9 build/kernel/src/object.o
 .debug_abbrev  0x00000000000027d8      0x2e4 build/kernel/src/scheduler.o
 .debug_abbrev  0x0000000000002abc      0x2f9 build/kernel/src/thread.o
 .debug_abbrev  0x0000000000002db5      0x368 build/kernel/src/timer.o
 .debug_abbrev  0x000000000000311d      0x29c build/kernel/libcpu/arm/cortex-m3/cpuport.o